Archive member included to satisfy reference by file (symbol)

c:/progra~3/matlab/suppor~1/r2022b/3p778c~1.ins/gnuarm~1.ins/win/bin/../lib/gcc/arm-none-eabi/9.3.1/../../../../arm-none-eabi/lib/thumb/v7e-m+fp/hard\libm.a(lib_a-w_fmod.o)
                              xcp_ext_common.o (fmod)
c:/progra~3/matlab/suppor~1/r2022b/3p778c~1.ins/gnuarm~1.ins/win/bin/../lib/gcc/arm-none-eabi/9.3.1/../../../../arm-none-eabi/lib/thumb/v7e-m+fp/hard\libm.a(lib_a-e_fmod.o)
                              c:/progra~3/matlab/suppor~1/r2022b/3p778c~1.ins/gnuarm~1.ins/win/bin/../lib/gcc/arm-none-eabi/9.3.1/../../../../arm-none-eabi/lib/thumb/v7e-m+fp/hard\libm.a(lib_a-w_fmod.o) (__ieee754_fmod)
c:/progra~3/matlab/suppor~1/r2022b/3p778c~1.ins/gnuarm~1.ins/win/bin/../lib/gcc/arm-none-eabi/9.3.1/../../../../arm-none-eabi/lib/thumb/v7e-m+fp/hard\libm.a(lib_a-s_lib_ver.o)
                              c:/progra~3/matlab/suppor~1/r2022b/3p778c~1.ins/gnuarm~1.ins/win/bin/../lib/gcc/arm-none-eabi/9.3.1/../../../../arm-none-eabi/lib/thumb/v7e-m+fp/hard\libm.a(lib_a-w_fmod.o) (__fdlib_version)
c:/progra~3/matlab/suppor~1/r2022b/3p778c~1.ins/gnuarm~1.ins/win/bin/../lib/gcc/arm-none-eabi/9.3.1/thumb/v7e-m+fp/hard\libgcc.a(_arm_muldf3.o)
                              MBD_Status_Transit.o (__aeabi_dmul)
c:/progra~3/matlab/suppor~1/r2022b/3p778c~1.ins/gnuarm~1.ins/win/bin/../lib/gcc/arm-none-eabi/9.3.1/thumb/v7e-m+fp/hard\libgcc.a(_arm_addsubdf3.o)
                              xcp_ext_common.o (__aeabi_dsub)
c:/progra~3/matlab/suppor~1/r2022b/3p778c~1.ins/gnuarm~1.ins/win/bin/../lib/gcc/arm-none-eabi/9.3.1/thumb/v7e-m+fp/hard\libgcc.a(_arm_muldivdf3.o)
                              xcp_ext_common.o (__aeabi_ddiv)
c:/progra~3/matlab/suppor~1/r2022b/3p778c~1.ins/gnuarm~1.ins/win/bin/../lib/gcc/arm-none-eabi/9.3.1/thumb/v7e-m+fp/hard\libgcc.a(_arm_cmpdf2.o)
                              xcp_ext_mode.o (__aeabi_dcmpeq)
c:/progra~3/matlab/suppor~1/r2022b/3p778c~1.ins/gnuarm~1.ins/win/bin/../lib/gcc/arm-none-eabi/9.3.1/thumb/v7e-m+fp/hard\libgcc.a(_arm_unorddf2.o)
                              c:/progra~3/matlab/suppor~1/r2022b/3p778c~1.ins/gnuarm~1.ins/win/bin/../lib/gcc/arm-none-eabi/9.3.1/../../../../arm-none-eabi/lib/thumb/v7e-m+fp/hard\libm.a(lib_a-w_fmod.o) (__aeabi_dcmpun)
c:/progra~3/matlab/suppor~1/r2022b/3p778c~1.ins/gnuarm~1.ins/win/bin/../lib/gcc/arm-none-eabi/9.3.1/thumb/v7e-m+fp/hard\libgcc.a(_arm_fixunsdfsi.o)
                              xcp_ext_common.o (__aeabi_d2uiz)
c:/progra~3/matlab/suppor~1/r2022b/3p778c~1.ins/gnuarm~1.ins/win/bin/../lib/gcc/arm-none-eabi/9.3.1/thumb/v7e-m+fp/hard\libgcc.a(_aeabi_uldivmod.o)
                              stm32f4xx_hal_rcc.o (__aeabi_uldivmod)
c:/progra~3/matlab/suppor~1/r2022b/3p778c~1.ins/gnuarm~1.ins/win/bin/../lib/gcc/arm-none-eabi/9.3.1/thumb/v7e-m+fp/hard\libgcc.a(_udivmoddi4.o)
                              c:/progra~3/matlab/suppor~1/r2022b/3p778c~1.ins/gnuarm~1.ins/win/bin/../lib/gcc/arm-none-eabi/9.3.1/thumb/v7e-m+fp/hard\libgcc.a(_aeabi_uldivmod.o) (__udivmoddi4)
c:/progra~3/matlab/suppor~1/r2022b/3p778c~1.ins/gnuarm~1.ins/win/bin/../lib/gcc/arm-none-eabi/9.3.1/thumb/v7e-m+fp/hard\libgcc.a(_dvmd_tls.o)
                              c:/progra~3/matlab/suppor~1/r2022b/3p778c~1.ins/gnuarm~1.ins/win/bin/../lib/gcc/arm-none-eabi/9.3.1/thumb/v7e-m+fp/hard\libgcc.a(_aeabi_uldivmod.o) (__aeabi_ldiv0)
c:/progra~3/matlab/suppor~1/r2022b/3p778c~1.ins/gnuarm~1.ins/win/bin/../lib/gcc/arm-none-eabi/9.3.1/../../../../arm-none-eabi/lib/thumb/v7e-m+fp/hard\libg_nano.a(lib_a-errno.o)
                              syscalls.o (__errno)
c:/progra~3/matlab/suppor~1/r2022b/3p778c~1.ins/gnuarm~1.ins/win/bin/../lib/gcc/arm-none-eabi/9.3.1/../../../../arm-none-eabi/lib/thumb/v7e-m+fp/hard\libg_nano.a(lib_a-exit.o)
                              c:/progra~3/matlab/suppor~1/r2022b/3p778c~1.ins/gnuarm~1.ins/win/bin/../lib/gcc/arm-none-eabi/9.3.1/../../../../arm-none-eabi/lib/thumb/v7e-m+fp/hard/crt0.o (exit)
c:/progra~3/matlab/suppor~1/r2022b/3p778c~1.ins/gnuarm~1.ins/win/bin/../lib/gcc/arm-none-eabi/9.3.1/../../../../arm-none-eabi/lib/thumb/v7e-m+fp/hard\libg_nano.a(lib_a-impure.o)
                              c:/progra~3/matlab/suppor~1/r2022b/3p778c~1.ins/gnuarm~1.ins/win/bin/../lib/gcc/arm-none-eabi/9.3.1/../../../../arm-none-eabi/lib/thumb/v7e-m+fp/hard\libg_nano.a(lib_a-exit.o) (_global_impure_ptr)
c:/progra~3/matlab/suppor~1/r2022b/3p778c~1.ins/gnuarm~1.ins/win/bin/../lib/gcc/arm-none-eabi/9.3.1/../../../../arm-none-eabi/lib/thumb/v7e-m+fp/hard\libg_nano.a(lib_a-init.o)
                              c:/progra~3/matlab/suppor~1/r2022b/3p778c~1.ins/gnuarm~1.ins/win/bin/../lib/gcc/arm-none-eabi/9.3.1/../../../../arm-none-eabi/lib/thumb/v7e-m+fp/hard/crt0.o (__libc_init_array)
c:/progra~3/matlab/suppor~1/r2022b/3p778c~1.ins/gnuarm~1.ins/win/bin/../lib/gcc/arm-none-eabi/9.3.1/../../../../arm-none-eabi/lib/thumb/v7e-m+fp/hard\libg_nano.a(lib_a-memcpy-stub.o)
[...]
Memory Configuration

Name             Origin             Length             Attributes
CCMRAM           0x10000000         0x00010000         xrw
RAM              0x20000000         0x00020000         xrw
FLASH            0x08000000         0x00080000         xr
*default*        0x00000000         0xffffffff

Linker script and memory map

LOAD c:/progra~3/matlab/suppor~1/r2022b/3p778c~1.ins/gnuarm~1.ins/win/bin/../lib/gcc/arm-none-eabi/9.3.1/thumb/v7e-m+fp/hard/crti.o
LOAD c:/progra~3/matlab/suppor~1/r2022b/3p778c~1.ins/gnuarm~1.ins/win/bin/../lib/gcc/arm-none-eabi/9.3.1/thumb/v7e-m+fp/hard/crtbegin.o
LOAD c:/progra~3/matlab/suppor~1/r2022b/3p778c~1.ins/gnuarm~1.ins/win/bin/../lib/gcc/arm-none-eabi/9.3.1/../../../../arm-none-eabi/lib/thumb/v7e-m+fp/hard/crt0.o
LOAD stm_adc_ll.o
LOAD xcp_ext_mode.o
LOAD MBD_Status_Transit.o
LOAD MBD_Status_Transit_data.o
LOAD ert_main.o
LOAD xcp_ext_common.o
LOAD xcp_ext_classic_trigger.o
LOAD xcp.o
LOAD xcp_standard.o
LOAD xcp_daq.o
LOAD xcp_calibration.o
LOAD xcp_fifo.o
LOAD xcp_transport.o
LOAD xcp_mem_default.o
LOAD xcp_drv_rtiostream.o
LOAD xcp_utils.o
LOAD xcp_frame_serial.o
LOAD xcp_ext_param_default_serial.o
LOAD overrideHALDelay.o
LOAD platform_timer.o
LOAD SysTickScheduler.o
LOAD m3m4m4f_multitasking.o
LOAD rtiostream_serial.o
LOAD stm_usart.o
LOAD sys_arch.o
LOAD main.o
LOAD gpio.o
LOAD adc.o
LOAD dma.o
LOAD tim.o
LOAD usart.o
LOAD stm32f4xx_it.o
LOAD stm32f4xx_hal_msp.o
LOAD stm32f4xx_hal_timebase_tim.o
LOAD stm32f4xx_ll_gpio.o
LOAD stm32f4xx_ll_adc.o
LOAD stm32f4xx_ll_dma.o
LOAD stm32f4xx_ll_rcc.o
LOAD stm32f4xx_ll_utils.o
LOAD stm32f4xx_ll_exti.o
LOAD stm32f4xx_hal_rcc.o
LOAD stm32f4xx_hal_rcc_ex.o
LOAD stm32f4xx_hal_flash.o
LOAD stm32f4xx_hal_flash_ex.o
LOAD stm32f4xx_hal_flash_ramfunc.o
LOAD stm32f4xx_hal_gpio.o
LOAD stm32f4xx_hal_dma_ex.o
LOAD stm32f4xx_hal_dma.o
LOAD stm32f4xx_hal_pwr.o
LOAD stm32f4xx_hal_pwr_ex.o
LOAD stm32f4xx_hal_cortex.o
LOAD stm32f4xx_hal.o
LOAD stm32f4xx_hal_exti.o
LOAD stm32f4xx_hal_tim.o
LOAD stm32f4xx_hal_tim_ex.o
LOAD stm32f4xx_ll_tim.o
LOAD stm32f4xx_ll_usart.o
LOAD system_stm32f4xx.o
LOAD syscalls.o
LOAD sysmem.o
LOAD startup_stm32f407vetx.o
LOAD C:/ProgramData/MATLAB/SupportPackages/R2022b/3P.instrset/cmsis.instrset/CMSIS/DSP/Lib/GCC/libarm_cortexM4lf_math.a
LOAD c:/progra~3/matlab/suppor~1/r2022b/3p778c~1.ins/gnuarm~1.ins/win/bin/../lib/gcc/arm-none-eabi/9.3.1/../../../../arm-none-eabi/lib/thumb/v7e-m+fp/hard\libstdc++_nano.a
LOAD c:/progra~3/matlab/suppor~1/r2022b/3p778c~1.ins/gnuarm~1.ins/win/bin/../lib/gcc/arm-none-eabi/9.3.1/../../../../arm-none-eabi/lib/thumb/v7e-m+fp/hard\libm.a
START GROUP
LOAD c:/progra~3/matlab/suppor~1/r2022b/3p778c~1.ins/gnuarm~1.ins/win/bin/../lib/gcc/arm-none-eabi/9.3.1/thumb/v7e-m+fp/hard\libgcc.a
LOAD c:/progra~3/matlab/suppor~1/r2022b/3p778c~1.ins/gnuarm~1.ins/win/bin/../lib/gcc/arm-none-eabi/9.3.1/../../../../arm-none-eabi/lib/thumb/v7e-m+fp/hard\libg_nano.a
LOAD c:/progra~3/matlab/suppor~1/r2022b/3p778c~1.ins/gnuarm~1.ins/win/bin/../lib/gcc/arm-none-eabi/9.3.1/../../../../arm-none-eabi/lib/thumb/v7e-m+fp/hard\libc_nano.a
END GROUP
START GROUP
LOAD c:/progra~3/matlab/suppor~1/r2022b/3p778c~1.ins/gnuarm~1.ins/win/bin/../lib/gcc/arm-none-eabi/9.3.1/thumb/v7e-m+fp/hard\libgcc.a
LOAD c:/progra~3/matlab/suppor~1/r2022b/3p778c~1.ins/gnuarm~1.ins/win/bin/../lib/gcc/arm-none-eabi/9.3.1/../../../../arm-none-eabi/lib/thumb/v7e-m+fp/hard\libc_nano.a
LOAD c:/progra~3/matlab/suppor~1/r2022b/3p778c~1.ins/gnuarm~1.ins/win/bin/../lib/gcc/arm-none-eabi/9.3.1/../../../../arm-none-eabi/lib/thumb/v7e-m+fp/hard\libnosys.a
END GROUP
START GROUP
LOAD c:/progra~3/matlab/suppor~1/r2022b/3p778c~1.ins/gnuarm~1.ins/win/bin/../lib/gcc/arm-none-eabi/9.3.1/thumb/v7e-m+fp/hard\libgcc.a
LOAD c:/progra~3/matlab/suppor~1/r2022b/3p778c~1.ins/gnuarm~1.ins/win/bin/../lib/gcc/arm-none-eabi/9.3.1/../../../../arm-none-eabi/lib/thumb/v7e-m+fp/hard\libc_nano.a
LOAD c:/progra~3/matlab/suppor~1/r2022b/3p778c~1.ins/gnuarm~1.ins/win/bin/../lib/gcc/arm-none-eabi/9.3.1/../../../../arm-none-eabi/lib/thumb/v7e-m+fp/hard\libnosys.a
END GROUP
LOAD c:/progra~3/matlab/suppor~1/r2022b/3p778c~1.ins/gnuarm~1.ins/win/bin/../lib/gcc/arm-none-eabi/9.3.1/thumb/v7e-m+fp/hard/crtend.o
LOAD c:/progra~3/matlab/suppor~1/r2022b/3p778c~1.ins/gnuarm~1.ins/win/bin/../lib/gcc/arm-none-eabi/9.3.1/thumb/v7e-m+fp/hard/crtn.o
                0x20020000                _estack = (ORIGIN (RAM) + LENGTH (RAM))
                0x00000200                _Min_Heap_Size = 0x200
                0x00000400                _Min_Stack_Size = 0x400

.isr_vector     0x08000000      0x188
                0x08000000                . = ALIGN (0x4)
 *(.isr_vector)
 .isr_vector    0x08000000      0x188 startup_stm32f407vetx.o
                0x08000000                g_pfnVectors
                0x08000188                . = ALIGN (0x4)

.text           0x08000188     0xce84
                0x08000188                . = ALIGN (0x4)
 *(.text)
 .text          0x08000188       0x40 c:/progra~3/matlab/suppor~1/r2022b/3p778c~1.ins/gnuarm~1.ins/win/bin/../lib/gcc/arm-none-eabi/9.3.1/thumb/v7e-m+fp/hard/crtbegin.o
 .text          0x080001c8      0x378 c:/progra~3/matlab/suppor~1/r2022b/3p778c~1.ins/gnuarm~1.ins/win/bin/../lib/gcc/arm-none-eabi/9.3.1/thumb/v7e-m+fp/hard\libgcc.a(_arm_addsubdf3.o)
                0x080001c8                __aeabi_drsub
                0x080001d0                __aeabi_dsub
                0x080001d0                __subdf3
                0x080001d4                __aeabi_dadd
                0x080001d4                __adddf3
                0x0800044c                __floatunsidf
                0x0800044c                __aeabi_ui2d
                0x0800046c                __floatsidf
                0x0800046c                __aeabi_i2d
                0x08000490                __aeabi_f2d
                0x08000490                __extendsfdf2
                0x080004d4                __floatundidf
                0x080004d4                __aeabi_ul2d
                0x080004e4                __floatdidf
                0x080004e4                __aeabi_l2d
 .text          0x08000540      0x424 c:/progra~3/matlab/suppor~1/r2022b/3p778c~1.ins/gnuarm~1.ins/win/bin/../lib/gcc/arm-none-eabi/9.3.1/thumb/v7e-m+fp/hard\libgcc.a(_arm_muldivdf3.o)
                0x08000540                __aeabi_dmul
                0x08000540                __muldf3
                0x08000794                __divdf3
                0x08000794                __aeabi_ddiv
 .text          0x08000964      0x110 c:/progra~3/matlab/suppor~1/r2022b/3p778c~1.ins/gnuarm~1.ins/win/bin/../lib/gcc/arm-none-eabi/9.3.1/thumb/v7e-m+fp/hard\libgcc.a(_arm_cmpdf2.o)
                0x08000964                __gtdf2
                0x08000964                __gedf2
                0x0800096c                __ltdf2
                0x0800096c                __ledf2
                0x08000974                __nedf2
                0x08000974                __eqdf2
                0x08000974                __cmpdf2
                0x080009f0                __aeabi_cdrcmple
                0x08000a00                __aeabi_cdcmpeq
                0x08000a00                __aeabi_cdcmple
                0x08000a10                __aeabi_dcmpeq
                0x08000a24                __aeabi_dcmplt
                0x08000a38                __aeabi_dcmple
                0x08000a4c                __aeabi_dcmpge
                0x08000a60                __aeabi_dcmpgt
 .text          0x08000a74       0x2c c:/progra~3/matlab/suppor~1/r2022b/3p778c~1.ins/gnuarm~1.ins/win/bin/../lib/gcc/arm-none-eabi/9.3.1/thumb/v7e-m+fp/hard\libgcc.a(_arm_unorddf2.o)
                0x08000a74                __unorddf2
                0x08000a74                __aeabi_dcmpun
 .text          0x08000aa0       0x40 c:/progra~3/matlab/suppor~1/r2022b/3p778c~1.ins/gnuarm~1.ins/win/bin/../lib/gcc/arm-none-eabi/9.3.1/thumb/v7e-m+fp/hard\libgcc.a(_arm_fixunsdfsi.o)
                0x08000aa0                __aeabi_d2uiz
                0x08000aa0                __fixunsdfsi
 .text          0x08000ae0       0x30 c:/progra~3/matlab/suppor~1/r2022b/3p778c~1.ins/gnuarm~1.ins/win/bin/../lib/gcc/arm-none-eabi/9.3.1/thumb/v7e-m+fp/hard\libgcc.a(_aeabi_uldivmod.o)
                0x08000ae0                __aeabi_uldivmod
 .text          0x08000b10      0x2c4 c:/progra~3/matlab/suppor~1/r2022b/3p778c~1.ins/gnuarm~1.ins/win/bin/../lib/gcc/arm-none-eabi/9.3.1/thumb/v7e-m+fp/hard\libgcc.a(_udivmoddi4.o)
                0x08000b10                __udivmoddi4
 .text          0x08000dd4        0x4 c:/progra~3/matlab/suppor~1/r2022b/3p778c~1.ins/gnuarm~1.ins/win/bin/../lib/gcc/arm-none-eabi/9.3.1/thumb/v7e-m+fp/hard\libgcc.a(_dvmd_tls.o)
                0x08000dd4                __aeabi_idiv0
                0x08000dd4                __aeabi_ldiv0
 *(.text*)
 .text.LL_ADC_DMA_GetRegAddr
                0x08000dd8       0x34 stm_adc_ll.o
 .text.LL_ADC_REG_IsTriggerSourceSWStart
                0x08000e0c       0x26 stm_adc_ll.o
 .text.LL_ADC_REG_SetSequencerLength
                0x08000e32       0x26 stm_adc_ll.o
 .text.LL_ADC_REG_SetDMATransfer
                0x08000e58       0x26 stm_adc_ll.o
 .text.LL_ADC_Enable
                0x08000e7e       0x20 stm_adc_ll.o
 .text.LL_ADC_Disable
                0x08000e9e       0x20 stm_adc_ll.o
 .text.LL_ADC_IsEnabled
                0x08000ebe       0x26 stm_adc_ll.o
 .text.LL_ADC_REG_StartConversionSWStart
                0x08000ee4       0x20 stm_adc_ll.o
 .text.LL_ADC_IsActiveFlag_EOCS
                0x08000f04       0x26 stm_adc_ll.o
 .text.LL_ADC_IsActiveFlag_OVR
                0x08000f2a       0x26 stm_adc_ll.o
 .text.LL_ADC_ClearFlag_OVR
                0x08000f50       0x1c stm_adc_ll.o
 .text.LL_ADC_EnableIT_EOCS
                0x08000f6c       0x20 stm_adc_ll.o
 .text.LL_ADC_EnableIT_JEOS
                0x08000f8c       0x20 stm_adc_ll.o
 .text.LL_ADC_DisableIT_EOCS
                0x08000fac       0x20 stm_adc_ll.o
 .text.LL_ADC_DisableIT_OVR
                0x08000fcc       0x20 stm_adc_ll.o
 .text.LL_ADC_DisableIT_JEOS
                0x08000fec       0x20 stm_adc_ll.o
 .text.LL_ADC_DisableIT_AWD1
                0x0800100c       0x20 stm_adc_ll.o
 .text.LL_ADC_IsEnabledIT_OVR
                0x0800102c       0x28 stm_adc_ll.o
 .text.LL_ADC_IsEnabledIT_AWD1
                0x08001054       0x26 stm_adc_ll.o
 *fill*         0x0800107a        0x2 
 .text.LL_DMA_EnableStream
                0x0800107c       0x40 stm_adc_ll.o
 .text.LL_DMA_DisableStream
                0x080010bc       0x40 stm_adc_ll.o
 .text.LL_DMA_GetMode
                0x080010fc       0x30 stm_adc_ll.o
 .text.LL_DMA_SetDataLength
                0x0800112c       0x48 stm_adc_ll.o
 .text.LL_DMA_GetCurrentTargetMem
                0x08001174       0x30 stm_adc_ll.o
 .text.LL_DMA_EnableDoubleBufferMode
                0x080011a4       0x40 stm_adc_ll.o
 .text.LL_DMA_SetMemoryAddress
                0x080011e4       0x30 stm_adc_ll.o
 .text.LL_DMA_SetPeriphAddress
                0x08001214       0x30 stm_adc_ll.o
 .text.LL_DMA_SetMemory1Address
                0x08001244       0x40 stm_adc_ll.o
 .text.LL_DMA_IsActiveFlag_HT0
                0x08001284       0x26 stm_adc_ll.o
 .text.LL_DMA_IsActiveFlag_TC0
                0x080012aa       0x26 stm_adc_ll.o
 .text.LL_DMA_ClearFlag_HT0
                0x080012d0       0x1a stm_adc_ll.o
 .text.LL_DMA_ClearFlag_TC0
                0x080012ea       0x1a stm_adc_ll.o
 .text.LL_DMA_EnableIT_TE
                0x08001304       0x40 stm_adc_ll.o
 .text.LL_DMA_EnableIT_TC
                0x08001344       0x40 stm_adc_ll.o
 .text.LL_DMA_DisableIT_TE
                0x08001384       0x40 stm_adc_ll.o
 .text.LL_DMA_DisableIT_TC
                0x080013c4       0x40 stm_adc_ll.o
 .text.LL_DMA_IsEnabledIT_TC
                0x08001404       0x38 stm_adc_ll.o
 .text.regularADCTrigger
                0x0800143c       0x86 stm_adc_ll.o
 .text.configure_ADCs_DMA
                0x080014c2       0x72 stm_adc_ll.o
 .text.deconfigure_ADCs_DMA
                0x08001534       0x36 stm_adc_ll.o
 .text.copyADCChannelsFromDMABuffer
                0x0800156a       0x56 stm_adc_ll.o
 .text.ADC_IsEnabledDMAITHalfTransferComplete
                0x080015c0       0x1a stm_adc_ll.o
                0x080015c0                ADC_IsEnabledDMAITHalfTransferComplete
 .text.ADC_IsEnabledDMAITTransferComplete
                0x080015da       0xa2 stm_adc_ll.o
                0x080015da                ADC_IsEnabledDMAITTransferComplete
 .text.DMA2_Stream0_IRQHandler
                0x0800167c       0x30 stm_adc_ll.o
                0x0800167c                DMA2_Stream0_IRQHandler
 .text.ADC_IsActiveFlagOVR
                0x080016ac       0x42 stm_adc_ll.o
                0x080016ac                ADC_IsActiveFlagOVR
 .text.ADC_IRQHandler
                0x080016ee        0xe stm_adc_ll.o
                0x080016ee                ADC_IRQHandler
 .text.startADCConversionForExternalTrigger
                0x080016fc       0x18 stm_adc_ll.o
                0x080016fc                startADCConversionForExternalTrigger
 .text.ADC_Handle_Init
                0x08001714      0x120 stm_adc_ll.o
                0x08001714                ADC_Handle_Init
 .text.enableADC
                0x08001834       0x2a stm_adc_ll.o
                0x08001834                enableADC
 .text.regularReadADCDMA
                0x0800185e       0xb2 stm_adc_ll.o
                0x0800185e                regularReadADCDMA
 .text.ADC_Handle_Deinit
                0x08001910       0xee stm_adc_ll.o
                0x08001910                ADC_Handle_Deinit
 .text.extmodeParseArgs
                0x080019fe       0x1e xcp_ext_mode.o
                0x080019fe                extmodeParseArgs
 .text.extmodeInit
                0x08001a1c      0x128 xcp_ext_mode.o
                0x08001a1c                extmodeInit
 .text.extmodeWaitForHostRequest
                0x08001b44       0xcc xcp_ext_mode.o
                0x08001b44                extmodeWaitForHostRequest
 .text.extmodeEvent
                0x08001c10       0xfc xcp_ext_mode.o
                0x08001c10                extmodeEvent
 .text.extmodeBackgroundRun
                0x08001d0c       0x20 xcp_ext_mode.o
                0x08001d0c                extmodeBackgroundRun
 .text.extmodeReset
                0x08001d2c       0x40 xcp_ext_mode.o
                0x08001d2c                extmodeReset
 .text.extmodeStopRequested
                0x08001d6c       0x18 xcp_ext_mode.o
                0x08001d6c                extmodeStopRequested
 .text.extmodeSimulationComplete
                0x08001d84       0x18 xcp_ext_mode.o
                0x08001d84                extmodeSimulationComplete
 .text.MBD_Status_Tra_SystemCore_setup
                0x08001d9c       0x88 MBD_Status_Transit.o
 .text.MBD_Status_Transit_step
                0x08001e24       0xb0 MBD_Status_Transit.o
                0x08001e24                MBD_Status_Transit_step
 *fill*         0x08001ed4        0x4 
 .text.MBD_Status_Transit_initialize
                0x08001ed8       0xb0 MBD_Status_Transit.o
                0x08001ed8                MBD_Status_Transit_initialize
 .text.MBD_Status_Transit_terminate
                0x08001f88       0x44 MBD_Status_Transit.o
                0x08001f88                MBD_Status_Transit_terminate
 .text.rt_OneStep
                0x08001fcc       0x78 ert_main.o
                0x08001fcc                rt_OneStep
 .text.main     0x08002044      0x18c ert_main.o
                0x08002044                main
 .text.xcp_void_printf
                0x080021d0       0x12 xcp_ext_common.o
                0x080021d0                xcp_void_printf
 .text.xcpCopyTimeValue
                0x080021e2       0x26 xcp_ext_common.o
 .text.xcpExtModeUpdateTime
                0x08002208      0x13c xcp_ext_common.o
                0x08002208                xcpExtModeUpdateTime
 .text.xcpExtModeInit
                0x08002344       0x9c xcp_ext_common.o
                0x08002344                xcpExtModeInit
 .text.xcpExtModeRunBackground
                0x080023e0      0x13c xcp_ext_common.o
                0x080023e0                xcpExtModeRunBackground
 .text.xcpExtModeReset
                0x0800251c      0x128 xcp_ext_common.o
                0x0800251c                xcpExtModeReset
 .text.sampleSignalTrigger
                0x08002644      0x1b4 xcp_ext_classic_trigger.o
 .text.updateTriggerStatus
                0x080027f8      0x2b8 xcp_ext_classic_trigger.o
 .text.xcpExtModeClassicTriggerInit
                0x08002ab0       0x68 xcp_ext_classic_trigger.o
                0x08002ab0                xcpExtModeClassicTriggerInit
 .text.xcpExtModeClassicTriggerEnabled
                0x08002b18      0x100 xcp_ext_classic_trigger.o
                0x08002b18                xcpExtModeClassicTriggerEnabled
 .text.xcpExtModeClassicTriggerReset
                0x08002c18       0xf4 xcp_ext_classic_trigger.o
                0x08002c18                xcpExtModeClassicTriggerReset
 .text.xcpExtModeClassicTriggerForceEnableStatusUpdate
                0x08002d0c       0x80 xcp_ext_classic_trigger.o
                0x08002d0c                xcpExtModeClassicTriggerForceEnableStatusUpdate
 .text.msgBufferRealloc
                0x08002d8c       0x72 xcp.o
 *fill*         0x08002dfe        0x2 
 .text.discardInputPacketHandler
                0x08002e00       0x3c xcp.o
 .text.unknownInputPacketHandler
                0x08002e3c       0x34 xcp.o
 .text.xcpGetPacketGroupID
                0x08002e70       0x74 xcp.o
 .text.xcpGetPacketHandlers
                0x08002ee4      0x124 xcp.o
 .text.xcpStatusSet
                0x08003008       0x20 xcp.o
                0x08003008                xcpStatusSet
 .text.xcpSessionStatusGet
                0x08003028       0x18 xcp.o
                0x08003028                xcpSessionStatusGet
 .text.xcpSessionStatusSetMask
                0x08003040       0x28 xcp.o
                0x08003040                xcpSessionStatusSetMask
 .text.xcpSessionStatusClearMask
                0x08003068       0x34 xcp.o
                0x08003068                xcpSessionStatusClearMask
 .text.xcpResourceProtectionStatusGet
                0x0800309c       0x18 xcp.o
                0x0800309c                xcpResourceProtectionStatusGet
 .text.xcpSessionConfigurationIdGet
                0x080030b4       0x18 xcp.o
                0x080030b4                xcpSessionConfigurationIdGet
 .text.genericOutputPacketHandler
                0x080030cc      0x110 xcp.o
                0x080030cc                genericOutputPacketHandler
 .text.xcpFindPacket
                0x080031dc       0x6e xcp.o
                0x080031dc                xcpFindPacket
 *fill*         0x0800324a        0x2 
 .text.xcpInit  0x0800324c       0x64 xcp.o
                0x0800324c                xcpInit
 .text.xcpRun   0x080032b0      0x194 xcp.o
                0x080032b0                xcpRun
 .text.xcpEvent
                0x08003444       0x50 xcp.o
                0x08003444                xcpEvent
 .text.xcpGetStatus
                0x08003494       0x18 xcp.o
                0x08003494                xcpGetStatus
 .text.xcpReset
                0x080034ac       0x40 xcp.o
                0x080034ac                xcpReset
 .text.xcpPackedModeEventsFlush
                0x080034ec       0x1e xcp.o
                0x080034ec                xcpPackedModeEventsFlush
 .text.xcpPackedModeEventReset
                0x0800350a       0x2a xcp.o
                0x0800350a                xcpPackedModeEventReset
 .text.isValidUploadSize
                0x08003534       0x30 xcp_standard.o
 .text.xcpMemcpyFromMTA
                0x08003564       0x38 xcp_standard.o
 .text.connectInputPacketHandler
                0x0800359c       0xa4 xcp_standard.o
 .text.connectOutputPacketHandler
                0x08003640       0xd4 xcp_standard.o
 .text.disconnectInputPacketHandler
                0x08003714       0x54 xcp_standard.o
 .text.getStatusInputPacketHandler
                0x08003768       0x28 xcp_standard.o
 .text.getStatusOutputPacketHandler
                0x08003790       0x80 xcp_standard.o
 .text.synchInputPacketHandler
                0x08003810       0x44 xcp_standard.o
 .text.setMTAInputPacketHandler
                0x08003854       0x78 xcp_standard.o
 .text.uploadInputPacketHandler
                0x080038cc       0x98 xcp_standard.o
 .text.uploadOutputPacketHandler
                0x08003964       0x9c xcp_standard.o
 .text.shortUploadInputPacketHandler
                0x08003a00       0xa4 xcp_standard.o
 .text.shortUploadOutputPacketHandler
                0x08003aa4       0x9c xcp_standard.o
 .text.getPacket
                0x08003b40       0x24 xcp_standard.o
 .text.xcpStandardInit
                0x08003b64       0x18 xcp_standard.o
                0x08003b64                xcpStandardInit
 .text.xcpStandardGetPacketLookup
                0x08003b7c       0x18 xcp_standard.o
                0x08003b7c                xcpStandardGetPacketLookup
 .text.xcpStandardSetPacketLookup
                0x08003b94       0x20 xcp_standard.o
                0x08003b94                xcpStandardSetPacketLookup
 .text.xcpStandardReset
                0x08003bb4       0x12 xcp_standard.o
                0x08003bb4                xcpStandardReset
 *fill*         0x08003bc6        0x2 
 .text.xcpStandardGetAddressFromMta
                0x08003bc8       0x18 xcp_standard.o
                0x08003bc8                xcpStandardGetAddressFromMta
 .text.xcpStandardSetMta
                0x08003be0       0x3c xcp_standard.o
                0x08003be0                xcpStandardSetMta
 .text.xcpStandardIncrementMta
                0x08003c1c       0x28 xcp_standard.o
                0x08003c1c                xcpStandardIncrementMta
 .text.xcpStandardExtendedInit
                0x08003c44        0xe xcp_standard.o
                0x08003c44                xcpStandardExtendedInit
 .text.xcpStandardExtendedReset
                0x08003c52        0xe xcp_standard.o
                0x08003c52                xcpStandardExtendedReset
 .text.xcpDaqWriteLock
                0x08003c60       0x4c xcp_daq.o
 .text.xcpDaqWriteUnlock
                0x08003cac       0x20 xcp_daq.o
 .text.xcpDaqReadLock
                0x08003ccc       0x38 xcp_daq.o
 .text.xcpDaqReadUnlock
                0x08003d04       0x38 xcp_daq.o
 .text.isActiveDaqList
                0x08003d3c       0x50 xcp_daq.o
 .text.noActiveDaqLists
                0x08003d8c       0x50 xcp_daq.o
 .text.isValidDaqPtr
                0x08003ddc       0xb8 xcp_daq.o
 .text.isValidDaqEntry
                0x08003e94       0x36 xcp_daq.o
 .text.isSupportedDaqListMode
                0x08003eca       0x26 xcp_daq.o
 .text.isValidStartStopMode
                0x08003ef0       0x32 xcp_daq.o
 .text.isValidStartStopSynchMode
                0x08003f22       0x32 xcp_daq.o
 .text.absoluteOdtNumberIdentification
                0x08003f54       0x10 xcp_daq.o
 .text.isDaqPackedModeEnabled
                0x08003f64       0x6c xcp_daq.o
 .text.createDaqReservedPool
                0x08003fd0       0xb6 xcp_daq.o
 .text.destroyDaqReservedPool
                0x08004086       0x2c xcp_daq.o
 *fill*         0x080040b2        0x2 
 .text.setDaqPtrInputPacketHandler
                0x080040b4       0xdc xcp_daq.o
 .text.writeDaqInputPacketHandler
                0x08004190      0x198 xcp_daq.o
 .text.setDaqListModeInputPacketHandler
                0x08004328      0x1c8 xcp_daq.o
 .text.startStopDaqListInputPacketHandler
                0x080044f0      0x3f4 xcp_daq.o
 .text.startStopDaqListOutputPacketHandler
                0x080048e4       0x5c xcp_daq.o
 .text.startStopSynchInputPacketHandler
                0x08004940      0x328 xcp_daq.o
 .text.getDaqProcessorInfoInputPacketHandler
                0x08004c68       0x28 xcp_daq.o
 .text.getDaqProcessorInfoOutputPacketHandler
                0x08004c90       0xac xcp_daq.o
 .text.getDaqResolutionInfoInputPacketHandler
                0x08004d3c       0x28 xcp_daq.o
 .text.getDaqResolutionInfoOutputPacketHandler
                0x08004d64       0xb8 xcp_daq.o
 .text.freeDaqInputPacketHandler
                0x08004e1c       0x5c xcp_daq.o
 .text.allocDaqInputPacketHandler
                0x08004e78      0x18c xcp_daq.o
 .text.allocOdtInputPacketHandler
                0x08005004      0x1c0 xcp_daq.o
 .text.allocOdtEntryInputPacketHandler
                0x080051c4      0x270 xcp_daq.o
 .text.setDaqPackedModeInputPacketHandler
                0x08005434      0x21c xcp_daq.o
 .text.level1CommandInputPacketHandler
                0x08005650       0x64 xcp_daq.o
 .text.getPacket
                0x080056b4       0x24 xcp_daq.o
 .text.xcpDaqInit
                0x080056d8       0x38 xcp_daq.o
                0x080056d8                xcpDaqInit
 .text.xcpDaqGetPacketLookup
                0x08005710       0x18 xcp_daq.o
                0x08005710                xcpDaqGetPacketLookup
 .text.xcpDaqSetPacketLookup
                0x08005728       0x20 xcp_daq.o
                0x08005728                xcpDaqSetPacketLookup
 .text.xcpDaqEvent
                0x08005748      0x73c xcp_daq.o
                0x08005748                xcpDaqEvent
 .text.xcpDaqEventsFlush
                0x08005e84      0x284 xcp_daq.o
                0x08005e84                xcpDaqEventsFlush
 .text.xcpDaqLock
                0x08006108       0x1e xcp_daq.o
                0x08006108                xcpDaqLock
 .text.xcpDaqUnlock
                0x08006126        0xe xcp_daq.o
                0x08006126                xcpDaqUnlock
 .text.xcpResetDaqListStatus
                0x08006134      0x19c xcp_daq.o
                0x08006134                xcpResetDaqListStatus
 .text.xcpDaqReset
                0x080062d0       0x20 xcp_daq.o
                0x080062d0                xcpDaqReset
 .text.xcpDaqExtendedInit
                0x080062f0        0xe xcp_daq.o
                0x080062f0                xcpDaqExtendedInit
 .text.xcpDaqExtendedReset
                0x080062fe        0xe xcp_daq.o
                0x080062fe                xcpDaqExtendedReset
 .text.isValidShortDownloadSize
                0x0800630c       0x34 xcp_calibration.o
 .text.isValidDownloadSize
                0x08006340       0x3a xcp_calibration.o
 *fill*         0x0800637a        0x2 
 .text.xcpMemcpyToMTA
                0x0800637c       0x34 xcp_calibration.o
 .text.downloadInputPacketHandler
                0x080063b0       0xb0 xcp_calibration.o
 .text.shortDownloadInputPacketHandler
                0x08006460       0xb8 xcp_calibration.o
 .text.getPacket
                0x08006518       0x24 xcp_calibration.o
 .text.xcpCalibrationInit
                0x0800653c       0x14 xcp_calibration.o
                0x0800653c                xcpCalibrationInit
 .text.xcpCalibrationGetPacketLookup
                0x08006550       0x18 xcp_calibration.o
                0x08006550                xcpCalibrationGetPacketLookup
 .text.xcpCalibrationSetPacketLookup
                0x08006568       0x20 xcp_calibration.o
                0x08006568                xcpCalibrationSetPacketLookup
 .text.xcpCalibrationReset
                0x08006588        0xe xcp_calibration.o
                0x08006588                xcpCalibrationReset
 .text.xcpFifoInit
                0x08006596       0x20 xcp_fifo.o
                0x08006596                xcpFifoInit
 .text.xcpFifoEnqueue
                0x080065b6       0x2a xcp_fifo.o
                0x080065b6                xcpFifoEnqueue
 .text.xcpFifoDequeue
                0x080065e0       0x3e xcp_fifo.o
                0x080065e0                xcpFifoDequeue
 .text.xcpFifoEnqueueHead
                0x0800661e       0x32 xcp_fifo.o
                0x0800661e                xcpFifoEnqueueHead
 .text.xcpFifoReset
                0x08006650       0x16 xcp_fifo.o
                0x08006650                xcpFifoReset
 *fill*         0x08006666        0x2 
 .text.xcpTransportEmptyTxFifo
                0x08006668       0x6c xcp_transport.o
 .text.xcpTransportEmptyRxFifo
                0x080066d4       0x6c xcp_transport.o
 .text.xcpTransportInit
                0x08006740      0x138 xcp_transport.o
                0x08006740                xcpTransportInit
 .text.xcpTransportTxReady
                0x08006878       0x1a xcp_transport.o
                0x08006878                xcpTransportTxReady
 .text.xcpTransportTxTrigger
                0x08006892       0x1a xcp_transport.o
                0x08006892                xcpTransportTxTrigger
 .text.xcpTransportTxPacketSet
                0x080068ac      0x144 xcp_transport.o
                0x080068ac                xcpTransportTxPacketSet
 .text.xcpTransportTx
                0x080069f0       0xec xcp_transport.o
                0x080069f0                xcpTransportTx
 .text.xcpTransportRx
                0x08006adc       0x80 xcp_transport.o
                0x08006adc                xcpTransportRx
 .text.xcpTransportRxPacketGet
                0x08006b5c      0x12c xcp_transport.o
                0x08006b5c                xcpTransportRxPacketGet
 .text.xcpTransportPacketOffset
                0x08006c88       0x20 xcp_transport.o
                0x08006c88                xcpTransportPacketOffset
 .text.xcpTransportMsgBufferSize
                0x08006ca8       0x70 xcp_transport.o
                0x08006ca8                xcpTransportMsgBufferSize
 .text.xcpTransportMaxDtoSize
                0x08006d18        0xe xcp_transport.o
                0x08006d18                xcpTransportMaxDtoSize
 .text.xcpTransportMaxCtoSize
                0x08006d26        0xe xcp_transport.o
                0x08006d26                xcpTransportMaxCtoSize
 .text.xcpTransportRestart
                0x08006d34       0x44 xcp_transport.o
                0x08006d34                xcpTransportRestart
 .text.xcpTransportResynch
                0x08006d78       0x40 xcp_transport.o
                0x08006d78                xcpTransportResynch
 .text.xcpTransportCtoReservedMemPoolId
                0x08006db8       0x18 xcp_transport.o
                0x08006db8                xcpTransportCtoReservedMemPoolId
 .text.xcpTransportReset
                0x08006dd0       0xe4 xcp_transport.o
                0x08006dd0                xcpTransportReset
 .text.xcpInitializePoolMemoryArea
                0x08006eb4       0x72 xcp_mem_default.o
 *fill*         0x08006f26        0x2 
 .text.xcpMemInit
                0x08006f28      0x1d4 xcp_mem_default.o
                0x08006f28                xcpMemInit
 .text.xcpMemAlloc
                0x080070fc       0xe8 xcp_mem_default.o
                0x080070fc                xcpMemAlloc
 .text.xcpMemFree
                0x080071e4      0x170 xcp_mem_default.o
                0x080071e4                xcpMemFree
 .text.xcpMemReservedPoolCreate
                0x08007354      0x224 xcp_mem_default.o
                0x08007354                xcpMemReservedPoolCreate
 .text.xcpMemReservedPoolDestroy
                0x08007578      0x158 xcp_mem_default.o
                0x08007578                xcpMemReservedPoolDestroy
 .text.xcpMemCustomPoolCreate
                0x080076d0       0xbc xcp_mem_default.o
                0x080076d0                xcpMemCustomPoolCreate
 .text.xcpMemCustomPoolDestroy
                0x0800778c       0x64 xcp_mem_default.o
                0x0800778c                xcpMemCustomPoolDestroy
 .text.xcpMemAllocFromPool
                0x080077f0      0x170 xcp_mem_default.o
                0x080077f0                xcpMemAllocFromPool
 .text.xcpMemReset
                0x08007960       0x50 xcp_mem_default.o
                0x08007960                xcpMemReset
 .text.xcpDrvOpen
                0x080079b0       0x64 xcp_drv_rtiostream.o
                0x080079b0                xcpDrvOpen
 .text.xcpDrvIoctl
                0x08007a14       0x4c xcp_drv_rtiostream.o
                0x08007a14                xcpDrvIoctl
 .text.xcpDrvSend
                0x08007a60      0x14c xcp_drv_rtiostream.o
                0x08007a60                xcpDrvSend
 .text.xcpDrvRecv
                0x08007bac      0x14c xcp_drv_rtiostream.o
                0x08007bac                xcpDrvRecv
 .text.xcpDrvClose
                0x08007cf8       0x5c xcp_drv_rtiostream.o
                0x08007cf8                xcpDrvClose
 .text.xcpSortArray
                0x08007d54       0xcc xcp_utils.o
                0x08007d54                xcpSortArray
 .text.xcpSxiHtons
                0x08007e20       0x18 xcp_frame_serial.o
 .text.xcpSxiNtohs
                0x08007e38       0x1c xcp_frame_serial.o
 .text.xcpSxiChecksum
                0x08007e54       0x3e xcp_frame_serial.o
                0x08007e54                xcpSxiChecksum
 *fill*         0x08007e92        0x2 
 .text.xcpFrameInit
                0x08007e94       0x70 xcp_frame_serial.o
                0x08007e94                xcpFrameInit
 .text.xcpFrameMsgSend
                0x08007f04      0x184 xcp_frame_serial.o
                0x08007f04                xcpFrameMsgSend
 .text.xcpFrameMsgRecv
                0x08008088      0x180 xcp_frame_serial.o
                0x08008088                xcpFrameMsgRecv
 .text.xcpFrameCreateMsg
                0x08008208       0x94 xcp_frame_serial.o
                0x08008208                xcpFrameCreateMsg
 .text.xcpFrameExtractPacket
                0x0800829c      0x154 xcp_frame_serial.o
                0x0800829c                xcpFrameExtractPacket
 .text.xcpFrameHeaderSize
                0x080083f0       0x10 xcp_frame_serial.o
                0x080083f0                xcpFrameHeaderSize
 .text.xcpFrameTailSize
                0x08008400       0x10 xcp_frame_serial.o
                0x08008400                xcpFrameTailSize
 .text.xcpFrameMaxDtoSize
                0x08008410       0x12 xcp_frame_serial.o
                0x08008410                xcpFrameMaxDtoSize
 .text.xcpFrameMaxCtoSize
                0x08008422       0x10 xcp_frame_serial.o
                0x08008422                xcpFrameMaxCtoSize
 *fill*         0x08008432        0x2 
 .text.xcpFrameRestart
                0x08008434       0x30 xcp_frame_serial.o
                0x08008434                xcpFrameRestart
 .text.xcpFrameSetCtoReservedMemPoolId
                0x08008464       0x20 xcp_frame_serial.o
                0x08008464                xcpFrameSetCtoReservedMemPoolId
 .text.xcpFrameReset
                0x08008484       0x70 xcp_frame_serial.o
                0x08008484                xcpFrameReset
 .text.xcpTransportGetInitParameters
                0x080084f4       0x2e xcp_ext_param_default_serial.o
                0x080084f4                xcpTransportGetInitParameters
 .text.xcpGetInitParameters
                0x08008522       0x2e xcp_ext_param_default_serial.o
                0x08008522                xcpGetInitParameters
 .text.HAL_Delay
                0x08008550       0x2e overrideHALDelay.o
                0x08008550                HAL_Delay
 *fill*         0x0800857e        0x2 
 .text.PeriphCommonClock_Config
                0x08008580       0x10 platform_timer.o
                0x08008580                PeriphCommonClock_Config
 .text.timestampInit
                0x08008590       0x38 platform_timer.o
 .text.returnTimeElapsed
                0x080085c8       0x38 platform_timer.o
                0x080085c8                returnTimeElapsed
 .text.getCurrentTimestamp
                0x08008600       0x50 platform_timer.o
                0x08008600                getCurrentTimestamp
 .text.__NVIC_SetPriority
                0x08008650       0x54 SysTickScheduler.o
 .text.SysTick_Config
                0x080086a4       0x44 SysTickScheduler.o
 .text.SysTick_Isr
                0x080086e8       0x48 SysTickScheduler.o
 .text.SysTick_Handler
                0x08008730       0x20 SysTickScheduler.o
                0x08008730                SysTick_Handler
 .text.ARMCM_SysTick_Config
                0x08008750       0xb0 SysTickScheduler.o
                0x08008750                ARMCM_SysTick_Config
 .text.PendSV_Handler
                0x08008800       0x44 m3m4m4f_multitasking.o
                0x08008800                PendSV_Handler
 .text.SVC_Handler
                0x08008844       0x58 m3m4m4f_multitasking.o
                0x08008844                SVC_Handler
 .text.rtIOStreamOpen
                0x0800889c       0x44 rtiostream_serial.o
                0x0800889c                rtIOStreamOpen
 .text.rtIOStreamSend
                0x080088e0       0x38 rtiostream_serial.o
                0x080088e0                rtIOStreamSend
 .text.rtIOStreamRecv
                0x08008918       0x48 rtiostream_serial.o
                0x08008918                rtIOStreamRecv
 .text.rtIOStreamClose
                0x08008960       0x20 rtiostream_serial.o
                0x08008960                rtIOStreamClose
 .text.__NVIC_GetPriorityGrouping
                0x08008980       0x1c stm_usart.o
 .text.__NVIC_EnableIRQ
                0x0800899c       0x3c stm_usart.o
 .text.__NVIC_SetPriority
                0x080089d8       0x54 stm_usart.o
 .text.NVIC_EncodePriority
                0x08008a2c       0x66 stm_usart.o
 *fill*         0x08008a92        0x2 
 .text.LL_DMA_EnableStream
                0x08008a94       0x40 stm_usart.o
 .text.LL_DMA_DisableStream
                0x08008ad4       0x40 stm_usart.o
 .text.LL_DMA_GetMode
                0x08008b14       0x30 stm_usart.o
 .text.LL_DMA_SetDataLength
                0x08008b44       0x48 stm_usart.o
 .text.LL_DMA_GetDataLength
                0x08008b8c       0x2c stm_usart.o
 .text.LL_DMA_ConfigAddresses
                0x08008bb8       0x78 stm_usart.o
 .text.LL_DMA_IsActiveFlag_TC2
                0x08008c30       0x28 stm_usart.o
 .text.LL_DMA_ClearFlag_TC2
                0x08008c58       0x1c stm_usart.o
 .text.LL_DMA_EnableIT_TC
                0x08008c74       0x40 stm_usart.o
 .text.LL_DMA_DisableIT_TC
                0x08008cb4       0x40 stm_usart.o
 .text.LL_DMA_IsEnabledIT_TC
                0x08008cf4       0x38 stm_usart.o
 .text.LL_USART_Enable
                0x08008d2c       0x20 stm_usart.o
 .text.LL_USART_Disable
                0x08008d4c       0x20 stm_usart.o
 .text.LL_USART_IsActiveFlag_PE
                0x08008d6c       0x26 stm_usart.o
 .text.LL_USART_IsActiveFlag_FE
                0x08008d92       0x26 stm_usart.o
 .text.LL_USART_IsActiveFlag_NE
                0x08008db8       0x26 stm_usart.o
 .text.LL_USART_IsActiveFlag_ORE
                0x08008dde       0x26 stm_usart.o
 .text.LL_USART_IsActiveFlag_TC
                0x08008e04       0x26 stm_usart.o
 .text.LL_USART_IsActiveFlag_TXE
                0x08008e2a       0x26 stm_usart.o
 .text.LL_USART_ClearFlag_PE
                0x08008e50       0x24 stm_usart.o
 .text.LL_USART_ClearFlag_ORE
                0x08008e74       0x24 stm_usart.o
 .text.LL_USART_EnableIT_RXNE
                0x08008e98       0x46 stm_usart.o
 .text.LL_USART_EnableIT_PE
                0x08008ede       0x46 stm_usart.o
 .text.LL_USART_EnableIT_ERROR
                0x08008f24       0x46 stm_usart.o
 .text.LL_USART_DisableIT_RXNE
                0x08008f6a       0x46 stm_usart.o
 .text.LL_USART_DisableIT_TXE
                0x08008fb0       0x46 stm_usart.o
 .text.LL_USART_DisableIT_PE
                0x08008ff6       0x46 stm_usart.o
 .text.LL_USART_DisableIT_ERROR
                0x0800903c       0x46 stm_usart.o
 .text.LL_USART_EnableDMAReq_RX
                0x08009082       0x46 stm_usart.o
 .text.LL_USART_DisableDMAReq_RX
                0x080090c8       0x46 stm_usart.o
 .text.LL_USART_EnableDMAReq_TX
                0x0800910e       0x46 stm_usart.o
 .text.LL_USART_DisableDMAReq_TX
                0x08009154       0x46 stm_usart.o
 .text.LL_USART_DMA_GetRegAddr
                0x0800919a       0x18 stm_usart.o
 .text.LL_USART_ReceiveData8
                0x080091b2       0x1a stm_usart.o
 .text.LL_USART_TransmitData8
                0x080091cc       0x1e stm_usart.o
 .text.getAvailableDataInBuffer
                0x080091ea       0xcc stm_usart.o
                0x080091ea                getAvailableDataInBuffer
 .text.getBytesToBeReadFromBuffer
                0x080092b6       0x6e stm_usart.o
                0x080092b6                getBytesToBeReadFromBuffer
 .text.readDataFromBuffer
                0x08009324       0xcc stm_usart.o
                0x08009324                readDataFromBuffer
 .text.UART_RXDMAInterruptHandler
                0x080093f0       0xd4 stm_usart.o
                0x080093f0                UART_RXDMAInterruptHandler
 .text.UART_IsActiveFlagError
                0x080094c4       0xd6 stm_usart.o
                0x080094c4                UART_IsActiveFlagError
 *fill*         0x0800959a        0x2 
 .text.USART1_IRQHandler
                0x0800959c       0x14 stm_usart.o
                0x0800959c                USART1_IRQHandler
 .text.DMA2_Stream2_IRQHandler
                0x080095b0       0x20 stm_usart.o
                0x080095b0                DMA2_Stream2_IRQHandler
 .text.UART_ConfigureReceiveDMA
                0x080095d0       0x88 stm_usart.o
                0x080095d0                UART_ConfigureReceiveDMA
 .text.UART_ConfigureTransmitDMA
                0x08009658       0x54 stm_usart.o
                0x08009658                UART_ConfigureTransmitDMA
 .text.getReadErrorStatus
                0x080096ac       0xc8 stm_usart.o
                0x080096ac                getReadErrorStatus
 .text.MW_UART_Initialize
                0x08009774      0x184 stm_usart.o
                0x08009774                MW_UART_Initialize
 .text.MW_UART_ReceiveUsingBuffer
                0x080098f8       0x5c stm_usart.o
                0x080098f8                MW_UART_ReceiveUsingBuffer
 .text.MW_UART_TransmitUsingPolling
                0x08009954      0x184 stm_usart.o
                0x08009954                MW_UART_TransmitUsingPolling
 .text.MW_UART_DeInit
                0x08009ad8       0xaa stm_usart.o
                0x08009ad8                MW_UART_DeInit
 .text.sys_arch_protect
                0x08009b82       0x22 sys_arch.o
                0x08009b82                sys_arch_protect
 .text.sys_arch_unprotect
                0x08009ba4       0x20 sys_arch.o
                0x08009ba4                sys_arch_unprotect
 .text.LL_RCC_HSI_Enable
                0x08009bc4       0x20 main.o
 .text.LL_RCC_HSI_IsReady
                0x08009be4       0x24 main.o
 .text.LL_RCC_HSI_SetCalibTrimming
                0x08009c08       0x2c main.o
 .text.LL_RCC_SetSysClkSource
                0x08009c34       0x28 main.o
 .text.LL_RCC_GetSysClkSource
                0x08009c5c       0x1c main.o
 .text.LL_RCC_SetAHBPrescaler
                0x08009c78       0x28 main.o
 .text.LL_RCC_SetAPB1Prescaler
                0x08009ca0       0x28 main.o
 .text.LL_RCC_SetAPB2Prescaler
                0x08009cc8       0x28 main.o
 .text.LL_FLASH_SetLatency
                0x08009cf0       0x28 main.o
 .text.LL_FLASH_GetLatency
                0x08009d18       0x1c main.o
 .text.LL_PWR_SetRegulVoltageScaling
                0x08009d34       0x28 main.o
 .text.SystemClock_Config
                0x08009d5c       0x78 main.o
                0x08009d5c                SystemClock_Config
 .text.HAL_TIM_PeriodElapsedCallback
                0x08009dd4       0x1e main.o
                0x08009dd4                HAL_TIM_PeriodElapsedCallback
 .text.Error_Handler
                0x08009df2        0xa main.o
                0x08009df2                Error_Handler
 .text.LL_AHB1_GRP1_EnableClock
                0x08009dfc       0x30 gpio.o
 .text.LL_GPIO_ResetOutputPin
                0x08009e2c       0x1e gpio.o
 *fill*         0x08009e4a        0x2 
 .text.MX_GPIO_Init
                0x08009e4c       0x60 gpio.o
                0x08009e4c                MX_GPIO_Init
 .text.__NVIC_GetPriorityGrouping
                0x08009eac       0x1c adc.o
 .text.__NVIC_EnableIRQ
                0x08009ec8       0x3c adc.o
 .text.__NVIC_SetPriority
                0x08009f04       0x54 adc.o
 .text.NVIC_EncodePriority
                0x08009f58       0x66 adc.o
 .text.LL_ADC_REG_SetSequencerRanks
                0x08009fbe       0x7a adc.o
 .text.LL_ADC_REG_SetFlagEndOfConversion
                0x0800a038       0x26 adc.o
 .text.LL_ADC_SetChannelSamplingTime
                0x0800a05e       0xc2 adc.o
 .text.LL_DMA_SetDataTransferDirection
                0x0800a120       0x48 adc.o
 .text.LL_DMA_SetMode
                0x0800a168       0x48 adc.o
 .text.LL_DMA_SetPeriphIncMode
                0x0800a1b0       0x48 adc.o
 .text.LL_DMA_SetMemoryIncMode
                0x0800a1f8       0x48 adc.o
 .text.LL_DMA_SetPeriphSize
                0x0800a240       0x48 adc.o
 .text.LL_DMA_SetMemorySize
                0x0800a288       0x48 adc.o
 .text.LL_DMA_SetStreamPriorityLevel
                0x0800a2d0       0x48 adc.o
 .text.LL_DMA_SetChannelSelection
                0x0800a318       0x48 adc.o
 .text.LL_DMA_DisableFifoMode
                0x0800a360       0x40 adc.o
 .text.LL_AHB1_GRP1_EnableClock
                0x0800a3a0       0x30 adc.o
 .text.LL_APB2_GRP1_EnableClock
                0x0800a3d0       0x30 adc.o
 .text.MX_ADC1_Init
                0x0800a400      0x1bc adc.o
                0x0800a400                MX_ADC1_Init
 .text.__NVIC_GetPriorityGrouping
                0x0800a5bc       0x1c dma.o
 .text.__NVIC_EnableIRQ
                0x0800a5d8       0x3c dma.o
 .text.__NVIC_SetPriority
                0x0800a614       0x54 dma.o
 .text.NVIC_EncodePriority
                0x0800a668       0x66 dma.o
 *fill*         0x0800a6ce        0x2 
 .text.LL_AHB1_GRP1_EnableClock
                0x0800a6d0       0x30 dma.o
 .text.MX_DMA_Init
                0x0800a700       0x50 dma.o
                0x0800a700                MX_DMA_Init
 .text.LL_AHB1_GRP1_EnableClock
                0x0800a750       0x30 tim.o
 .text.LL_APB2_GRP1_EnableClock
                0x0800a780       0x30 tim.o
 .text.LL_TIM_EnableARRPreload
                0x0800a7b0       0x20 tim.o
 .text.LL_TIM_OC_DisableFast
                0x0800a7d0       0x8c tim.o
 .text.LL_TIM_OC_EnablePreload
                0x0800a85c       0x88 tim.o
 .text.LL_TIM_SetTriggerOutput
                0x0800a8e4       0x26 tim.o
 .text.LL_TIM_DisableMasterSlaveMode
                0x0800a90a       0x20 tim.o
 *fill*         0x0800a92a        0x2 
 .text.MX_TIM1_Init
                0x0800a92c      0x158 tim.o
                0x0800a92c                MX_TIM1_Init
 .text.LL_DMA_SetDataTransferDirection
                0x0800aa84       0x48 usart.o
 .text.LL_DMA_SetMode
                0x0800aacc       0x48 usart.o
 .text.LL_DMA_SetPeriphIncMode
                0x0800ab14       0x48 usart.o
 .text.LL_DMA_SetMemoryIncMode
                0x0800ab5c       0x48 usart.o
 .text.LL_DMA_SetPeriphSize
                0x0800aba4       0x48 usart.o
 .text.LL_DMA_SetMemorySize
                0x0800abec       0x48 usart.o
 .text.LL_DMA_SetStreamPriorityLevel
                0x0800ac34       0x48 usart.o
 .text.LL_DMA_SetChannelSelection
                0x0800ac7c       0x48 usart.o
 .text.LL_DMA_DisableFifoMode
                0x0800acc4       0x40 usart.o
 .text.LL_AHB1_GRP1_EnableClock
                0x0800ad04       0x30 usart.o
 .text.LL_APB1_GRP1_EnableClock
                0x0800ad34       0x30 usart.o
 .text.LL_APB2_GRP1_EnableClock
                0x0800ad64       0x30 usart.o
 .text.LL_USART_Enable
                0x0800ad94       0x20 usart.o
 .text.LL_USART_ConfigAsyncMode
                0x0800adb4       0x2c usart.o
 .text.MX_USART1_UART_Init
                0x0800ade0      0x100 usart.o
                0x0800ade0                MX_USART1_UART_Init
 .text.MX_USART2_UART_Init
                0x0800aee0       0xa0 usart.o
                0x0800aee0                MX_USART2_UART_Init
 .text.NMI_Handler
                0x0800af80        0x6 stm32f4xx_it.o
                0x0800af80                NMI_Handler
 .text.HardFault_Handler
                0x0800af86        0x6 stm32f4xx_it.o
                0x0800af86                HardFault_Handler
 .text.MemManage_Handler
                0x0800af8c        0x6 stm32f4xx_it.o
                0x0800af8c                MemManage_Handler
 .text.BusFault_Handler
                0x0800af92        0x6 stm32f4xx_it.o
                0x0800af92                BusFault_Handler
 .text.UsageFault_Handler
                0x0800af98        0x6 stm32f4xx_it.o
                0x0800af98                UsageFault_Handler
 .text.DebugMon_Handler
                0x0800af9e        0xe stm32f4xx_it.o
                0x0800af9e                DebugMon_Handler
 .text.TIM2_IRQHandler
                0x0800afac       0x14 stm32f4xx_it.o
                0x0800afac                TIM2_IRQHandler
 .text.HAL_MspInit
                0x0800afc0       0x50 stm32f4xx_hal_msp.o
                0x0800afc0                HAL_MspInit
 .text.HAL_InitTick
                0x0800b010       0xb0 stm32f4xx_hal_timebase_tim.o
                0x0800b010                HAL_InitTick
 .text.LL_GPIO_SetPinMode
                0x0800b0c0       0x7a stm32f4xx_ll_gpio.o
 .text.LL_GPIO_SetPinOutputType
                0x0800b13a       0x30 stm32f4xx_ll_gpio.o
 .text.LL_GPIO_SetPinSpeed
                0x0800b16a       0x7a stm32f4xx_ll_gpio.o
 .text.LL_GPIO_SetPinPull
                0x0800b1e4       0x7a stm32f4xx_ll_gpio.o
 .text.LL_GPIO_SetAFPin_0_7
                0x0800b25e       0x7a stm32f4xx_ll_gpio.o
 .text.LL_GPIO_SetAFPin_8_15
                0x0800b2d8       0x7e stm32f4xx_ll_gpio.o
 .text.LL_GPIO_Init
                0x0800b356      0x102 stm32f4xx_ll_gpio.o
                0x0800b356                LL_GPIO_Init
 .text.LL_ADC_REG_SetSequencerLength
                0x0800b458       0x26 stm32f4xx_ll_adc.o
 .text.LL_ADC_IsEnabled
                0x0800b47e       0x26 stm32f4xx_ll_adc.o
 .text.LL_ADC_CommonInit
                0x0800b4a4       0x90 stm32f4xx_ll_adc.o
                0x0800b4a4                LL_ADC_CommonInit
 .text.LL_ADC_Init
                0x0800b534       0x58 stm32f4xx_ll_adc.o
                0x0800b534                LL_ADC_Init
 .text.LL_ADC_REG_Init
                0x0800b58c       0x84 stm32f4xx_ll_adc.o
                0x0800b58c                LL_ADC_REG_Init
 .text.LL_RCC_GetSysClkSource
                0x0800b610       0x1c stm32f4xx_ll_rcc.o
 .text.LL_RCC_GetAHBPrescaler
                0x0800b62c       0x1c stm32f4xx_ll_rcc.o
 .text.LL_RCC_GetAPB1Prescaler
                0x0800b648       0x1c stm32f4xx_ll_rcc.o
 .text.LL_RCC_GetAPB2Prescaler
                0x0800b664       0x1c stm32f4xx_ll_rcc.o
 .text.LL_RCC_PLL_GetMainSource
                0x0800b680       0x1c stm32f4xx_ll_rcc.o
 .text.LL_RCC_PLL_GetN
                0x0800b69c       0x1c stm32f4xx_ll_rcc.o
 .text.LL_RCC_PLL_GetP
                0x0800b6b8       0x1c stm32f4xx_ll_rcc.o
 .text.LL_RCC_PLL_GetDivider
                0x0800b6d4       0x1c stm32f4xx_ll_rcc.o
 .text.LL_RCC_GetSystemClocksFreq
                0x0800b6f0       0x4a stm32f4xx_ll_rcc.o
                0x0800b6f0                LL_RCC_GetSystemClocksFreq
 *fill*         0x0800b73a        0x2 
 .text.RCC_GetSystemClockFreq
                0x0800b73c       0x50 stm32f4xx_ll_rcc.o
                0x0800b73c                RCC_GetSystemClockFreq
 .text.RCC_GetHCLKClockFreq
                0x0800b78c       0x2c stm32f4xx_ll_rcc.o
                0x0800b78c                RCC_GetHCLKClockFreq
 .text.RCC_GetPCLK1ClockFreq
                0x0800b7b8       0x28 stm32f4xx_ll_rcc.o
                0x0800b7b8                RCC_GetPCLK1ClockFreq
 .text.RCC_GetPCLK2ClockFreq
                0x0800b7e0       0x28 stm32f4xx_ll_rcc.o
                0x0800b7e0                RCC_GetPCLK2ClockFreq
 .text.RCC_PLL_GetFreqDomain_SYS
                0x0800b808       0x7c stm32f4xx_ll_rcc.o
                0x0800b808                RCC_PLL_GetFreqDomain_SYS
 .text.LL_SetSystemCoreClock
                0x0800b884       0x20 stm32f4xx_ll_utils.o
                0x0800b884                LL_SetSystemCoreClock
 .text.HAL_RCC_GetHCLKFreq
                0x0800b8a4       0x18 stm32f4xx_hal_rcc.o
                0x0800b8a4                HAL_RCC_GetHCLKFreq
 .text.HAL_RCC_GetPCLK1Freq
                0x0800b8bc       0x28 stm32f4xx_hal_rcc.o
                0x0800b8bc                HAL_RCC_GetPCLK1Freq
 .text.HAL_RCC_GetClockConfig
                0x0800b8e4       0x64 stm32f4xx_hal_rcc.o
                0x0800b8e4                HAL_RCC_GetClockConfig
 .text.__NVIC_SetPriorityGrouping
                0x0800b948       0x48 stm32f4xx_hal_cortex.o
 .text.__NVIC_GetPriorityGrouping
                0x0800b990       0x1c stm32f4xx_hal_cortex.o
 .text.__NVIC_EnableIRQ
                0x0800b9ac       0x3c stm32f4xx_hal_cortex.o
 .text.__NVIC_SetPriority
                0x0800b9e8       0x54 stm32f4xx_hal_cortex.o
 .text.NVIC_EncodePriority
                0x0800ba3c       0x66 stm32f4xx_hal_cortex.o
 .text.HAL_NVIC_SetPriorityGrouping
                0x0800baa2       0x16 stm32f4xx_hal_cortex.o
                0x0800baa2                HAL_NVIC_SetPriorityGrouping
 .text.HAL_NVIC_SetPriority
                0x0800bab8       0x38 stm32f4xx_hal_cortex.o
                0x0800bab8                HAL_NVIC_SetPriority
 .text.HAL_NVIC_EnableIRQ
                0x0800baf0       0x1c stm32f4xx_hal_cortex.o
                0x0800baf0                HAL_NVIC_EnableIRQ
 .text.HAL_Init
                0x0800bb0c       0x44 stm32f4xx_hal.o
                0x0800bb0c                HAL_Init
 .text.HAL_IncTick
                0x0800bb50       0x28 stm32f4xx_hal.o
                0x0800bb50                HAL_IncTick
 .text.HAL_GetTick
                0x0800bb78       0x18 stm32f4xx_hal.o
                0x0800bb78                HAL_GetTick
 .text.HAL_TIM_Base_Init
                0x0800bb90       0x9e stm32f4xx_hal_tim.o
                0x0800bb90                HAL_TIM_Base_Init
 .text.HAL_TIM_Base_MspInit
                0x0800bc2e       0x14 stm32f4xx_hal_tim.o
                0x0800bc2e                HAL_TIM_Base_MspInit
 *fill*         0x0800bc42        0x2 
 .text.HAL_TIM_Base_Start_IT
                0x0800bc44       0xe0 stm32f4xx_hal_tim.o
                0x0800bc44                HAL_TIM_Base_Start_IT
 .text.HAL_TIM_IRQHandler
                0x0800bd24      0x210 stm32f4xx_hal_tim.o
                0x0800bd24                HAL_TIM_IRQHandler
 .text.HAL_TIM_OC_DelayElapsedCallback
                0x0800bf34       0x14 stm32f4xx_hal_tim.o
                0x0800bf34                HAL_TIM_OC_DelayElapsedCallback
 .text.HAL_TIM_IC_CaptureCallback
                0x0800bf48       0x14 stm32f4xx_hal_tim.o
                0x0800bf48                HAL_TIM_IC_CaptureCallback
 .text.HAL_TIM_PWM_PulseFinishedCallback
                0x0800bf5c       0x14 stm32f4xx_hal_tim.o
                0x0800bf5c                HAL_TIM_PWM_PulseFinishedCallback
 .text.HAL_TIM_TriggerCallback
                0x0800bf70       0x14 stm32f4xx_hal_tim.o
                0x0800bf70                HAL_TIM_TriggerCallback
 .text.TIM_Base_SetConfig
                0x0800bf84      0x140 stm32f4xx_hal_tim.o
                0x0800bf84                TIM_Base_SetConfig
 .text.HAL_TIMEx_CommutCallback
                0x0800c0c4       0x14 stm32f4xx_hal_tim_ex.o
                0x0800c0c4                HAL_TIMEx_CommutCallback
 .text.HAL_TIMEx_BreakCallback
                0x0800c0d8       0x14 stm32f4xx_hal_tim_ex.o
                0x0800c0d8                HAL_TIMEx_BreakCallback
 .text.LL_TIM_SetPrescaler
                0x0800c0ec       0x1c stm32f4xx_ll_tim.o
 .text.LL_TIM_SetAutoReload
                0x0800c108       0x1c stm32f4xx_ll_tim.o
 .text.LL_TIM_SetRepetitionCounter
                0x0800c124       0x1c stm32f4xx_ll_tim.o
 .text.LL_TIM_OC_SetCompareCH1
                0x0800c140       0x1c stm32f4xx_ll_tim.o
 .text.LL_TIM_OC_SetCompareCH2
                0x0800c15c       0x1c stm32f4xx_ll_tim.o
 .text.LL_TIM_OC_SetCompareCH3
                0x0800c178       0x1c stm32f4xx_ll_tim.o
 .text.LL_TIM_OC_SetCompareCH4
                0x0800c194       0x1c stm32f4xx_ll_tim.o
 .text.LL_TIM_GenerateEvent_UPDATE
                0x0800c1b0       0x20 stm32f4xx_ll_tim.o
 .text.LL_TIM_Init
                0x0800c1d0      0x134 stm32f4xx_ll_tim.o
                0x0800c1d0                LL_TIM_Init
 .text.LL_TIM_OC_Init
                0x0800c304       0x82 stm32f4xx_ll_tim.o
                0x0800c304                LL_TIM_OC_Init
 .text.LL_TIM_BDTR_Init
                0x0800c386       0x92 stm32f4xx_ll_tim.o
                0x0800c386                LL_TIM_BDTR_Init
 .text.OC1Config
                0x0800c418       0xd8 stm32f4xx_ll_tim.o
 .text.OC2Config
                0x0800c4f0       0xe0 stm32f4xx_ll_tim.o
 .text.OC3Config
                0x0800c5d0       0xe0 stm32f4xx_ll_tim.o
 .text.OC4Config
                0x0800c6b0       0xb0 stm32f4xx_ll_tim.o
 .text.LL_USART_IsEnabled
                0x0800c760       0x28 stm32f4xx_ll_usart.o
 .text.LL_USART_SetStopBitsLength
                0x0800c788       0x26 stm32f4xx_ll_usart.o
 .text.LL_USART_SetHWFlowCtrl
                0x0800c7ae       0x26 stm32f4xx_ll_usart.o
 .text.LL_USART_SetBaudRate
                0x0800c7d4      0x320 stm32f4xx_ll_usart.o
 .text.LL_USART_Init
                0x0800caf4      0x100 stm32f4xx_ll_usart.o
                0x0800caf4                LL_USART_Init
 .text.SystemInit
                0x0800cbf4       0x24 system_stm32f4xx.o
                0x0800cbf4                SystemInit
 .text.Reset_Handler
                0x0800cc18       0x50 startup_stm32f407vetx.o
                0x0800cc18                Reset_Handler
 .text.Default_Handler
                0x0800cc68        0x2 startup_stm32f407vetx.o
                0x0800cc68                RTC_Alarm_IRQHandler
                0x0800cc68                HASH_RNG_IRQHandler
                0x0800cc68                EXTI2_IRQHandler
                0x0800cc68                TIM8_CC_IRQHandler
                0x0800cc68                TIM1_CC_IRQHandler
                0x0800cc68                DMA2_Stream5_IRQHandler
                0x0800cc68                DMA1_Stream5_IRQHandler
                0x0800cc68                PVD_IRQHandler
                0x0800cc68                SDIO_IRQHandler
                0x0800cc68                TAMP_STAMP_IRQHandler
                0x0800cc68                CAN2_RX1_IRQHandler
                0x0800cc68                EXTI3_IRQHandler
                0x0800cc68                TIM8_TRG_COM_TIM14_IRQHandler
                0x0800cc68                TIM1_UP_TIM10_IRQHandler
                0x0800cc68                TIM8_UP_TIM13_IRQHandler
                0x0800cc68                I2C3_ER_IRQHandler
                0x0800cc68                EXTI0_IRQHandler
                0x0800cc68                I2C2_EV_IRQHandler
                0x0800cc68                DMA1_Stream2_IRQHandler
                0x0800cc68                CAN1_RX0_IRQHandler
                0x0800cc68                FPU_IRQHandler
                0x0800cc68                OTG_HS_WKUP_IRQHandler
                0x0800cc68                CAN2_SCE_IRQHandler
                0x0800cc68                SPI1_IRQHandler
                0x0800cc68                TIM6_DAC_IRQHandler
                0x0800cc68                TIM1_BRK_TIM9_IRQHandler
                0x0800cc68                DCMI_IRQHandler
                0x0800cc68                CAN2_RX0_IRQHandler
                0x0800cc68                DMA2_Stream3_IRQHandler
                0x0800cc68                USART6_IRQHandler
                0x0800cc68                USART3_IRQHandler
                0x0800cc68                CAN1_RX1_IRQHandler
                0x0800cc68                UART5_IRQHandler
                0x0800cc68                TIM4_IRQHandler
                0x0800cc68                I2C1_EV_IRQHandler
                0x0800cc68                DMA1_Stream6_IRQHandler
                0x0800cc68                DMA1_Stream1_IRQHandler
                0x0800cc68                UART4_IRQHandler
                0x0800cc68                TIM3_IRQHandler
                0x0800cc68                RCC_IRQHandler
                0x0800cc68                TIM8_BRK_TIM12_IRQHandler
                0x0800cc68                Default_Handler
                0x0800cc68                EXTI15_10_IRQHandler
                0x0800cc68                DMA1_Stream7_IRQHandler
                0x0800cc68                TIM7_IRQHandler
                0x0800cc68                CAN2_TX_IRQHandler
                0x0800cc68                TIM5_IRQHandler
                0x0800cc68                DMA2_Stream7_IRQHandler
                0x0800cc68                I2C3_EV_IRQHandler
                0x0800cc68                EXTI9_5_IRQHandler
                0x0800cc68                RTC_WKUP_IRQHandler
                0x0800cc68                ETH_WKUP_IRQHandler
                0x0800cc68                SPI2_IRQHandler
                0x0800cc68                OTG_HS_EP1_IN_IRQHandler
                0x0800cc68                DMA1_Stream0_IRQHandler
                0x0800cc68                CAN1_TX_IRQHandler
                0x0800cc68                EXTI4_IRQHandler
                0x0800cc68                FSMC_IRQHandler
                0x0800cc68                ETH_IRQHandler
                0x0800cc68                OTG_HS_EP1_OUT_IRQHandler
                0x0800cc68                WWDG_IRQHandler
                0x0800cc68                OTG_FS_WKUP_IRQHandler
                0x0800cc68                TIM1_TRG_COM_TIM11_IRQHandler
                0x0800cc68                OTG_HS_IRQHandler
                0x0800cc68                EXTI1_IRQHandler
                0x0800cc68                USART2_IRQHandler
                0x0800cc68                I2C2_ER_IRQHandler
                0x0800cc68                DMA2_Stream1_IRQHandler
                0x0800cc68                CAN1_SCE_IRQHandler
                0x0800cc68                FLASH_IRQHandler
                0x0800cc68                DMA2_Stream4_IRQHandler
                0x0800cc68                OTG_FS_IRQHandler
                0x0800cc68                SPI3_IRQHandler
                0x0800cc68                DMA1_Stream4_IRQHandler
                0x0800cc68                I2C1_ER_IRQHandler
                0x0800cc68                DMA2_Stream6_IRQHandler
                0x0800cc68                DMA1_Stream3_IRQHandler
 *fill*         0x0800cc6a        0x2 
 .text.fmod     0x0800cc6c       0x88 c:/progra~3/matlab/suppor~1/r2022b/3p778c~1.ins/gnuarm~1.ins/win/bin/../lib/gcc/arm-none-eabi/9.3.1/../../../../arm-none-eabi/lib/thumb/v7e-m+fp/hard\libm.a(lib_a-w_fmod.o)
                0x0800cc6c                fmod
 .text.__ieee754_fmod
                0x0800ccf4      0x280 c:/progra~3/matlab/suppor~1/r2022b/3p778c~1.ins/gnuarm~1.ins/win/bin/../lib/gcc/arm-none-eabi/9.3.1/../../../../arm-none-eabi/lib/thumb/v7e-m+fp/hard\libm.a(lib_a-e_fmod.o)
                0x0800ccf4                __ieee754_fmod
 .text.__errno  0x0800cf74        0xc c:/progra~3/matlab/suppor~1/r2022b/3p778c~1.ins/gnuarm~1.ins/win/bin/../lib/gcc/arm-none-eabi/9.3.1/../../../../arm-none-eabi/lib/thumb/v7e-m+fp/hard\libg_nano.a(lib_a-errno.o)
                0x0800cf74                __errno
 .text.__libc_init_array
                0x0800cf80       0x48 c:/progra~3/matlab/suppor~1/r2022b/3p778c~1.ins/gnuarm~1.ins/win/bin/../lib/gcc/arm-none-eabi/9.3.1/../../../../arm-none-eabi/lib/thumb/v7e-m+fp/hard\libg_nano.a(lib_a-init.o)
                0x0800cf80                __libc_init_array
 .text.memcpy   0x0800cfc8       0x1c c:/progra~3/matlab/suppor~1/r2022b/3p778c~1.ins/gnuarm~1.ins/win/bin/../lib/gcc/arm-none-eabi/9.3.1/../../../../arm-none-eabi/lib/thumb/v7e-m+fp/hard\libg_nano.a(lib_a-memcpy-stub.o)
                0x0800cfc8                memcpy
 .text.memset   0x0800cfe4       0x10 c:/progra~3/matlab/suppor~1/r2022b/3p778c~1.ins/gnuarm~1.ins/win/bin/../lib/gcc/arm-none-eabi/9.3.1/../../../../arm-none-eabi/lib/thumb/v7e-m+fp/hard\libg_nano.a(lib_a-memset.o)
                0x0800cfe4                memset
 *(.glue_7)
 .glue_7        0x0800cff4        0x0 linker stubs
 *(.glue_7t)
 .glue_7t       0x0800cff4        0x0 linker stubs
 *(.eh_frame)
 .eh_frame      0x0800cff4        0x0 c:/progra~3/matlab/suppor~1/r2022b/3p778c~1.ins/gnuarm~1.ins/win/bin/../lib/gcc/arm-none-eabi/9.3.1/thumb/v7e-m+fp/hard/crtbegin.o
 *(.init)
 .init          0x0800cff4        0x4 c:/progra~3/matlab/suppor~1/r2022b/3p778c~1.ins/gnuarm~1.ins/win/bin/../lib/gcc/arm-none-eabi/9.3.1/thumb/v7e-m+fp/hard/crti.o
                0x0800cff4                _init
 .init          0x0800cff8        0x8 c:/progra~3/matlab/suppor~1/r2022b/3p778c~1.ins/gnuarm~1.ins/win/bin/../lib/gcc/arm-none-eabi/9.3.1/thumb/v7e-m+fp/hard/crtn.o
 *(.fini)
 .fini          0x0800d000        0x4 c:/progra~3/matlab/suppor~1/r2022b/3p778c~1.ins/gnuarm~1.ins/win/bin/../lib/gcc/arm-none-eabi/9.3.1/thumb/v7e-m+fp/hard/crti.o
                0x0800d000                _fini
 .fini          0x0800d004        0x8 c:/progra~3/matlab/suppor~1/r2022b/3p778c~1.ins/gnuarm~1.ins/win/bin/../lib/gcc/arm-none-eabi/9.3.1/thumb/v7e-m+fp/hard/crtn.o
                0x0800d00c                . = ALIGN (0x4)
                0x0800d00c                _etext = .

.vfp11_veneer   0x0800d00c        0x0
 .vfp11_veneer  0x0800d00c        0x0 linker stubs

.v4_bx          0x0800d00c        0x0
 .v4_bx         0x0800d00c        0x0 linker stubs

.iplt           0x0800d00c        0x0
 .iplt          0x0800d00c        0x0 c:/progra~3/matlab/suppor~1/r2022b/3p778c~1.ins/gnuarm~1.ins/win/bin/../lib/gcc/arm-none-eabi/9.3.1/thumb/v7e-m+fp/hard/crtbegin.o

.rodata         0x0800d010     0x29c8
                0x0800d010                . = ALIGN (0x4)
 *(.rodata)
 .rodata        0x0800d010      0x2b9 xcp_ext_mode.o
 *fill*         0x0800d2c9        0x3 
 .rodata        0x0800d2cc      0x12e xcp_ext_common.o
 *fill*         0x0800d3fa        0x2 
 .rodata        0x0800d3fc       0x4c xcp_ext_classic_trigger.o
 .rodata        0x0800d448      0x278 xcp.o
 .rodata        0x0800d6c0      0x3a9 xcp_standard.o
 *fill*         0x0800da69        0x3 
 .rodata        0x0800da6c      0xfee xcp_daq.o
 *fill*         0x0800ea5a        0x2 
 .rodata        0x0800ea5c       0xdd xcp_calibration.o
 *fill*         0x0800eb39        0x3 
 .rodata        0x0800eb3c      0x56e xcp_transport.o
 *fill*         0x0800f0aa        0x2 
 .rodata        0x0800f0ac       0xf5 xcp_mem_default.o
 *fill*         0x0800f1a1        0x3 
 .rodata        0x0800f1a4      0x228 xcp_drv_rtiostream.o
 .rodata        0x0800f3cc      0x4aa xcp_frame_serial.o
 *(.rodata*)
 *fill*         0x0800f876        0x2 
 .rodata.STREAM_OFFSET_TAB
                0x0800f878        0x8 stm_adc_ll.o
 .rodata.MBD_Status_Transit_M
                0x0800f880        0x4 MBD_Status_Transit.o
                0x0800f880                MBD_Status_Transit_M
 .rodata.rtAlwaysEnabled.11579
                0x0800f884        0x1 MBD_Status_Transit.o
 *fill*         0x0800f885        0x3 
 .rodata.standardSupportedRxPacket
                0x0800f888       0x54 xcp_standard.o
 .rodata.daqSupportedRxPacket
                0x0800f8dc       0x90 xcp_daq.o
 .rodata.calibrationSupportedRxPacket
                0x0800f96c       0x18 xcp_calibration.o
 .rodata.STREAM_OFFSET_TAB
                0x0800f984        0x8 stm_usart.o
 .rodata.STREAM_OFFSET_TAB
                0x0800f98c        0x8 adc.o
 .rodata.OFFSET_TAB_CCMRx
                0x0800f994        0x7 tim.o
 *fill*         0x0800f99b        0x1 
 .rodata.SHIFT_TAB_OCxx
                0x0800f99c        0x7 tim.o
 *fill*         0x0800f9a3        0x1 
 .rodata.STREAM_OFFSET_TAB
                0x0800f9a4        0x8 usart.o
 .rodata.AHBPrescTable
                0x0800f9ac       0x10 system_stm32f4xx.o
                0x0800f9ac                AHBPrescTable
 .rodata.APBPrescTable
                0x0800f9bc        0x8 system_stm32f4xx.o
                0x0800f9bc                APBPrescTable
 *fill*         0x0800f9c4        0x4 
 .rodata.Zero   0x0800f9c8       0x10 c:/progra~3/matlab/suppor~1/r2022b/3p778c~1.ins/gnuarm~1.ins/win/bin/../lib/gcc/arm-none-eabi/9.3.1/../../../../arm-none-eabi/lib/thumb/v7e-m+fp/hard\libm.a(lib_a-e_fmod.o)
                0x0800f9d8                . = ALIGN (0x4)

.ARM.extab      0x0800f9d8        0x0
                0x0800f9d8                . = ALIGN (0x4)
 *(.ARM.extab* .gnu.linkonce.armextab.*)
                0x0800f9d8                . = ALIGN (0x4)

.ARM            0x0800f9d8        0x8
                0x0800f9d8                . = ALIGN (0x4)
                0x0800f9d8                __exidx_start = .
 *(.ARM.exidx*)
 .ARM.exidx     0x0800f9d8        0x8 c:/progra~3/matlab/suppor~1/r2022b/3p778c~1.ins/gnuarm~1.ins/win/bin/../lib/gcc/arm-none-eabi/9.3.1/thumb/v7e-m+fp/hard\libgcc.a(_udivmoddi4.o)
                0x0800f9e0                __exidx_end = .
                0x0800f9e0                . = ALIGN (0x4)

.rel.dyn        0x0800f9e0        0x0
 .rel.iplt      0x0800f9e0        0x0 c:/progra~3/matlab/suppor~1/r2022b/3p778c~1.ins/gnuarm~1.ins/win/bin/../lib/gcc/arm-none-eabi/9.3.1/thumb/v7e-m+fp/hard/crtbegin.o

.preinit_array  0x0800f9e0        0x0
                0x0800f9e0                . = ALIGN (0x4)
                0x0800f9e0                PROVIDE (__preinit_array_start = .)
 *(.preinit_array*)
                0x0800f9e0                PROVIDE (__preinit_array_end = .)
                0x0800f9e0                . = ALIGN (0x4)

.init_array     0x0800f9e0        0x4
                0x0800f9e0                . = ALIGN (0x4)
                0x0800f9e0                PROVIDE (__init_array_start = .)
 *(SORT_BY_NAME(.init_array.*))
 *(.init_array*)
 .init_array    0x0800f9e0        0x4 c:/progra~3/matlab/suppor~1/r2022b/3p778c~1.ins/gnuarm~1.ins/win/bin/../lib/gcc/arm-none-eabi/9.3.1/thumb/v7e-m+fp/hard/crtbegin.o
                0x0800f9e4                PROVIDE (__init_array_end = .)
                0x0800f9e4                . = ALIGN (0x4)

.fini_array     0x0800f9e4        0x4
                0x0800f9e4                . = ALIGN (0x4)
                [!provide]                PROVIDE (__fini_array_start = .)
 *(SORT_BY_NAME(.fini_array.*))
 *(.fini_array*)
 .fini_array    0x0800f9e4        0x4 c:/progra~3/matlab/suppor~1/r2022b/3p778c~1.ins/gnuarm~1.ins/win/bin/../lib/gcc/arm-none-eabi/9.3.1/thumb/v7e-m+fp/hard/crtbegin.o
                [!provide]                PROVIDE (__fini_array_end = .)
                0x0800f9e8                . = ALIGN (0x4)
                0x0800f9e8                _sidata = LOADADDR (.data)

.data           0x20000000      0x100 load address 0x0800f9e8
                0x20000000                . = ALIGN (0x4)
                0x20000000                _sdata = .
 *(.data)
 *(.data*)
 .data.MBD_Status_Transit_P
                0x20000000        0x8 MBD_Status_Transit_data.o
                0x20000000                MBD_Status_Transit_P
 .data.xcpExtmodeFinalSimulationTime
                0x20000008        0x8 xcp_ext_common.o
                0x20000008                xcpExtmodeFinalSimulationTime
 .data.xcpClassicTriggerDuration
                0x20000010        0x4 xcp_ext_classic_trigger.o
                0x20000010                xcpClassicTriggerDuration
 .data.xcpClassicTriggerArmRequest
                0x20000014        0x1 xcp_ext_classic_trigger.o
                0x20000014                xcpClassicTriggerArmRequest
 *fill*         0x20000015        0x3 
 .data.startStopDaqListId
                0x20000018        0x4 xcp_daq.o
 .data.xcpCurrentDaq
                0x2000001c        0x4 xcp_daq.o
 .data.xcpEventCustomMemoryManager
                0x20000020        0xc xcp_daq.o
 .data.xcpCtoReservedMemPoolId
                0x2000002c        0x4 xcp_transport.o
 .data.xcpMemMainBlockSizes
                0x20000030        0xc xcp_mem_default.o
 .data.xcpMemMainBlocksNumber
                0x2000003c        0xc xcp_mem_default.o
 .data.drvID    0x20000048        0x4 xcp_drv_rtiostream.o
 .data.xcpCtoReservedMemPoolId
                0x2000004c        0x4 xcp_frame_serial.o
 .data.uartObj  0x20000050       0x40 rtiostream_serial.o
                0x20000050                uartObj
 .data.uwTickFreq
                0x20000090        0x1 stm32f4xx_hal.o
                0x20000090                uwTickFreq
 *fill*         0x20000091        0x3 
 .data.SystemCoreClock
                0x20000094        0x4 system_stm32f4xx.o
                0x20000094                SystemCoreClock
 .data.__fdlib_version
                0x20000098        0x1 c:/progra~3/matlab/suppor~1/r2022b/3p778c~1.ins/gnuarm~1.ins/win/bin/../lib/gcc/arm-none-eabi/9.3.1/../../../../arm-none-eabi/lib/thumb/v7e-m+fp/hard\libm.a(lib_a-s_lib_ver.o)
                0x20000098                __fdlib_version
 *fill*         0x20000099        0x3 
 .data._impure_ptr
                0x2000009c        0x4 c:/progra~3/matlab/suppor~1/r2022b/3p778c~1.ins/gnuarm~1.ins/win/bin/../lib/gcc/arm-none-eabi/9.3.1/../../../../arm-none-eabi/lib/thumb/v7e-m+fp/hard\libg_nano.a(lib_a-impure.o)
                0x2000009c                _impure_ptr
 .data.impure_data
                0x200000a0       0x60 c:/progra~3/matlab/suppor~1/r2022b/3p778c~1.ins/gnuarm~1.ins/win/bin/../lib/gcc/arm-none-eabi/9.3.1/../../../../arm-none-eabi/lib/thumb/v7e-m+fp/hard\libg_nano.a(lib_a-impure.o)
 *(.RamFunc)
 *(.RamFunc*)
                0x20000100                . = ALIGN (0x4)
                0x20000100                _edata = .
                0x0800fae8                _siccmram = LOADADDR (.ccmram)

.igot.plt       0x20000100        0x0 load address 0x0800fae8
 .igot.plt      0x20000100        0x0 c:/progra~3/matlab/suppor~1/r2022b/3p778c~1.ins/gnuarm~1.ins/win/bin/../lib/gcc/arm-none-eabi/9.3.1/thumb/v7e-m+fp/hard/crtbegin.o

.ccmram         0x10000000        0x0 load address 0x0800fae8
                0x10000000                . = ALIGN (0x4)
                0x10000000                _sccmram = .
 *(.ccmram)
 *(.ccmram*)
                0x10000000                . = ALIGN (0x4)
                0x10000000                _eccmram = .
                0x10000000                . = ALIGN (0x4)

.bss            0x20000100     0x128c
                0x20000100                _sbss = .
                0x20000100                __bss_start__ = _sbss
 *(.bss)
 .bss           0x20000100       0x1c c:/progra~3/matlab/suppor~1/r2022b/3p778c~1.ins/gnuarm~1.ins/win/bin/../lib/gcc/arm-none-eabi/9.3.1/thumb/v7e-m+fp/hard/crtbegin.o
 *(.bss*)
 .bss.xcpCustomTriggerFunction
                0x2000011c        0x8 xcp_ext_mode.o
 *fill*         0x20000124        0x4 
 .bss.MBD_Status_Transit_M_
                0x20000128       0x48 MBD_Status_Transit.o
 .bss.rt_ExtModeInfo.11580
                0x20000170       0x14 MBD_Status_Transit.o
 .bss.systemRan.11581
                0x20000184        0x8 MBD_Status_Transit.o
 .bss.IsrOverrun
                0x2000018c        0x4 ert_main.o
                0x2000018c                IsrOverrun
 .bss.OverrunFlag
                0x20000190        0x1 ert_main.o
 .bss.xcpModelStartRequest
                0x20000191        0x1 xcp_ext_common.o
                0x20000191                xcpModelStartRequest
 .bss.xcpModelStopRequest
                0x20000192        0x1 xcp_ext_common.o
                0x20000192                xcpModelStopRequest
 .bss.xcpModelStatus
                0x20000193        0x1 xcp_ext_common.o
                0x20000193                xcpModelStatus
 .bss.xcpModelChecksum0
                0x20000194        0x4 xcp_ext_common.o
                0x20000194                xcpModelChecksum0
 .bss.xcpModelChecksum1
                0x20000198        0x4 xcp_ext_common.o
                0x20000198                xcpModelChecksum1
 .bss.xcpModelChecksum2
                0x2000019c        0x4 xcp_ext_common.o
                0x2000019c                xcpModelChecksum2
 .bss.xcpModelChecksum3
                0x200001a0        0x4 xcp_ext_common.o
                0x200001a0                xcpModelChecksum3
 .bss.xcpModelIntegerCode
                0x200001a4        0x4 xcp_ext_common.o
                0x200001a4                xcpModelIntegerCode
 .bss.xcpExtmodeSimulationComplete
                0x200001a8        0x1 xcp_ext_common.o
                0x200001a8                xcpExtmodeSimulationComplete
 *fill*         0x200001a9        0x7 
 .bss.xcpDummyDoubleVariable
                0x200001b0        0x8 xcp_ext_common.o
                0x200001b0                xcpDummyDoubleVariable
 .bss.xcpCurrentSimulationTimeInMs
                0x200001b8        0x8 xcp_ext_common.o
                0x200001b8                xcpCurrentSimulationTimeInMs
 .bss.xcpBaseRateSimulationTime
                0x200001c0        0x8 xcp_ext_common.o
 .bss.xcpClassicTriggerEventId
                0x200001c8        0x2 xcp_ext_classic_trigger.o
                0x200001c8                xcpClassicTriggerEventId
 *fill*         0x200001ca        0x2 
 .bss.xcpClassicTriggerSignalAddress
                0x200001cc        0x4 xcp_ext_classic_trigger.o
                0x200001cc                xcpClassicTriggerSignalAddress
 .bss.xcpClassicTriggerSignalAddressExtension
                0x200001d0        0x1 xcp_ext_classic_trigger.o
                0x200001d0                xcpClassicTriggerSignalAddressExtension
 *fill*         0x200001d1        0x7 
 .bss.xcpClassicTriggerLevel
                0x200001d8        0x8 xcp_ext_classic_trigger.o
                0x200001d8                xcpClassicTriggerLevel
 .bss.xcpClassicTriggerHoldOff
                0x200001e0        0x4 xcp_ext_classic_trigger.o
                0x200001e0                xcpClassicTriggerHoldOff
 .bss.xcpClassicTriggerDelay
                0x200001e4        0x4 xcp_ext_classic_trigger.o
                0x200001e4                xcpClassicTriggerDelay
 .bss.xcpClassicTriggerDirection
                0x200001e8        0x1 xcp_ext_classic_trigger.o
                0x200001e8                xcpClassicTriggerDirection
 .bss.xcpClassicTriggerCancelRequest
                0x200001e9        0x1 xcp_ext_classic_trigger.o
                0x200001e9                xcpClassicTriggerCancelRequest
 .bss.xcpClassicTriggerSource
                0x200001ea        0x1 xcp_ext_classic_trigger.o
                0x200001ea                xcpClassicTriggerSource
 .bss.xcpClassicTriggerMode
                0x200001eb        0x1 xcp_ext_classic_trigger.o
                0x200001eb                xcpClassicTriggerMode
 .bss.xcpClassicTriggerStatus
                0x200001ec        0x1 xcp_ext_classic_trigger.o
                0x200001ec                xcpClassicTriggerStatus
 *fill*         0x200001ed        0x3 
 .bss.xcpOldSignalValue
                0x200001f0        0x8 xcp_ext_classic_trigger.o
 .bss.xcpOldSignalValueAvailable
                0x200001f8        0x1 xcp_ext_classic_trigger.o
 .bss.xcpOldClassicTriggerSource
                0x200001f9        0x1 xcp_ext_classic_trigger.o
 .bss.xcpTriggerEnabled
                0x200001fa        0x1 xcp_ext_classic_trigger.o
 .bss.xcpSignalTriggerFired
                0x200001fb        0x1 xcp_ext_classic_trigger.o
 .bss.xcpTriggerCount
                0x200001fc        0x4 xcp_ext_classic_trigger.o
 .bss.xcpForcedTriggerEnabled
                0x20000200        0x1 xcp_ext_classic_trigger.o
 .bss.xcpForceTriggerEnableRequest
                0x20000201        0x1 xcp_ext_classic_trigger.o
 .bss.initialized
                0x20000202        0x1 xcp.o
 .bss.xcpStatus
                0x20000203        0x1 xcp.o
 .bss.xcpSessionStatus
                0x20000204        0x1 xcp.o
 .bss.xcpResourceProtectionStatus
                0x20000205        0x1 xcp.o
 .bss.xcpSessionConfigurationId
                0x20000206        0x2 xcp.o
 .bss.groupPacketLookup
                0x20000208       0x10 xcp.o
 .bss.xcpMta    0x20000218        0x8 xcp_standard.o
 .bss.xcpUploadSize
                0x20000220        0x1 xcp_standard.o
 *fill*         0x20000221        0x3 
 .bss.packetLookup
                0x20000224        0x4 xcp_standard.o
 .bss.xcpDynamicDaqLists
                0x20000228        0x8 xcp_daq.o
 .bss.xcpRunningEventCounter
                0x20000230        0x4 xcp_daq.o
 .bss.daqLock   0x20000234        0x4 xcp_daq.o
 .bss.packetLookup
                0x20000238        0x4 xcp_daq.o
 .bss.packetLookup
                0x2000023c        0x4 xcp_calibration.o
 .bss.txFifo    0x20000240       0x10 xcp_transport.o
 .bss.txLock    0x20000250        0x4 xcp_transport.o
 .bss.rxFifo    0x20000254        0x8 xcp_transport.o
 .bss.rxLock    0x2000025c        0x4 xcp_transport.o
 .bss.initialized
                0x20000260        0x1 xcp_transport.o
 *fill*         0x20000261        0x3 
 .bss.xcpMemPoolDescriptors
                0x20000264       0xc0 xcp_mem_default.o
 .bss.xcpMemCustomPoolDescriptors
                0x20000324        0x8 xcp_mem_default.o
 .bss.xcpMemMainChunk
                0x2000032c      0x3e7 xcp_mem_default.o
 *fill*         0x20000713        0x1 
 .bss.xcpMemReservedPoolsChunk
                0x20000714      0x751 xcp_mem_default.o
 *fill*         0x20000e65        0x3 
 .bss.xcpMemReservedPoolsChunkUsedBytes
                0x20000e68        0x4 xcp_mem_default.o
 .bss.xcpMemLock
                0x20000e6c        0x4 xcp_mem_default.o
 .bss.forceBlocking
                0x20000e70        0x1 xcp_drv_rtiostream.o
 *fill*         0x20000e71        0x1 
 .bss.txCounter
                0x20000e72        0x2 xcp_frame_serial.o
 .bss.rxCounter
                0x20000e74        0x2 xcp_frame_serial.o
 *fill*         0x20000e76        0x2 
 .bss.firstRxCounterReceived
                0x20000e78        0x4 xcp_frame_serial.o
 .bss.initialized
                0x20000e7c        0x1 xcp_frame_serial.o
 *fill*         0x20000e7d        0x3 
 .bss.timestampInitialized
                0x20000e80        0x4 platform_timer.o
 .bss.timestampStartTime
                0x20000e84        0x4 platform_timer.o
 .bss.currentTime.11567
                0x20000e88        0x4 platform_timer.o
 *(COMMON)
 COMMON         0x20000e8c       0x18 stm_adc_ll.o
                0x20000e8c                mw_adc1
 COMMON         0x20000ea4       0x40 MBD_Status_Transit.o
                0x20000ea4                MBD_Status_Transit_DW
                0x20000ec4                MBD_Status_Transit_B
                0x20000ed4                MBD_Status_Transit_Y
 COMMON         0x20000ee4        0x2 ert_main.o
                0x20000ee4                runModel
                0x20000ee5                stopRequested
 *fill*         0x20000ee6        0x2 
 COMMON         0x20000ee8        0x8 SysTickScheduler.o
                0x20000ee8                schdl_counter_max
                0x20000eec                schdl_counter
 COMMON         0x20000ef0        0x4 m3m4m4f_multitasking.o
                0x20000ef0                taskToSchedule
 COMMON         0x20000ef4        0xc rtiostream_serial.o
                0x20000ef4                UARTRxBuffer
                0x20000ef8                mw_ext_h
                0x20000efc                UARTTxBuffer
 COMMON         0x20000f00      0x440 stm_usart.o
                0x20000f00                USART1ReceiveBuffer
                0x20001300                mw_usart1
 COMMON         0x20001340       0x48 stm32f4xx_hal_timebase_tim.o
                0x20001340                htim2
 COMMON         0x20001388        0x4 stm32f4xx_hal.o
                0x20001388                uwTick
                0x2000138c                . = ALIGN (0x4)
                0x2000138c                _ebss = .
                0x2000138c                __bss_end__ = _ebss

._user_heap_stack
                0x2000138c      0x604
                0x20001390                . = ALIGN (0x8)
 *fill*         0x2000138c        0x4 
                [!provide]                PROVIDE (end = .)
                0x20001390                PROVIDE (_end = .)
                0x20001590                . = (. + _Min_Heap_Size)
 *fill*         0x20001390      0x200 
                0x20001990                . = (. + _Min_Stack_Size)
 *fill*         0x20001590      0x400 
                0x20001990                . = ALIGN (0x8)

/DISCARD/
 libc.a(*)
 libm.a(*)
 libgcc.a(*)

.ARM.attributes
                0x00000000       0x30
 *(.ARM.attributes)
 .ARM.attributes
                0x00000000       0x1e c:/progra~3/matlab/suppor~1/r2022b/3p778c~1.ins/gnuarm~1.ins/win/bin/../lib/gcc/arm-none-eabi/9.3.1/thumb/v7e-m+fp/hard/crti.o
 .ARM.attributes
                0x0000001e       0x34 c:/progra~3/matlab/suppor~1/r2022b/3p778c~1.ins/gnuarm~1.ins/win/bin/../lib/gcc/arm-none-eabi/9.3.1/thumb/v7e-m+fp/hard/crtbegin.o
 .ARM.attributes
                0x00000052       0x34 stm_adc_ll.o
 .ARM.attributes
                0x00000086       0x34 xcp_ext_mode.o
 .ARM.attributes
                0x000000ba       0x34 MBD_Status_Transit.o
 .ARM.attributes
                0x000000ee       0x39 MBD_Status_Transit_data.o
 .ARM.attributes
                0x00000127       0x34 ert_main.o
 .ARM.attributes
                0x0000015b       0x34 xcp_ext_common.o
 .ARM.attributes
                0x0000018f       0x34 xcp_ext_classic_trigger.o
 .ARM.attributes
                0x000001c3       0x34 xcp.o
 .ARM.attributes
                0x000001f7       0x34 xcp_standard.o
 .ARM.attributes
                0x0000022b       0x34 xcp_daq.o
 .ARM.attributes
                0x0000025f       0x34 xcp_calibration.o
 .ARM.attributes
                0x00000293       0x34 xcp_fifo.o
 .ARM.attributes
                0x000002c7       0x34 xcp_transport.o
 .ARM.attributes
                0x000002fb       0x34 xcp_mem_default.o
 .ARM.attributes
                0x0000032f       0x34 xcp_drv_rtiostream.o
 .ARM.attributes
                0x00000363       0x34 xcp_utils.o
 .ARM.attributes
                0x00000397       0x34 xcp_frame_serial.o
 .ARM.attributes
                0x000003cb       0x34 xcp_ext_param_default_serial.o
 .ARM.attributes
                0x000003ff       0x34 overrideHALDelay.o
 .ARM.attributes
                0x00000433       0x34 platform_timer.o
 .ARM.attributes
                0x00000467       0x34 SysTickScheduler.o
 .ARM.attributes
                0x0000049b       0x34 m3m4m4f_multitasking.o
 .ARM.attributes
                0x000004cf       0x34 rtiostream_serial.o
 .ARM.attributes
                0x00000503       0x34 stm_usart.o
 .ARM.attributes
                0x00000537       0x34 sys_arch.o
 .ARM.attributes
                0x0000056b       0x34 main.o
 .ARM.attributes
                0x0000059f       0x34 gpio.o
 .ARM.attributes
                0x000005d3       0x34 adc.o
 .ARM.attributes
                0x00000607       0x34 dma.o
 .ARM.attributes
                0x0000063b       0x34 tim.o
 .ARM.attributes
                0x0000066f       0x34 usart.o
 .ARM.attributes
                0x000006a3       0x34 stm32f4xx_it.o
 .ARM.attributes
                0x000006d7       0x34 stm32f4xx_hal_msp.o
 .ARM.attributes
                0x0000070b       0x34 stm32f4xx_hal_timebase_tim.o
 .ARM.attributes
                0x0000073f       0x34 stm32f4xx_ll_gpio.o
 .ARM.attributes
                0x00000773       0x34 stm32f4xx_ll_adc.o
 .ARM.attributes
                0x000007a7       0x34 stm32f4xx_ll_rcc.o
 .ARM.attributes
                0x000007db       0x34 stm32f4xx_ll_utils.o
 .ARM.attributes
                0x0000080f       0x34 stm32f4xx_hal_rcc.o
 .ARM.attributes
                0x00000843       0x34 stm32f4xx_hal_cortex.o
 .ARM.attributes
                0x00000877       0x34 stm32f4xx_hal.o
 .ARM.attributes
                0x000008ab       0x34 stm32f4xx_hal_tim.o
 .ARM.attributes
                0x000008df       0x34 stm32f4xx_hal_tim_ex.o
 .ARM.attributes
                0x00000913       0x34 stm32f4xx_ll_tim.o
 .ARM.attributes
                0x00000947       0x34 stm32f4xx_ll_usart.o
 .ARM.attributes
                0x0000097b       0x34 system_stm32f4xx.o
 .ARM.attributes
                0x000009af       0x21 startup_stm32f407vetx.o
 .ARM.attributes
                0x000009d0       0x34 c:/progra~3/matlab/suppor~1/r2022b/3p778c~1.ins/gnuarm~1.ins/win/bin/../lib/gcc/arm-none-eabi/9.3.1/../../../../arm-none-eabi/lib/thumb/v7e-m+fp/hard\libm.a(lib_a-w_fmod.o)
 .ARM.attributes
                0x00000a04       0x34 c:/progra~3/matlab/suppor~1/r2022b/3p778c~1.ins/gnuarm~1.ins/win/bin/../lib/gcc/arm-none-eabi/9.3.1/../../../../arm-none-eabi/lib/thumb/v7e-m+fp/hard\libm.a(lib_a-e_fmod.o)
 .ARM.attributes
                0x00000a38       0x32 c:/progra~3/matlab/suppor~1/r2022b/3p778c~1.ins/gnuarm~1.ins/win/bin/../lib/gcc/arm-none-eabi/9.3.1/../../../../arm-none-eabi/lib/thumb/v7e-m+fp/hard\libm.a(lib_a-s_lib_ver.o)
 .ARM.attributes
                0x00000a6a       0x1e c:/progra~3/matlab/suppor~1/r2022b/3p778c~1.ins/gnuarm~1.ins/win/bin/../lib/gcc/arm-none-eabi/9.3.1/thumb/v7e-m+fp/hard\libgcc.a(_arm_addsubdf3.o)
 .ARM.attributes
                0x00000a88       0x1e c:/progra~3/matlab/suppor~1/r2022b/3p778c~1.ins/gnuarm~1.ins/win/bin/../lib/gcc/arm-none-eabi/9.3.1/thumb/v7e-m+fp/hard\libgcc.a(_arm_muldivdf3.o)
 .ARM.attributes
                0x00000aa6       0x1e c:/progra~3/matlab/suppor~1/r2022b/3p778c~1.ins/gnuarm~1.ins/win/bin/../lib/gcc/arm-none-eabi/9.3.1/thumb/v7e-m+fp/hard\libgcc.a(_arm_cmpdf2.o)
 .ARM.attributes
                0x00000ac4       0x1e c:/progra~3/matlab/suppor~1/r2022b/3p778c~1.ins/gnuarm~1.ins/win/bin/../lib/gcc/arm-none-eabi/9.3.1/thumb/v7e-m+fp/hard\libgcc.a(_arm_unorddf2.o)
 .ARM.attributes
                0x00000ae2       0x1e c:/progra~3/matlab/suppor~1/r2022b/3p778c~1.ins/gnuarm~1.ins/win/bin/../lib/gcc/arm-none-eabi/9.3.1/thumb/v7e-m+fp/hard\libgcc.a(_arm_fixunsdfsi.o)
 .ARM.attributes
                0x00000b00       0x1e c:/progra~3/matlab/suppor~1/r2022b/3p778c~1.ins/gnuarm~1.ins/win/bin/../lib/gcc/arm-none-eabi/9.3.1/thumb/v7e-m+fp/hard\libgcc.a(_aeabi_uldivmod.o)
 .ARM.attributes
                0x00000b1e       0x34 c:/progra~3/matlab/suppor~1/r2022b/3p778c~1.ins/gnuarm~1.ins/win/bin/../lib/gcc/arm-none-eabi/9.3.1/thumb/v7e-m+fp/hard\libgcc.a(_udivmoddi4.o)
 .ARM.attributes
                0x00000b52       0x1e c:/progra~3/matlab/suppor~1/r2022b/3p778c~1.ins/gnuarm~1.ins/win/bin/../lib/gcc/arm-none-eabi/9.3.1/thumb/v7e-m+fp/hard\libgcc.a(_dvmd_tls.o)
 .ARM.attributes
                0x00000b70       0x34 c:/progra~3/matlab/suppor~1/r2022b/3p778c~1.ins/gnuarm~1.ins/win/bin/../lib/gcc/arm-none-eabi/9.3.1/../../../../arm-none-eabi/lib/thumb/v7e-m+fp/hard\libg_nano.a(lib_a-errno.o)
 .ARM.attributes
                0x00000ba4       0x32 c:/progra~3/matlab/suppor~1/r2022b/3p778c~1.ins/gnuarm~1.ins/win/bin/../lib/gcc/arm-none-eabi/9.3.1/../../../../arm-none-eabi/lib/thumb/v7e-m+fp/hard\libg_nano.a(lib_a-impure.o)
 .ARM.attributes
                0x00000bd6       0x34 c:/progra~3/matlab/suppor~1/r2022b/3p778c~1.ins/gnuarm~1.ins/win/bin/../lib/gcc/arm-none-eabi/9.3.1/../../../../arm-none-eabi/lib/thumb/v7e-m+fp/hard\libg_nano.a(lib_a-init.o)
 .ARM.attributes
                0x00000c0a       0x34 c:/progra~3/matlab/suppor~1/r2022b/3p778c~1.ins/gnuarm~1.ins/win/bin/../lib/gcc/arm-none-eabi/9.3.1/../../../../arm-none-eabi/lib/thumb/v7e-m+fp/hard\libg_nano.a(lib_a-memcpy-stub.o)
 .ARM.attributes
                0x00000c3e       0x34 c:/progra~3/matlab/suppor~1/r2022b/3p778c~1.ins/gnuarm~1.ins/win/bin/../lib/gcc/arm-none-eabi/9.3.1/../../../../arm-none-eabi/lib/thumb/v7e-m+fp/hard\libg_nano.a(lib_a-memset.o)
 .ARM.attributes
                0x00000c72       0x1e c:/progra~3/matlab/suppor~1/r2022b/3p778c~1.ins/gnuarm~1.ins/win/bin/../lib/gcc/arm-none-eabi/9.3.1/thumb/v7e-m+fp/hard/crtn.o
OUTPUT(../MBD_Status_Transit.elf elf32-littlearm)
LOAD linker stubs
LOAD c:/progra~3/matlab/suppor~1/r2022b/3p778c~1.ins/gnuarm~1.ins/win/bin/../lib/gcc/arm-none-eabi/9.3.1/../../../../arm-none-eabi/lib/thumb/v7e-m+fp/hard\libc.a
LOAD c:/progra~3/matlab/suppor~1/r2022b/3p778c~1.ins/gnuarm~1.ins/win/bin/../lib/gcc/arm-none-eabi/9.3.1/../../../../arm-none-eabi/lib/thumb/v7e-m+fp/hard\libm.a
LOAD c:/progra~3/matlab/suppor~1/r2022b/3p778c~1.ins/gnuarm~1.ins/win/bin/../lib/gcc/arm-none-eabi/9.3.1/thumb/v7e-m+fp/hard\libgcc.a

.debug_info     0x00000000    0x28717
 .debug_info    0x00000000     0x1d99 stm_adc_ll.o
 .debug_info    0x00001d99     0x12c6 xcp_ext_mode.o
 .debug_info    0x0000305f      0xa4c MBD_Status_Transit.o
 .debug_info    0x00003aab      0x6f1 MBD_Status_Transit_data.o
 .debug_info    0x0000419c     0x126c ert_main.o
 .debug_info    0x00005408     0x1009 xcp_ext_common.o
 .debug_info    0x00006411     0x1082 xcp_ext_classic_trigger.o
 .debug_info    0x00007493     0x1aed xcp.o
 .debug_info    0x00008f80     0x173b xcp_standard.o
 .debug_info    0x0000a6bb     0x2844 xcp_daq.o
 .debug_info    0x0000ceff     0x1011 xcp_calibration.o
 .debug_info    0x0000df10      0xc6d xcp_fifo.o
 .debug_info    0x0000eb7d     0x1179 xcp_transport.o
 .debug_info    0x0000fcf6     0x10fe xcp_mem_default.o
 .debug_info    0x00010df4      0xe96 xcp_drv_rtiostream.o
 .debug_info    0x00011c8a       0xe5 xcp_utils.o
 .debug_info    0x00011d6f     0x10a1 xcp_frame_serial.o
 .debug_info    0x00012e10      0xb87 xcp_ext_param_default_serial.o
 .debug_info    0x00013997      0x252 overrideHALDelay.o
 .debug_info    0x00013be9      0x8f2 platform_timer.o
 .debug_info    0x000144db      0x8dc SysTickScheduler.o
 .debug_info    0x00014db7      0x235 m3m4m4f_multitasking.o
 .debug_info    0x00014fec      0x67d rtiostream_serial.o
 .debug_info    0x00015669     0x28c9 stm_usart.o
 .debug_info    0x00017f32      0x2e4 sys_arch.o
 .debug_info    0x00018216      0xc39 main.o
 .debug_info    0x00018e4f      0x56f gpio.o
 .debug_info    0x000193be     0x136f adc.o
 .debug_info    0x0001a72d      0xa23 dma.o
 .debug_info    0x0001b150      0x984 tim.o
 .debug_info    0x0001bad4      0xa5d usart.o
 .debug_info    0x0001c531      0x8b4 stm32f4xx_it.o
 .debug_info    0x0001cde5      0x411 stm32f4xx_hal_msp.o
 .debug_info    0x0001d1f6      0xc68 stm32f4xx_hal_timebase_tim.o
 .debug_info    0x0001de5e      0xa9e stm32f4xx_ll_gpio.o
 .debug_info    0x0001e8fc      0x9df stm32f4xx_ll_adc.o