Archive member included to satisfy reference by file (symbol)

c:/progra~3/matlab/suppor~1/r2022b/3p778c~1.ins/gnuarm~1.ins/win/bin/../lib/gcc/arm-none-eabi/9.3.1/../../../../arm-none-eabi/lib/thumb/v7e-m+fp/hard\libm.a(lib_a-w_fmod.o)
                              xcp_ext_common.o (fmod)
c:/progra~3/matlab/suppor~1/r2022b/3p778c~1.ins/gnuarm~1.ins/win/bin/../lib/gcc/arm-none-eabi/9.3.1/../../../../arm-none-eabi/lib/thumb/v7e-m+fp/hard\libm.a(lib_a-e_fmod.o)
                              c:/progra~3/matlab/suppor~1/r2022b/3p778c~1.ins/gnuarm~1.ins/win/bin/../lib/gcc/arm-none-eabi/9.3.1/../../../../arm-none-eabi/lib/thumb/v7e-m+fp/hard\libm.a(lib_a-w_fmod.o) (__ieee754_fmod)
c:/progra~3/matlab/suppor~1/r2022b/3p778c~1.ins/gnuarm~1.ins/win/bin/../lib/gcc/arm-none-eabi/9.3.1/../../../../arm-none-eabi/lib/thumb/v7e-m+fp/hard\libm.a(lib_a-s_lib_ver.o)
                              c:/progra~3/matlab/suppor~1/r2022b/3p778c~1.ins/gnuarm~1.ins/win/bin/../lib/gcc/arm-none-eabi/9.3.1/../../../../arm-none-eabi/lib/thumb/v7e-m+fp/hard\libm.a(lib_a-w_fmod.o) (__fdlib_version)
c:/progra~3/matlab/suppor~1/r2022b/3p778c~1.ins/gnuarm~1.ins/win/bin/../lib/gcc/arm-none-eabi/9.3.1/thumb/v7e-m+fp/hard\libgcc.a(_arm_muldf3.o)
                              MBD_Status_Transit.o (__aeabi_dmul)
c:/progra~3/matlab/suppor~1/r2022b/3p778c~1.ins/gnuarm~1.ins/win/bin/../lib/gcc/arm-none-eabi/9.3.1/thumb/v7e-m+fp/hard\libgcc.a(_arm_addsubdf3.o)
                              xcp_ext_common.o (__aeabi_dsub)
c:/progra~3/matlab/suppor~1/r2022b/3p778c~1.ins/gnuarm~1.ins/win/bin/../lib/gcc/arm-none-eabi/9.3.1/thumb/v7e-m+fp/hard\libgcc.a(_arm_muldivdf3.o)
                              xcp_ext_common.o (__aeabi_ddiv)
c:/progra~3/matlab/suppor~1/r2022b/3p778c~1.ins/gnuarm~1.ins/win/bin/../lib/gcc/arm-none-eabi/9.3.1/thumb/v7e-m+fp/hard\libgcc.a(_arm_cmpdf2.o)
                              xcp_ext_mode.o (__aeabi_dcmpeq)
c:/progra~3/matlab/suppor~1/r2022b/3p778c~1.ins/gnuarm~1.ins/win/bin/../lib/gcc/arm-none-eabi/9.3.1/thumb/v7e-m+fp/hard\libgcc.a(_arm_unorddf2.o)
                              c:/progra~3/matlab/suppor~1/r2022b/3p778c~1.ins/gnuarm~1.ins/win/bin/../lib/gcc/arm-none-eabi/9.3.1/../../../../arm-none-eabi/lib/thumb/v7e-m+fp/hard\libm.a(lib_a-w_fmod.o) (__aeabi_dcmpun)
c:/progra~3/matlab/suppor~1/r2022b/3p778c~1.ins/gnuarm~1.ins/win/bin/../lib/gcc/arm-none-eabi/9.3.1/thumb/v7e-m+fp/hard\libgcc.a(_arm_fixunsdfsi.o)
                              xcp_ext_common.o (__aeabi_d2uiz)
c:/progra~3/matlab/suppor~1/r2022b/3p778c~1.ins/gnuarm~1.ins/win/bin/../lib/gcc/arm-none-eabi/9.3.1/thumb/v7e-m+fp/hard\libgcc.a(_aeabi_uldivmod.o)
                              stm32f4xx_hal_rcc.o (__aeabi_uldivmod)
c:/progra~3/matlab/suppor~1/r2022b/3p778c~1.ins/gnuarm~1.ins/win/bin/../lib/gcc/arm-none-eabi/9.3.1/thumb/v7e-m+fp/hard\libgcc.a(_udivmoddi4.o)
                              c:/progra~3/matlab/suppor~1/r2022b/3p778c~1.ins/gnuarm~1.ins/win/bin/../lib/gcc/arm-none-eabi/9.3.1/thumb/v7e-m+fp/hard\libgcc.a(_aeabi_uldivmod.o) (__udivmoddi4)
c:/progra~3/matlab/suppor~1/r2022b/3p778c~1.ins/gnuarm~1.ins/win/bin/../lib/gcc/arm-none-eabi/9.3.1/thumb/v7e-m+fp/hard\libgcc.a(_dvmd_tls.o)
                              c:/progra~3/matlab/suppor~1/r2022b/3p778c~1.ins/gnuarm~1.ins/win/bin/../lib/gcc/arm-none-eabi/9.3.1/thumb/v7e-m+fp/hard\libgcc.a(_aeabi_uldivmod.o) (__aeabi_ldiv0)
c:/progra~3/matlab/suppor~1/r2022b/3p778c~1.ins/gnuarm~1.ins/win/bin/../lib/gcc/arm-none-eabi/9.3.1/../../../../arm-none-eabi/lib/thumb/v7e-m+fp/hard\libg_nano.a(lib_a-errno.o)
                              syscalls.o (__errno)
c:/progra~3/matlab/suppor~1/r2022b/3p778c~1.ins/gnuarm~1.ins/win/bin/../lib/gcc/arm-none-eabi/9.3.1/../../../../arm-none-eabi/lib/thumb/v7e-m+fp/hard\libg_nano.a(lib_a-exit.o)
                              c:/progra~3/matlab/suppor~1/r2022b/3p778c~1.ins/gnuarm~1.ins/win/bin/../lib/gcc/arm-none-eabi/9.3.1/../../../../arm-none-eabi/lib/thumb/v7e-m+fp/hard/crt0.o (exit)
c:/progra~3/matlab/suppor~1/r2022b/3p778c~1.ins/gnuarm~1.ins/win/bin/../lib/gcc/arm-none-eabi/9.3.1/../../../../arm-none-eabi/lib/thumb/v7e-m+fp/hard\libg_nano.a(lib_a-impure.o)
                              c:/progra~3/matlab/suppor~1/r2022b/3p778c~1.ins/gnuarm~1.ins/win/bin/../lib/gcc/arm-none-eabi/9.3.1/../../../../arm-none-eabi/lib/thumb/v7e-m+fp/hard\libg_nano.a(lib_a-exit.o) (_global_impure_ptr)
c:/progra~3/matlab/suppor~1/r2022b/3p778c~1.ins/gnuarm~1.ins/win/bin/../lib/gcc/arm-none-eabi/9.3.1/../../../../arm-none-eabi/lib/thumb/v7e-m+fp/hard\libg_nano.a(lib_a-init.o)
                              c:/progra~3/matlab/suppor~1/r2022b/3p778c~1.ins/gnuarm~1.ins/win/bin/../lib/gcc/arm-none-eabi/9.3.1/../../../../arm-none-eabi/lib/thumb/v7e-m+fp/hard/crt0.o (__libc_init_array)
c:/progra~3/matlab/suppor~1/r2022b/3p778c~1.ins/gnuarm~1.ins/win/bin/../lib/gcc/arm-none-eabi/9.3.1/../../../../arm-none-eabi/lib/thumb/v7e-m+fp/hard\libg_nano.a(lib_a-memcpy-stub.o)
                              xcp.o (memcpy)
[...]
Memory Configuration

Name             Origin             Length             Attributes
CCMRAM           0x10000000         0x00010000         xrw
RAM              0x20000000         0x00020000         xrw
FLASH            0x08000000         0x00080000         xr
*default*        0x00000000         0xffffffff

Linker script and memory map

LOAD c:/progra~3/matlab/suppor~1/r2022b/3p778c~1.ins/gnuarm~1.ins/win/bin/../lib/gcc/arm-none-eabi/9.3.1/thumb/v7e-m+fp/hard/crti.o
LOAD c:/progra~3/matlab/suppor~1/r2022b/3p778c~1.ins/gnuarm~1.ins/win/bin/../lib/gcc/arm-none-eabi/9.3.1/thumb/v7e-m+fp/hard/crtbegin.o
LOAD c:/progra~3/matlab/suppor~1/r2022b/3p778c~1.ins/gnuarm~1.ins/win/bin/../lib/gcc/arm-none-eabi/9.3.1/../../../../arm-none-eabi/lib/thumb/v7e-m+fp/hard/crt0.o
LOAD stm_adc_ll.o
LOAD xcp_ext_mode.o
LOAD MBD_Status_Transit.o
LOAD MBD_Status_Transit_data.o
LOAD ert_main.o
LOAD xcp_ext_common.o
LOAD xcp_ext_classic_trigger.o
LOAD xcp.o
LOAD xcp_standard.o
LOAD xcp_daq.o
LOAD xcp_calibration.o
LOAD xcp_fifo.o
LOAD xcp_transport.o
LOAD xcp_mem_default.o
LOAD xcp_drv_rtiostream.o
LOAD xcp_utils.o
LOAD xcp_frame_serial.o
LOAD xcp_ext_param_default_serial.o
LOAD overrideHALDelay.o
LOAD platform_timer.o
LOAD SysTickScheduler.o
LOAD m3m4m4f_multitasking.o
LOAD rtiostream_serial.o
LOAD stm_usart.o
LOAD sys_arch.o
LOAD main.o
LOAD gpio.o
LOAD adc.o
LOAD dma.o
LOAD tim.o
LOAD usart.o
LOAD stm32f4xx_it.o
LOAD stm32f4xx_hal_msp.o
LOAD stm32f4xx_hal_timebase_tim.o
LOAD stm32f4xx_ll_gpio.o
LOAD stm32f4xx_ll_adc.o
LOAD stm32f4xx_ll_dma.o
LOAD stm32f4xx_ll_rcc.o
LOAD stm32f4xx_ll_utils.o
LOAD stm32f4xx_ll_exti.o
LOAD stm32f4xx_hal_rcc.o
LOAD stm32f4xx_hal_rcc_ex.o
LOAD stm32f4xx_hal_flash.o
LOAD stm32f4xx_hal_flash_ex.o
LOAD stm32f4xx_hal_flash_ramfunc.o
LOAD stm32f4xx_hal_gpio.o
LOAD stm32f4xx_hal_dma_ex.o
LOAD stm32f4xx_hal_dma.o
LOAD stm32f4xx_hal_pwr.o
LOAD stm32f4xx_hal_pwr_ex.o
LOAD stm32f4xx_hal_cortex.o
LOAD stm32f4xx_hal.o
LOAD stm32f4xx_hal_exti.o
LOAD stm32f4xx_hal_tim.o
LOAD stm32f4xx_hal_tim_ex.o
LOAD stm32f4xx_ll_tim.o
LOAD stm32f4xx_ll_usart.o
LOAD system_stm32f4xx.o
LOAD syscalls.o
LOAD sysmem.o
LOAD startup_stm32f407vetx.o
LOAD C:/ProgramData/MATLAB/SupportPackages/R2022b/3P.instrset/cmsis.instrset/CMSIS/DSP/Lib/GCC/libarm_cortexM4lf_math.a
LOAD c:/progra~3/matlab/suppor~1/r2022b/3p778c~1.ins/gnuarm~1.ins/win/bin/../lib/gcc/arm-none-eabi/9.3.1/../../../../arm-none-eabi/lib/thumb/v7e-m+fp/hard\libstdc++_nano.a
LOAD c:/progra~3/matlab/suppor~1/r2022b/3p778c~1.ins/gnuarm~1.ins/win/bin/../lib/gcc/arm-none-eabi/9.3.1/../../../../arm-none-eabi/lib/thumb/v7e-m+fp/hard\libm.a
START GROUP
LOAD c:/progra~3/matlab/suppor~1/r2022b/3p778c~1.ins/gnuarm~1.ins/win/bin/../lib/gcc/arm-none-eabi/9.3.1/thumb/v7e-m+fp/hard\libgcc.a
LOAD c:/progra~3/matlab/suppor~1/r2022b/3p778c~1.ins/gnuarm~1.ins/win/bin/../lib/gcc/arm-none-eabi/9.3.1/../../../../arm-none-eabi/lib/thumb/v7e-m+fp/hard\libg_nano.a
LOAD c:/progra~3/matlab/suppor~1/r2022b/3p778c~1.ins/gnuarm~1.ins/win/bin/../lib/gcc/arm-none-eabi/9.3.1/../../../../arm-none-eabi/lib/thumb/v7e-m+fp/hard\libc_nano.a
END GROUP
START GROUP
LOAD c:/progra~3/matlab/suppor~1/r2022b/3p778c~1.ins/gnuarm~1.ins/win/bin/../lib/gcc/arm-none-eabi/9.3.1/thumb/v7e-m+fp/hard\libgcc.a
LOAD c:/progra~3/matlab/suppor~1/r2022b/3p778c~1.ins/gnuarm~1.ins/win/bin/../lib/gcc/arm-none-eabi/9.3.1/../../../../arm-none-eabi/lib/thumb/v7e-m+fp/hard\libc_nano.a
LOAD c:/progra~3/matlab/suppor~1/r2022b/3p778c~1.ins/gnuarm~1.ins/win/bin/../lib/gcc/arm-none-eabi/9.3.1/../../../../arm-none-eabi/lib/thumb/v7e-m+fp/hard\libnosys.a
END GROUP
START GROUP
LOAD c:/progra~3/matlab/suppor~1/r2022b/3p778c~1.ins/gnuarm~1.ins/win/bin/../lib/gcc/arm-none-eabi/9.3.1/thumb/v7e-m+fp/hard\libgcc.a
LOAD c:/progra~3/matlab/suppor~1/r2022b/3p778c~1.ins/gnuarm~1.ins/win/bin/../lib/gcc/arm-none-eabi/9.3.1/../../../../arm-none-eabi/lib/thumb/v7e-m+fp/hard\libc_nano.a
LOAD c:/progra~3/matlab/suppor~1/r2022b/3p778c~1.ins/gnuarm~1.ins/win/bin/../lib/gcc/arm-none-eabi/9.3.1/../../../../arm-none-eabi/lib/thumb/v7e-m+fp/hard\libnosys.a
END GROUP
LOAD c:/progra~3/matlab/suppor~1/r2022b/3p778c~1.ins/gnuarm~1.ins/win/bin/../lib/gcc/arm-none-eabi/9.3.1/thumb/v7e-m+fp/hard/crtend.o
LOAD c:/progra~3/matlab/suppor~1/r2022b/3p778c~1.ins/gnuarm~1.ins/win/bin/../lib/gcc/arm-none-eabi/9.3.1/thumb/v7e-m+fp/hard/crtn.o
                0x20020000                _estack = (ORIGIN (RAM) + LENGTH (RAM))
                0x00000200                _Min_Heap_Size = 0x200
                0x00000400                _Min_Stack_Size = 0x400

.isr_vector     0x08000000      0x188
                0x08000000                . = ALIGN (0x4)
 *(.isr_vector)
 .isr_vector    0x08000000      0x188 startup_stm32f407vetx.o
                0x08000000                g_pfnVectors
                0x08000188                . = ALIGN (0x4)

.text           0x08000188     0xc8dc
                0x08000188                . = ALIGN (0x4)
 *(.text)
 .text          0x08000188       0x40 c:/progra~3/matlab/suppor~1/r2022b/3p778c~1.ins/gnuarm~1.ins/win/bin/../lib/gcc/arm-none-eabi/9.3.1/thumb/v7e-m+fp/hard/crtbegin.o
 .text          0x080001c8      0x378 c:/progra~3/matlab/suppor~1/r2022b/3p778c~1.ins/gnuarm~1.ins/win/bin/../lib/gcc/arm-none-eabi/9.3.1/thumb/v7e-m+fp/hard\libgcc.a(_arm_addsubdf3.o)
                0x080001c8                __aeabi_drsub
                0x080001d0                __aeabi_dsub
                0x080001d0                __subdf3
                0x080001d4                __aeabi_dadd
                0x080001d4                __adddf3
                0x0800044c                __floatunsidf
                0x0800044c                __aeabi_ui2d
                0x0800046c                __floatsidf
                0x0800046c                __aeabi_i2d
                0x08000490                __aeabi_f2d
                0x08000490                __extendsfdf2
                0x080004d4                __floatundidf
                0x080004d4                __aeabi_ul2d
                0x080004e4                __floatdidf
                0x080004e4                __aeabi_l2d
 .text          0x08000540      0x424 c:/progra~3/matlab/suppor~1/r2022b/3p778c~1.ins/gnuarm~1.ins/win/bin/../lib/gcc/arm-none-eabi/9.3.1/thumb/v7e-m+fp/hard\libgcc.a(_arm_muldivdf3.o)
                0x08000540                __aeabi_dmul
                0x08000540                __muldf3
                0x08000794                __divdf3
                0x08000794                __aeabi_ddiv
 .text          0x08000964      0x110 c:/progra~3/matlab/suppor~1/r2022b/3p778c~1.ins/gnuarm~1.ins/win/bin/../lib/gcc/arm-none-eabi/9.3.1/thumb/v7e-m+fp/hard\libgcc.a(_arm_cmpdf2.o)
                0x08000964                __gtdf2
                0x08000964                __gedf2
                0x0800096c                __ltdf2
                0x0800096c                __ledf2
                0x08000974                __nedf2
                0x08000974                __eqdf2
                0x08000974                __cmpdf2
                0x080009f0                __aeabi_cdrcmple
                0x08000a00                __aeabi_cdcmpeq
                0x08000a00                __aeabi_cdcmple
                0x08000a10                __aeabi_dcmpeq
                0x08000a24                __aeabi_dcmplt
                0x08000a38                __aeabi_dcmple
                0x08000a4c                __aeabi_dcmpge
                0x08000a60                __aeabi_dcmpgt
 .text          0x08000a74       0x2c c:/progra~3/matlab/suppor~1/r2022b/3p778c~1.ins/gnuarm~1.ins/win/bin/../lib/gcc/arm-none-eabi/9.3.1/thumb/v7e-m+fp/hard\libgcc.a(_arm_unorddf2.o)
                0x08000a74                __unorddf2
                0x08000a74                __aeabi_dcmpun
 .text          0x08000aa0       0x40 c:/progra~3/matlab/suppor~1/r2022b/3p778c~1.ins/gnuarm~1.ins/win/bin/../lib/gcc/arm-none-eabi/9.3.1/thumb/v7e-m+fp/hard\libgcc.a(_arm_fixunsdfsi.o)
                0x08000aa0                __aeabi_d2uiz
                0x08000aa0                __fixunsdfsi
 .text          0x08000ae0       0x30 c:/progra~3/matlab/suppor~1/r2022b/3p778c~1.ins/gnuarm~1.ins/win/bin/../lib/gcc/arm-none-eabi/9.3.1/thumb/v7e-m+fp/hard\libgcc.a(_aeabi_uldivmod.o)
                0x08000ae0                __aeabi_uldivmod
 .text          0x08000b10      0x2c4 c:/progra~3/matlab/suppor~1/r2022b/3p778c~1.ins/gnuarm~1.ins/win/bin/../lib/gcc/arm-none-eabi/9.3.1/thumb/v7e-m+fp/hard\libgcc.a(_udivmoddi4.o)
                0x08000b10                __udivmoddi4
 .text          0x08000dd4        0x4 c:/progra~3/matlab/suppor~1/r2022b/3p778c~1.ins/gnuarm~1.ins/win/bin/../lib/gcc/arm-none-eabi/9.3.1/thumb/v7e-m+fp/hard\libgcc.a(_dvmd_tls.o)
                0x08000dd4                __aeabi_idiv0
                0x08000dd4                __aeabi_ldiv0
 *(.text*)
 .text.LL_ADC_REG_IsTriggerSourceSWStart
                0x08000dd8       0x26 stm_adc_ll.o
 .text.LL_ADC_REG_SetSequencerLength
                0x08000dfe       0x26 stm_adc_ll.o
 .text.LL_ADC_REG_SetDMATransfer
                0x08000e24       0x26 stm_adc_ll.o
 .text.LL_ADC_Enable
                0x08000e4a       0x20 stm_adc_ll.o
 .text.LL_ADC_Disable
                0x08000e6a       0x20 stm_adc_ll.o
 .text.LL_ADC_IsEnabled
                0x08000e8a       0x26 stm_adc_ll.o
 .text.LL_ADC_REG_StartConversionSWStart
                0x08000eb0       0x20 stm_adc_ll.o
 .text.LL_ADC_REG_ReadConversionData12
                0x08000ed0       0x1a stm_adc_ll.o
 .text.LL_ADC_IsActiveFlag_EOCS
                0x08000eea       0x26 stm_adc_ll.o
 .text.LL_ADC_IsActiveFlag_OVR
                0x08000f10       0x26 stm_adc_ll.o
 .text.LL_ADC_ClearFlag_EOCS
                0x08000f36       0x1c stm_adc_ll.o
 .text.LL_ADC_ClearFlag_OVR
                0x08000f52       0x1c stm_adc_ll.o
 .text.LL_ADC_EnableIT_EOCS
                0x08000f6e       0x20 stm_adc_ll.o
 .text.LL_ADC_EnableIT_JEOS
                0x08000f8e       0x20 stm_adc_ll.o
 .text.LL_ADC_DisableIT_EOCS
                0x08000fae       0x20 stm_adc_ll.o
 .text.LL_ADC_DisableIT_OVR
                0x08000fce       0x20 stm_adc_ll.o
 .text.LL_ADC_DisableIT_JEOS
                0x08000fee       0x20 stm_adc_ll.o
 .text.LL_ADC_DisableIT_AWD1
                0x0800100e       0x20 stm_adc_ll.o
 .text.LL_ADC_IsEnabledIT_OVR
                0x0800102e       0x28 stm_adc_ll.o
 .text.LL_ADC_IsEnabledIT_AWD1
                0x08001056       0x26 stm_adc_ll.o
 .text.regularADCTrigger
                0x0800107c       0x86 stm_adc_ll.o
 .text.configure_ADCs_DMA
                0x08001102       0x1a stm_adc_ll.o
 .text.deconfigure_ADCs_DMA
                0x0800111c       0x18 stm_adc_ll.o
 .text.ADC_IsActiveFlagOVR
                0x08001134       0x42 stm_adc_ll.o
                0x08001134                ADC_IsActiveFlagOVR
 .text.ADC_IRQHandler
                0x08001176        0xe stm_adc_ll.o
                0x08001176                ADC_IRQHandler
 .text.startADCConversionForExternalTrigger
                0x08001184       0x18 stm_adc_ll.o
                0x08001184                startADCConversionForExternalTrigger
 .text.ADC_Handle_Init
                0x0800119c      0x120 stm_adc_ll.o
                0x0800119c                ADC_Handle_Init
 .text.enableADC
                0x080012bc       0x2a stm_adc_ll.o
                0x080012bc                enableADC
 .text.regularReadADCNormal
                0x080012e6      0x10a stm_adc_ll.o
                0x080012e6                regularReadADCNormal
 .text.ADC_Handle_Deinit
                0x080013f0       0xee stm_adc_ll.o
                0x080013f0                ADC_Handle_Deinit
 .text.extmodeParseArgs
                0x080014de       0x1e xcp_ext_mode.o
                0x080014de                extmodeParseArgs
 .text.extmodeInit
                0x080014fc      0x128 xcp_ext_mode.o
                0x080014fc                extmodeInit
 .text.extmodeWaitForHostRequest
                0x08001624       0xcc xcp_ext_mode.o
                0x08001624                extmodeWaitForHostRequest
 .text.extmodeEvent
                0x080016f0       0xfc xcp_ext_mode.o
                0x080016f0                extmodeEvent
 .text.extmodeBackgroundRun
                0x080017ec       0x20 xcp_ext_mode.o
                0x080017ec                extmodeBackgroundRun
 .text.extmodeReset
                0x0800180c       0x40 xcp_ext_mode.o
                0x0800180c                extmodeReset
 .text.extmodeStopRequested
                0x0800184c       0x18 xcp_ext_mode.o
                0x0800184c                extmodeStopRequested
 .text.extmodeSimulationComplete
                0x08001864       0x18 xcp_ext_mode.o
                0x08001864                extmodeSimulationComplete
 .text.MBD_Status_Tra_SystemCore_setup
                0x0800187c       0x80 MBD_Status_Transit.o
 .text.MBD_Status_Transit_step
                0x080018fc       0x70 MBD_Status_Transit.o
                0x080018fc                MBD_Status_Transit_step
 *fill*         0x0800196c        0x4 
 .text.MBD_Status_Transit_initialize
                0x08001970       0xb0 MBD_Status_Transit.o
                0x08001970                MBD_Status_Transit_initialize
 .text.MBD_Status_Transit_terminate
                0x08001a20       0x44 MBD_Status_Transit.o
                0x08001a20                MBD_Status_Transit_terminate
 .text.rt_OneStep
                0x08001a64       0x78 ert_main.o
                0x08001a64                rt_OneStep
 .text.main     0x08001adc      0x18c ert_main.o
                0x08001adc                main
 .text.xcp_void_printf
                0x08001c68       0x12 xcp_ext_common.o
                0x08001c68                xcp_void_printf
 .text.xcpCopyTimeValue
                0x08001c7a       0x26 xcp_ext_common.o
 .text.xcpExtModeUpdateTime
                0x08001ca0      0x13c xcp_ext_common.o
                0x08001ca0                xcpExtModeUpdateTime
 .text.xcpExtModeInit
                0x08001ddc       0x9c xcp_ext_common.o
                0x08001ddc                xcpExtModeInit
 .text.xcpExtModeRunBackground
                0x08001e78      0x13c xcp_ext_common.o
                0x08001e78                xcpExtModeRunBackground
 .text.xcpExtModeReset
                0x08001fb4      0x128 xcp_ext_common.o
                0x08001fb4                xcpExtModeReset
 .text.sampleSignalTrigger
                0x080020dc      0x1b4 xcp_ext_classic_trigger.o
 .text.updateTriggerStatus
                0x08002290      0x2b8 xcp_ext_classic_trigger.o
 .text.xcpExtModeClassicTriggerInit
                0x08002548       0x68 xcp_ext_classic_trigger.o
                0x08002548                xcpExtModeClassicTriggerInit
 .text.xcpExtModeClassicTriggerEnabled
                0x080025b0      0x100 xcp_ext_classic_trigger.o
                0x080025b0                xcpExtModeClassicTriggerEnabled
 .text.xcpExtModeClassicTriggerReset
                0x080026b0       0xf4 xcp_ext_classic_trigger.o
                0x080026b0                xcpExtModeClassicTriggerReset
 .text.xcpExtModeClassicTriggerForceEnableStatusUpdate
                0x080027a4       0x80 xcp_ext_classic_trigger.o
                0x080027a4                xcpExtModeClassicTriggerForceEnableStatusUpdate
 .text.msgBufferRealloc
                0x08002824       0x72 xcp.o
 *fill*         0x08002896        0x2 
 .text.discardInputPacketHandler
                0x08002898       0x3c xcp.o
 .text.unknownInputPacketHandler
                0x080028d4       0x34 xcp.o
 .text.xcpGetPacketGroupID
                0x08002908       0x74 xcp.o
 .text.xcpGetPacketHandlers
                0x0800297c      0x124 xcp.o
 .text.xcpStatusSet
                0x08002aa0       0x20 xcp.o
                0x08002aa0                xcpStatusSet
 .text.xcpSessionStatusGet
                0x08002ac0       0x18 xcp.o
                0x08002ac0                xcpSessionStatusGet
 .text.xcpSessionStatusSetMask
                0x08002ad8       0x28 xcp.o
                0x08002ad8                xcpSessionStatusSetMask
 .text.xcpSessionStatusClearMask
                0x08002b00       0x34 xcp.o
                0x08002b00                xcpSessionStatusClearMask
 .text.xcpResourceProtectionStatusGet
                0x08002b34       0x18 xcp.o
                0x08002b34                xcpResourceProtectionStatusGet
 .text.xcpSessionConfigurationIdGet
                0x08002b4c       0x18 xcp.o
                0x08002b4c                xcpSessionConfigurationIdGet
 .text.genericOutputPacketHandler
                0x08002b64      0x110 xcp.o
                0x08002b64                genericOutputPacketHandler
 .text.xcpFindPacket
                0x08002c74       0x6e xcp.o
                0x08002c74                xcpFindPacket
 *fill*         0x08002ce2        0x2 
 .text.xcpInit  0x08002ce4       0x64 xcp.o
                0x08002ce4                xcpInit
 .text.xcpRun   0x08002d48      0x194 xcp.o
                0x08002d48                xcpRun
 .text.xcpEvent
                0x08002edc       0x50 xcp.o
                0x08002edc                xcpEvent
 .text.xcpGetStatus
                0x08002f2c       0x18 xcp.o
                0x08002f2c                xcpGetStatus
 .text.xcpReset
                0x08002f44       0x40 xcp.o
                0x08002f44                xcpReset
 .text.xcpPackedModeEventsFlush
                0x08002f84       0x1e xcp.o
                0x08002f84                xcpPackedModeEventsFlush
 .text.xcpPackedModeEventReset
                0x08002fa2       0x2a xcp.o
                0x08002fa2                xcpPackedModeEventReset
 .text.isValidUploadSize
                0x08002fcc       0x30 xcp_standard.o
 .text.xcpMemcpyFromMTA
                0x08002ffc       0x38 xcp_standard.o
 .text.connectInputPacketHandler
                0x08003034       0xa4 xcp_standard.o
 .text.connectOutputPacketHandler
                0x080030d8       0xd4 xcp_standard.o
 .text.disconnectInputPacketHandler
                0x080031ac       0x54 xcp_standard.o
 .text.getStatusInputPacketHandler
                0x08003200       0x28 xcp_standard.o
 .text.getStatusOutputPacketHandler
                0x08003228       0x80 xcp_standard.o
 .text.synchInputPacketHandler
                0x080032a8       0x44 xcp_standard.o
 .text.setMTAInputPacketHandler
                0x080032ec       0x78 xcp_standard.o
 .text.uploadInputPacketHandler
                0x08003364       0x98 xcp_standard.o
 .text.uploadOutputPacketHandler
                0x080033fc       0x9c xcp_standard.o
 .text.shortUploadInputPacketHandler
                0x08003498       0xa4 xcp_standard.o
 .text.shortUploadOutputPacketHandler
                0x0800353c       0x9c xcp_standard.o
 .text.getPacket
                0x080035d8       0x24 xcp_standard.o
 .text.xcpStandardInit
                0x080035fc       0x18 xcp_standard.o
                0x080035fc                xcpStandardInit
 .text.xcpStandardGetPacketLookup
                0x08003614       0x18 xcp_standard.o
                0x08003614                xcpStandardGetPacketLookup
 .text.xcpStandardSetPacketLookup
                0x0800362c       0x20 xcp_standard.o
                0x0800362c                xcpStandardSetPacketLookup
 .text.xcpStandardReset
                0x0800364c       0x12 xcp_standard.o
                0x0800364c                xcpStandardReset
 *fill*         0x0800365e        0x2 
 .text.xcpStandardGetAddressFromMta
                0x08003660       0x18 xcp_standard.o
                0x08003660                xcpStandardGetAddressFromMta
 .text.xcpStandardSetMta
                0x08003678       0x3c xcp_standard.o
                0x08003678                xcpStandardSetMta
 .text.xcpStandardIncrementMta
                0x080036b4       0x28 xcp_standard.o
                0x080036b4                xcpStandardIncrementMta
 .text.xcpStandardExtendedInit
                0x080036dc        0xe xcp_standard.o
                0x080036dc                xcpStandardExtendedInit
 .text.xcpStandardExtendedReset
                0x080036ea        0xe xcp_standard.o
                0x080036ea                xcpStandardExtendedReset
 .text.xcpDaqWriteLock
                0x080036f8       0x4c xcp_daq.o
 .text.xcpDaqWriteUnlock
                0x08003744       0x20 xcp_daq.o
 .text.xcpDaqReadLock
                0x08003764       0x38 xcp_daq.o
 .text.xcpDaqReadUnlock
                0x0800379c       0x38 xcp_daq.o
 .text.isActiveDaqList
                0x080037d4       0x50 xcp_daq.o
 .text.noActiveDaqLists
                0x08003824       0x50 xcp_daq.o
 .text.isValidDaqPtr
                0x08003874       0xb8 xcp_daq.o
 .text.isValidDaqEntry
                0x0800392c       0x36 xcp_daq.o
 .text.isSupportedDaqListMode
                0x08003962       0x26 xcp_daq.o
 .text.isValidStartStopMode
                0x08003988       0x32 xcp_daq.o
 .text.isValidStartStopSynchMode
                0x080039ba       0x32 xcp_daq.o
 .text.absoluteOdtNumberIdentification
                0x080039ec       0x10 xcp_daq.o
 .text.isDaqPackedModeEnabled
                0x080039fc       0x6c xcp_daq.o
 .text.createDaqReservedPool
                0x08003a68       0xb6 xcp_daq.o
 .text.destroyDaqReservedPool
                0x08003b1e       0x2c xcp_daq.o
 *fill*         0x08003b4a        0x2 
 .text.setDaqPtrInputPacketHandler
                0x08003b4c       0xdc xcp_daq.o
 .text.writeDaqInputPacketHandler
                0x08003c28      0x198 xcp_daq.o
 .text.setDaqListModeInputPacketHandler
                0x08003dc0      0x1c8 xcp_daq.o
 .text.startStopDaqListInputPacketHandler
                0x08003f88      0x3f4 xcp_daq.o
 .text.startStopDaqListOutputPacketHandler
                0x0800437c       0x5c xcp_daq.o
 .text.startStopSynchInputPacketHandler
                0x080043d8      0x328 xcp_daq.o
 .text.getDaqProcessorInfoInputPacketHandler
                0x08004700       0x28 xcp_daq.o
 .text.getDaqProcessorInfoOutputPacketHandler
                0x08004728       0xac xcp_daq.o
 .text.getDaqResolutionInfoInputPacketHandler
                0x080047d4       0x28 xcp_daq.o
 .text.getDaqResolutionInfoOutputPacketHandler
                0x080047fc       0xb8 xcp_daq.o
 .text.freeDaqInputPacketHandler
                0x080048b4       0x5c xcp_daq.o
 .text.allocDaqInputPacketHandler
                0x08004910      0x18c xcp_daq.o
 .text.allocOdtInputPacketHandler
                0x08004a9c      0x1c0 xcp_daq.o
 .text.allocOdtEntryInputPacketHandler
                0x08004c5c      0x270 xcp_daq.o
 .text.setDaqPackedModeInputPacketHandler
                0x08004ecc      0x21c xcp_daq.o
 .text.level1CommandInputPacketHandler
                0x080050e8       0x64 xcp_daq.o
 .text.getPacket
                0x0800514c       0x24 xcp_daq.o
 .text.xcpDaqInit
                0x08005170       0x38 xcp_daq.o
                0x08005170                xcpDaqInit
 .text.xcpDaqGetPacketLookup
                0x080051a8       0x18 xcp_daq.o
                0x080051a8                xcpDaqGetPacketLookup
 .text.xcpDaqSetPacketLookup
                0x080051c0       0x20 xcp_daq.o
                0x080051c0                xcpDaqSetPacketLookup
 .text.xcpDaqEvent
                0x080051e0      0x73c xcp_daq.o
                0x080051e0                xcpDaqEvent
 .text.xcpDaqEventsFlush
                0x0800591c      0x284 xcp_daq.o
                0x0800591c                xcpDaqEventsFlush
 .text.xcpDaqLock
                0x08005ba0       0x1e xcp_daq.o
                0x08005ba0                xcpDaqLock
 .text.xcpDaqUnlock
                0x08005bbe        0xe xcp_daq.o
                0x08005bbe                xcpDaqUnlock
 .text.xcpResetDaqListStatus
                0x08005bcc      0x19c xcp_daq.o
                0x08005bcc                xcpResetDaqListStatus
 .text.xcpDaqReset
                0x08005d68       0x20 xcp_daq.o
                0x08005d68                xcpDaqReset
 .text.xcpDaqExtendedInit
                0x08005d88        0xe xcp_daq.o
                0x08005d88                xcpDaqExtendedInit
 .text.xcpDaqExtendedReset
                0x08005d96        0xe xcp_daq.o
                0x08005d96                xcpDaqExtendedReset
 .text.isValidShortDownloadSize
                0x08005da4       0x34 xcp_calibration.o
 .text.isValidDownloadSize
                0x08005dd8       0x3a xcp_calibration.o
 *fill*         0x08005e12        0x2 
 .text.xcpMemcpyToMTA
                0x08005e14       0x34 xcp_calibration.o
 .text.downloadInputPacketHandler
                0x08005e48       0xb0 xcp_calibration.o
 .text.shortDownloadInputPacketHandler
                0x08005ef8       0xb8 xcp_calibration.o
 .text.getPacket
                0x08005fb0       0x24 xcp_calibration.o
 .text.xcpCalibrationInit
                0x08005fd4       0x14 xcp_calibration.o
                0x08005fd4                xcpCalibrationInit
 .text.xcpCalibrationGetPacketLookup
                0x08005fe8       0x18 xcp_calibration.o
                0x08005fe8                xcpCalibrationGetPacketLookup
 .text.xcpCalibrationSetPacketLookup
                0x08006000       0x20 xcp_calibration.o
                0x08006000                xcpCalibrationSetPacketLookup
 .text.xcpCalibrationReset
                0x08006020        0xe xcp_calibration.o
                0x08006020                xcpCalibrationReset
 .text.xcpFifoInit
                0x0800602e       0x20 xcp_fifo.o
                0x0800602e                xcpFifoInit
 .text.xcpFifoEnqueue
                0x0800604e       0x2a xcp_fifo.o
                0x0800604e                xcpFifoEnqueue
 .text.xcpFifoDequeue
                0x08006078       0x3e xcp_fifo.o
                0x08006078                xcpFifoDequeue
 .text.xcpFifoEnqueueHead
                0x080060b6       0x32 xcp_fifo.o
                0x080060b6                xcpFifoEnqueueHead
 .text.xcpFifoReset
                0x080060e8       0x16 xcp_fifo.o
                0x080060e8                xcpFifoReset
 *fill*         0x080060fe        0x2 
 .text.xcpTransportEmptyTxFifo
                0x08006100       0x6c xcp_transport.o
 .text.xcpTransportEmptyRxFifo
                0x0800616c       0x6c xcp_transport.o
 .text.xcpTransportInit
                0x080061d8      0x138 xcp_transport.o
                0x080061d8                xcpTransportInit
 .text.xcpTransportTxReady
                0x08006310       0x1a xcp_transport.o
                0x08006310                xcpTransportTxReady
 .text.xcpTransportTxTrigger
                0x0800632a       0x1a xcp_transport.o
                0x0800632a                xcpTransportTxTrigger
 .text.xcpTransportTxPacketSet
                0x08006344      0x144 xcp_transport.o
                0x08006344                xcpTransportTxPacketSet
 .text.xcpTransportTx
                0x08006488       0xec xcp_transport.o
                0x08006488                xcpTransportTx
 .text.xcpTransportRx
                0x08006574       0x80 xcp_transport.o
                0x08006574                xcpTransportRx
 .text.xcpTransportRxPacketGet
                0x080065f4      0x12c xcp_transport.o
                0x080065f4                xcpTransportRxPacketGet
 .text.xcpTransportPacketOffset
                0x08006720       0x20 xcp_transport.o
                0x08006720                xcpTransportPacketOffset
 .text.xcpTransportMsgBufferSize
                0x08006740       0x70 xcp_transport.o
                0x08006740                xcpTransportMsgBufferSize
 .text.xcpTransportMaxDtoSize
                0x080067b0        0xe xcp_transport.o
                0x080067b0                xcpTransportMaxDtoSize
 .text.xcpTransportMaxCtoSize
                0x080067be        0xe xcp_transport.o
                0x080067be                xcpTransportMaxCtoSize
 .text.xcpTransportRestart
                0x080067cc       0x44 xcp_transport.o
                0x080067cc                xcpTransportRestart
 .text.xcpTransportResynch
                0x08006810       0x40 xcp_transport.o
                0x08006810                xcpTransportResynch
 .text.xcpTransportCtoReservedMemPoolId
                0x08006850       0x18 xcp_transport.o
                0x08006850                xcpTransportCtoReservedMemPoolId
 .text.xcpTransportReset
                0x08006868       0xe4 xcp_transport.o
                0x08006868                xcpTransportReset
 .text.xcpInitializePoolMemoryArea
                0x0800694c       0x72 xcp_mem_default.o
 *fill*         0x080069be        0x2 
 .text.xcpMemInit
                0x080069c0      0x1d4 xcp_mem_default.o
                0x080069c0                xcpMemInit
 .text.xcpMemAlloc
                0x08006b94       0xe8 xcp_mem_default.o
                0x08006b94                xcpMemAlloc
 .text.xcpMemFree
                0x08006c7c      0x170 xcp_mem_default.o
                0x08006c7c                xcpMemFree
 .text.xcpMemReservedPoolCreate
                0x08006dec      0x224 xcp_mem_default.o
                0x08006dec                xcpMemReservedPoolCreate
 .text.xcpMemReservedPoolDestroy
                0x08007010      0x158 xcp_mem_default.o
                0x08007010                xcpMemReservedPoolDestroy
 .text.xcpMemCustomPoolCreate
                0x08007168       0xbc xcp_mem_default.o
                0x08007168                xcpMemCustomPoolCreate
 .text.xcpMemCustomPoolDestroy
                0x08007224       0x64 xcp_mem_default.o
                0x08007224                xcpMemCustomPoolDestroy
 .text.xcpMemAllocFromPool
                0x08007288      0x170 xcp_mem_default.o
                0x08007288                xcpMemAllocFromPool
 .text.xcpMemReset
                0x080073f8       0x50 xcp_mem_default.o
                0x080073f8                xcpMemReset
 .text.xcpDrvOpen
                0x08007448       0x64 xcp_drv_rtiostream.o
                0x08007448                xcpDrvOpen
 .text.xcpDrvIoctl
                0x080074ac       0x4c xcp_drv_rtiostream.o
                0x080074ac                xcpDrvIoctl
 .text.xcpDrvSend
                0x080074f8      0x14c xcp_drv_rtiostream.o
                0x080074f8                xcpDrvSend
 .text.xcpDrvRecv
                0x08007644      0x14c xcp_drv_rtiostream.o
                0x08007644                xcpDrvRecv
 .text.xcpDrvClose
                0x08007790       0x5c xcp_drv_rtiostream.o
                0x08007790                xcpDrvClose
 .text.xcpSortArray
                0x080077ec       0xcc xcp_utils.o
                0x080077ec                xcpSortArray
 .text.xcpSxiHtons
                0x080078b8       0x18 xcp_frame_serial.o
 .text.xcpSxiNtohs
                0x080078d0       0x1c xcp_frame_serial.o
 .text.xcpSxiChecksum
                0x080078ec       0x3e xcp_frame_serial.o
                0x080078ec                xcpSxiChecksum
 *fill*         0x0800792a        0x2 
 .text.xcpFrameInit
                0x0800792c       0x70 xcp_frame_serial.o
                0x0800792c                xcpFrameInit
 .text.xcpFrameMsgSend
                0x0800799c      0x184 xcp_frame_serial.o
                0x0800799c                xcpFrameMsgSend
 .text.xcpFrameMsgRecv
                0x08007b20      0x180 xcp_frame_serial.o
                0x08007b20                xcpFrameMsgRecv
 .text.xcpFrameCreateMsg
                0x08007ca0       0x94 xcp_frame_serial.o
                0x08007ca0                xcpFrameCreateMsg
 .text.xcpFrameExtractPacket
                0x08007d34      0x154 xcp_frame_serial.o
                0x08007d34                xcpFrameExtractPacket
 .text.xcpFrameHeaderSize
                0x08007e88       0x10 xcp_frame_serial.o
                0x08007e88                xcpFrameHeaderSize
 .text.xcpFrameTailSize
                0x08007e98       0x10 xcp_frame_serial.o
                0x08007e98                xcpFrameTailSize
 .text.xcpFrameMaxDtoSize
                0x08007ea8       0x12 xcp_frame_serial.o
                0x08007ea8                xcpFrameMaxDtoSize
 .text.xcpFrameMaxCtoSize
                0x08007eba       0x10 xcp_frame_serial.o
                0x08007eba                xcpFrameMaxCtoSize
 *fill*         0x08007eca        0x2 
 .text.xcpFrameRestart
                0x08007ecc       0x30 xcp_frame_serial.o
                0x08007ecc                xcpFrameRestart
 .text.xcpFrameSetCtoReservedMemPoolId
                0x08007efc       0x20 xcp_frame_serial.o
                0x08007efc                xcpFrameSetCtoReservedMemPoolId
 .text.xcpFrameReset
                0x08007f1c       0x70 xcp_frame_serial.o
                0x08007f1c                xcpFrameReset
 .text.xcpTransportGetInitParameters
                0x08007f8c       0x2e xcp_ext_param_default_serial.o
                0x08007f8c                xcpTransportGetInitParameters
 .text.xcpGetInitParameters
                0x08007fba       0x2e xcp_ext_param_default_serial.o
                0x08007fba                xcpGetInitParameters
 .text.HAL_Delay
                0x08007fe8       0x2e overrideHALDelay.o
                0x08007fe8                HAL_Delay
 *fill*         0x08008016        0x2 
 .text.PeriphCommonClock_Config
                0x08008018       0x10 platform_timer.o
                0x08008018                PeriphCommonClock_Config
 .text.timestampInit
                0x08008028       0x38 platform_timer.o
 .text.returnTimeElapsed
                0x08008060       0x38 platform_timer.o
                0x08008060                returnTimeElapsed
 .text.getCurrentTimestamp
                0x08008098       0x50 platform_timer.o
                0x08008098                getCurrentTimestamp
 .text.__NVIC_SetPriority
                0x080080e8       0x54 SysTickScheduler.o
 .text.SysTick_Config
                0x0800813c       0x44 SysTickScheduler.o
 .text.SysTick_Isr
                0x08008180       0x48 SysTickScheduler.o
 .text.SysTick_Handler
                0x080081c8       0x20 SysTickScheduler.o
                0x080081c8                SysTick_Handler
 .text.ARMCM_SysTick_Config
                0x080081e8       0xb0 SysTickScheduler.o
                0x080081e8                ARMCM_SysTick_Config
 .text.PendSV_Handler
                0x08008298       0x44 m3m4m4f_multitasking.o
                0x08008298                PendSV_Handler
 .text.SVC_Handler
                0x080082dc       0x58 m3m4m4f_multitasking.o
                0x080082dc                SVC_Handler
 .text.rtIOStreamOpen
                0x08008334       0x44 rtiostream_serial.o
                0x08008334                rtIOStreamOpen
 .text.rtIOStreamSend
                0x08008378       0x38 rtiostream_serial.o
                0x08008378                rtIOStreamSend
 .text.rtIOStreamRecv
                0x080083b0       0x48 rtiostream_serial.o
                0x080083b0                rtIOStreamRecv
 .text.rtIOStreamClose
                0x080083f8       0x20 rtiostream_serial.o
                0x080083f8                rtIOStreamClose
 .text.__NVIC_GetPriorityGrouping
                0x08008418       0x1c stm_usart.o
 .text.__NVIC_EnableIRQ
                0x08008434       0x3c stm_usart.o
 .text.__NVIC_SetPriority
                0x08008470       0x54 stm_usart.o
 .text.NVIC_EncodePriority
                0x080084c4       0x66 stm_usart.o
 *fill*         0x0800852a        0x2 
 .text.LL_DMA_EnableStream
                0x0800852c       0x40 stm_usart.o
 .text.LL_DMA_DisableStream
                0x0800856c       0x40 stm_usart.o
 .text.LL_DMA_GetMode
                0x080085ac       0x30 stm_usart.o
 .text.LL_DMA_SetDataLength
                0x080085dc       0x48 stm_usart.o
 .text.LL_DMA_GetDataLength
                0x08008624       0x2c stm_usart.o
 .text.LL_DMA_ConfigAddresses
                0x08008650       0x78 stm_usart.o
 .text.LL_DMA_IsActiveFlag_TC2
                0x080086c8       0x28 stm_usart.o
 .text.LL_DMA_ClearFlag_TC2
                0x080086f0       0x1c stm_usart.o
 .text.LL_DMA_EnableIT_TC
                0x0800870c       0x40 stm_usart.o
 .text.LL_DMA_DisableIT_TC
                0x0800874c       0x40 stm_usart.o
 .text.LL_DMA_IsEnabledIT_TC
                0x0800878c       0x38 stm_usart.o
 .text.LL_USART_Enable
                0x080087c4       0x20 stm_usart.o
 .text.LL_USART_Disable
                0x080087e4       0x20 stm_usart.o
 .text.LL_USART_IsActiveFlag_PE
                0x08008804       0x26 stm_usart.o
 .text.LL_USART_IsActiveFlag_FE
                0x0800882a       0x26 stm_usart.o
 .text.LL_USART_IsActiveFlag_NE
                0x08008850       0x26 stm_usart.o
 .text.LL_USART_IsActiveFlag_ORE
                0x08008876       0x26 stm_usart.o
 .text.LL_USART_IsActiveFlag_TC
                0x0800889c       0x26 stm_usart.o
 .text.LL_USART_IsActiveFlag_TXE
                0x080088c2       0x26 stm_usart.o
 .text.LL_USART_ClearFlag_PE
                0x080088e8       0x24 stm_usart.o
 .text.LL_USART_ClearFlag_ORE
                0x0800890c       0x24 stm_usart.o
 .text.LL_USART_EnableIT_RXNE
                0x08008930       0x46 stm_usart.o
 .text.LL_USART_EnableIT_PE
                0x08008976       0x46 stm_usart.o
 .text.LL_USART_EnableIT_ERROR
                0x080089bc       0x46 stm_usart.o
 .text.LL_USART_DisableIT_RXNE
                0x08008a02       0x46 stm_usart.o
 .text.LL_USART_DisableIT_TXE
                0x08008a48       0x46 stm_usart.o
 .text.LL_USART_DisableIT_PE
                0x08008a8e       0x46 stm_usart.o
 .text.LL_USART_DisableIT_ERROR
                0x08008ad4       0x46 stm_usart.o
 .text.LL_USART_EnableDMAReq_RX
                0x08008b1a       0x46 stm_usart.o
 .text.LL_USART_DisableDMAReq_RX
                0x08008b60       0x46 stm_usart.o
 .text.LL_USART_EnableDMAReq_TX
                0x08008ba6       0x46 stm_usart.o
 .text.LL_USART_DisableDMAReq_TX
                0x08008bec       0x46 stm_usart.o
 .text.LL_USART_DMA_GetRegAddr
                0x08008c32       0x18 stm_usart.o
 .text.LL_USART_ReceiveData8
                0x08008c4a       0x1a stm_usart.o
 .text.LL_USART_TransmitData8
                0x08008c64       0x1e stm_usart.o
 .text.getAvailableDataInBuffer
                0x08008c82       0xcc stm_usart.o
                0x08008c82                getAvailableDataInBuffer
 .text.getBytesToBeReadFromBuffer
                0x08008d4e       0x6e stm_usart.o
                0x08008d4e                getBytesToBeReadFromBuffer
 .text.readDataFromBuffer
                0x08008dbc       0xcc stm_usart.o
                0x08008dbc                readDataFromBuffer
 .text.UART_RXDMAInterruptHandler
                0x08008e88       0xd4 stm_usart.o
                0x08008e88                UART_RXDMAInterruptHandler
 .text.UART_IsActiveFlagError
                0x08008f5c       0xd6 stm_usart.o
                0x08008f5c                UART_IsActiveFlagError
 *fill*         0x08009032        0x2 
 .text.USART1_IRQHandler
                0x08009034       0x14 stm_usart.o
                0x08009034                USART1_IRQHandler
 .text.DMA2_Stream2_IRQHandler
                0x08009048       0x20 stm_usart.o
                0x08009048                DMA2_Stream2_IRQHandler
 .text.UART_ConfigureReceiveDMA
                0x08009068       0x88 stm_usart.o
                0x08009068                UART_ConfigureReceiveDMA
 .text.UART_ConfigureTransmitDMA
                0x080090f0       0x54 stm_usart.o
                0x080090f0                UART_ConfigureTransmitDMA
 .text.getReadErrorStatus
                0x08009144       0xc8 stm_usart.o
                0x08009144                getReadErrorStatus
 .text.MW_UART_Initialize
                0x0800920c      0x184 stm_usart.o
                0x0800920c                MW_UART_Initialize
 .text.MW_UART_ReceiveUsingBuffer
                0x08009390       0x5c stm_usart.o
                0x08009390                MW_UART_ReceiveUsingBuffer
 .text.MW_UART_TransmitUsingPolling
                0x080093ec      0x184 stm_usart.o
                0x080093ec                MW_UART_TransmitUsingPolling
 .text.MW_UART_DeInit
                0x08009570       0xaa stm_usart.o
                0x08009570                MW_UART_DeInit
 .text.sys_arch_protect
                0x0800961a       0x22 sys_arch.o
                0x0800961a                sys_arch_protect
 .text.sys_arch_unprotect
                0x0800963c       0x20 sys_arch.o
                0x0800963c                sys_arch_unprotect
 .text.LL_RCC_HSI_Enable
                0x0800965c       0x20 main.o
 .text.LL_RCC_HSI_IsReady
                0x0800967c       0x24 main.o
 .text.LL_RCC_HSI_SetCalibTrimming
                0x080096a0       0x2c main.o
 .text.LL_RCC_SetSysClkSource
                0x080096cc       0x28 main.o
 .text.LL_RCC_GetSysClkSource
                0x080096f4       0x1c main.o
 .text.LL_RCC_SetAHBPrescaler
                0x08009710       0x28 main.o
 .text.LL_RCC_SetAPB1Prescaler
                0x08009738       0x28 main.o
 .text.LL_RCC_SetAPB2Prescaler
                0x08009760       0x28 main.o
 .text.LL_FLASH_SetLatency
                0x08009788       0x28 main.o
 .text.LL_FLASH_GetLatency
                0x080097b0       0x1c main.o
 .text.LL_PWR_SetRegulVoltageScaling
                0x080097cc       0x28 main.o
 .text.SystemClock_Config
                0x080097f4       0x78 main.o
                0x080097f4                SystemClock_Config
 .text.HAL_TIM_PeriodElapsedCallback
                0x0800986c       0x1e main.o
                0x0800986c                HAL_TIM_PeriodElapsedCallback
 .text.Error_Handler
                0x0800988a        0xa main.o
                0x0800988a                Error_Handler
 .text.LL_AHB1_GRP1_EnableClock
                0x08009894       0x30 gpio.o
 .text.LL_GPIO_ResetOutputPin
                0x080098c4       0x1e gpio.o
 *fill*         0x080098e2        0x2 
 .text.MX_GPIO_Init
                0x080098e4       0x5c gpio.o
                0x080098e4                MX_GPIO_Init
 .text.__NVIC_GetPriorityGrouping
                0x08009940       0x1c adc.o
 .text.__NVIC_EnableIRQ
                0x0800995c       0x3c adc.o
 .text.__NVIC_SetPriority
                0x08009998       0x54 adc.o
 .text.NVIC_EncodePriority
                0x080099ec       0x66 adc.o
 .text.LL_ADC_REG_SetSequencerRanks
                0x08009a52       0x7a adc.o
 .text.LL_ADC_REG_SetFlagEndOfConversion
                0x08009acc       0x26 adc.o
 .text.LL_ADC_SetChannelSamplingTime
                0x08009af2       0xc2 adc.o
 .text.LL_DMA_SetDataTransferDirection
                0x08009bb4       0x48 adc.o
 .text.LL_DMA_SetMode
                0x08009bfc       0x48 adc.o
 .text.LL_DMA_SetPeriphIncMode
                0x08009c44       0x48 adc.o
 .text.LL_DMA_SetMemoryIncMode
                0x08009c8c       0x48 adc.o
 .text.LL_DMA_SetPeriphSize
                0x08009cd4       0x48 adc.o
 .text.LL_DMA_SetMemorySize
                0x08009d1c       0x48 adc.o
 .text.LL_DMA_SetStreamPriorityLevel
                0x08009d64       0x48 adc.o
 .text.LL_DMA_SetChannelSelection
                0x08009dac       0x48 adc.o
 .text.LL_DMA_DisableFifoMode
                0x08009df4       0x40 adc.o
 .text.LL_AHB1_GRP1_EnableClock
                0x08009e34       0x30 adc.o
 .text.LL_APB2_GRP1_EnableClock
                0x08009e64       0x30 adc.o
 .text.MX_ADC1_Init
                0x08009e94      0x170 adc.o
                0x08009e94                MX_ADC1_Init
 .text.__NVIC_GetPriorityGrouping
                0x0800a004       0x1c dma.o
 .text.__NVIC_EnableIRQ
                0x0800a020       0x3c dma.o
 .text.__NVIC_SetPriority
                0x0800a05c       0x54 dma.o
 .text.NVIC_EncodePriority
                0x0800a0b0       0x66 dma.o
 *fill*         0x0800a116        0x2 
 .text.LL_AHB1_GRP1_EnableClock
                0x0800a118       0x30 dma.o
 .text.MX_DMA_Init
                0x0800a148       0x50 dma.o
                0x0800a148                MX_DMA_Init
 .text.LL_AHB1_GRP1_EnableClock
                0x0800a198       0x30 tim.o
 .text.LL_APB2_GRP1_EnableClock
                0x0800a1c8       0x30 tim.o
 .text.LL_TIM_EnableARRPreload
                0x0800a1f8       0x20 tim.o
 .text.LL_TIM_OC_DisableFast
                0x0800a218       0x8c tim.o
 .text.LL_TIM_OC_EnablePreload
                0x0800a2a4       0x88 tim.o
 .text.LL_TIM_SetTriggerOutput
                0x0800a32c       0x26 tim.o
 .text.LL_TIM_DisableMasterSlaveMode
                0x0800a352       0x20 tim.o
 *fill*         0x0800a372        0x2 
 .text.MX_TIM1_Init
                0x0800a374      0x158 tim.o
                0x0800a374                MX_TIM1_Init
 .text.LL_DMA_SetDataTransferDirection
                0x0800a4cc       0x48 usart.o
 .text.LL_DMA_SetMode
                0x0800a514       0x48 usart.o
 .text.LL_DMA_SetPeriphIncMode
                0x0800a55c       0x48 usart.o
 .text.LL_DMA_SetMemoryIncMode
                0x0800a5a4       0x48 usart.o
 .text.LL_DMA_SetPeriphSize
                0x0800a5ec       0x48 usart.o
 .text.LL_DMA_SetMemorySize
                0x0800a634       0x48 usart.o
 .text.LL_DMA_SetStreamPriorityLevel
                0x0800a67c       0x48 usart.o
 .text.LL_DMA_SetChannelSelection
                0x0800a6c4       0x48 usart.o
 .text.LL_DMA_DisableFifoMode
                0x0800a70c       0x40 usart.o
 .text.LL_AHB1_GRP1_EnableClock
                0x0800a74c       0x30 usart.o
 .text.LL_APB1_GRP1_EnableClock
                0x0800a77c       0x30 usart.o
 .text.LL_APB2_GRP1_EnableClock
                0x0800a7ac       0x30 usart.o
 .text.LL_USART_Enable
                0x0800a7dc       0x20 usart.o
 .text.LL_USART_ConfigAsyncMode
                0x0800a7fc       0x2c usart.o
 .text.MX_USART1_UART_Init
                0x0800a828      0x100 usart.o
                0x0800a828                MX_USART1_UART_Init
 .text.MX_USART2_UART_Init
                0x0800a928       0xa0 usart.o
                0x0800a928                MX_USART2_UART_Init
 .text.NMI_Handler
                0x0800a9c8        0x6 stm32f4xx_it.o
                0x0800a9c8                NMI_Handler
 .text.HardFault_Handler
                0x0800a9ce        0x6 stm32f4xx_it.o
                0x0800a9ce                HardFault_Handler
 .text.MemManage_Handler
                0x0800a9d4        0x6 stm32f4xx_it.o
                0x0800a9d4                MemManage_Handler
 .text.BusFault_Handler
                0x0800a9da        0x6 stm32f4xx_it.o
                0x0800a9da                BusFault_Handler
 .text.UsageFault_Handler
                0x0800a9e0        0x6 stm32f4xx_it.o
                0x0800a9e0                UsageFault_Handler
 .text.DebugMon_Handler
                0x0800a9e6        0xe stm32f4xx_it.o
                0x0800a9e6                DebugMon_Handler
 .text.TIM2_IRQHandler
                0x0800a9f4       0x14 stm32f4xx_it.o
                0x0800a9f4                TIM2_IRQHandler
 .text.DMA2_Stream0_IRQHandler
                0x0800aa08        0xe stm32f4xx_it.o
                0x0800aa08                DMA2_Stream0_IRQHandler
 *fill*         0x0800aa16        0x2 
 .text.HAL_MspInit
                0x0800aa18       0x50 stm32f4xx_hal_msp.o
                0x0800aa18                HAL_MspInit
 .text.HAL_InitTick
                0x0800aa68       0xb0 stm32f4xx_hal_timebase_tim.o
                0x0800aa68                HAL_InitTick
 .text.LL_GPIO_SetPinMode
                0x0800ab18       0x7a stm32f4xx_ll_gpio.o
 .text.LL_GPIO_SetPinOutputType
                0x0800ab92       0x30 stm32f4xx_ll_gpio.o
 .text.LL_GPIO_SetPinSpeed
                0x0800abc2       0x7a stm32f4xx_ll_gpio.o
 .text.LL_GPIO_SetPinPull
                0x0800ac3c       0x7a stm32f4xx_ll_gpio.o
 .text.LL_GPIO_SetAFPin_0_7
                0x0800acb6       0x7a stm32f4xx_ll_gpio.o
 .text.LL_GPIO_SetAFPin_8_15
                0x0800ad30       0x7e stm32f4xx_ll_gpio.o
 .text.LL_GPIO_Init
                0x0800adae      0x102 stm32f4xx_ll_gpio.o
                0x0800adae                LL_GPIO_Init
 .text.LL_ADC_REG_SetSequencerLength
                0x0800aeb0       0x26 stm32f4xx_ll_adc.o
 .text.LL_ADC_IsEnabled
                0x0800aed6       0x26 stm32f4xx_ll_adc.o
 .text.LL_ADC_CommonInit
                0x0800aefc       0x90 stm32f4xx_ll_adc.o
                0x0800aefc                LL_ADC_CommonInit
 .text.LL_ADC_Init
                0x0800af8c       0x58 stm32f4xx_ll_adc.o
                0x0800af8c                LL_ADC_Init
 .text.LL_ADC_REG_Init
                0x0800afe4       0x84 stm32f4xx_ll_adc.o
                0x0800afe4                LL_ADC_REG_Init
 .text.LL_RCC_GetSysClkSource
                0x0800b068       0x1c stm32f4xx_ll_rcc.o
 .text.LL_RCC_GetAHBPrescaler
                0x0800b084       0x1c stm32f4xx_ll_rcc.o
 .text.LL_RCC_GetAPB1Prescaler
                0x0800b0a0       0x1c stm32f4xx_ll_rcc.o
 .text.LL_RCC_GetAPB2Prescaler
                0x0800b0bc       0x1c stm32f4xx_ll_rcc.o
 .text.LL_RCC_PLL_GetMainSource
                0x0800b0d8       0x1c stm32f4xx_ll_rcc.o
 .text.LL_RCC_PLL_GetN
                0x0800b0f4       0x1c stm32f4xx_ll_rcc.o
 .text.LL_RCC_PLL_GetP
                0x0800b110       0x1c stm32f4xx_ll_rcc.o
 .text.LL_RCC_PLL_GetDivider
                0x0800b12c       0x1c stm32f4xx_ll_rcc.o
 .text.LL_RCC_GetSystemClocksFreq
                0x0800b148       0x4a stm32f4xx_ll_rcc.o
                0x0800b148                LL_RCC_GetSystemClocksFreq
 *fill*         0x0800b192        0x2 
 .text.RCC_GetSystemClockFreq
                0x0800b194       0x50 stm32f4xx_ll_rcc.o
                0x0800b194                RCC_GetSystemClockFreq
 .text.RCC_GetHCLKClockFreq
                0x0800b1e4       0x2c stm32f4xx_ll_rcc.o
                0x0800b1e4                RCC_GetHCLKClockFreq
 .text.RCC_GetPCLK1ClockFreq
                0x0800b210       0x28 stm32f4xx_ll_rcc.o
                0x0800b210                RCC_GetPCLK1ClockFreq
 .text.RCC_GetPCLK2ClockFreq
                0x0800b238       0x28 stm32f4xx_ll_rcc.o
                0x0800b238                RCC_GetPCLK2ClockFreq
 .text.RCC_PLL_GetFreqDomain_SYS
                0x0800b260       0x7c stm32f4xx_ll_rcc.o
                0x0800b260                RCC_PLL_GetFreqDomain_SYS
 .text.LL_SetSystemCoreClock
                0x0800b2dc       0x20 stm32f4xx_ll_utils.o
                0x0800b2dc                LL_SetSystemCoreClock
 .text.HAL_RCC_GetHCLKFreq
                0x0800b2fc       0x18 stm32f4xx_hal_rcc.o
                0x0800b2fc                HAL_RCC_GetHCLKFreq
 .text.HAL_RCC_GetPCLK1Freq
                0x0800b314       0x28 stm32f4xx_hal_rcc.o
                0x0800b314                HAL_RCC_GetPCLK1Freq
 .text.HAL_RCC_GetClockConfig
                0x0800b33c       0x64 stm32f4xx_hal_rcc.o
                0x0800b33c                HAL_RCC_GetClockConfig
 .text.__NVIC_SetPriorityGrouping
                0x0800b3a0       0x48 stm32f4xx_hal_cortex.o
 .text.__NVIC_GetPriorityGrouping
                0x0800b3e8       0x1c stm32f4xx_hal_cortex.o
 .text.__NVIC_EnableIRQ
                0x0800b404       0x3c stm32f4xx_hal_cortex.o
 .text.__NVIC_SetPriority
                0x0800b440       0x54 stm32f4xx_hal_cortex.o
 .text.NVIC_EncodePriority
                0x0800b494       0x66 stm32f4xx_hal_cortex.o
 .text.HAL_NVIC_SetPriorityGrouping
                0x0800b4fa       0x16 stm32f4xx_hal_cortex.o
                0x0800b4fa                HAL_NVIC_SetPriorityGrouping
 .text.HAL_NVIC_SetPriority
                0x0800b510       0x38 stm32f4xx_hal_cortex.o
                0x0800b510                HAL_NVIC_SetPriority
 .text.HAL_NVIC_EnableIRQ
                0x0800b548       0x1c stm32f4xx_hal_cortex.o
                0x0800b548                HAL_NVIC_EnableIRQ
 .text.HAL_Init
                0x0800b564       0x44 stm32f4xx_hal.o
                0x0800b564                HAL_Init
 .text.HAL_IncTick
                0x0800b5a8       0x28 stm32f4xx_hal.o
                0x0800b5a8                HAL_IncTick
 .text.HAL_GetTick
                0x0800b5d0       0x18 stm32f4xx_hal.o
                0x0800b5d0                HAL_GetTick
 .text.HAL_TIM_Base_Init
                0x0800b5e8       0x9e stm32f4xx_hal_tim.o
                0x0800b5e8                HAL_TIM_Base_Init
 .text.HAL_TIM_Base_MspInit
                0x0800b686       0x14 stm32f4xx_hal_tim.o
                0x0800b686                HAL_TIM_Base_MspInit
 *fill*         0x0800b69a        0x2 
 .text.HAL_TIM_Base_Start_IT
                0x0800b69c       0xe0 stm32f4xx_hal_tim.o
                0x0800b69c                HAL_TIM_Base_Start_IT
 .text.HAL_TIM_IRQHandler
                0x0800b77c      0x210 stm32f4xx_hal_tim.o
                0x0800b77c                HAL_TIM_IRQHandler
 .text.HAL_TIM_OC_DelayElapsedCallback
                0x0800b98c       0x14 stm32f4xx_hal_tim.o
                0x0800b98c                HAL_TIM_OC_DelayElapsedCallback
 .text.HAL_TIM_IC_CaptureCallback
                0x0800b9a0       0x14 stm32f4xx_hal_tim.o
                0x0800b9a0                HAL_TIM_IC_CaptureCallback
 .text.HAL_TIM_PWM_PulseFinishedCallback
                0x0800b9b4       0x14 stm32f4xx_hal_tim.o
                0x0800b9b4                HAL_TIM_PWM_PulseFinishedCallback
 .text.HAL_TIM_TriggerCallback
                0x0800b9c8       0x14 stm32f4xx_hal_tim.o
                0x0800b9c8                HAL_TIM_TriggerCallback
 .text.TIM_Base_SetConfig
                0x0800b9dc      0x140 stm32f4xx_hal_tim.o
                0x0800b9dc                TIM_Base_SetConfig
 .text.HAL_TIMEx_CommutCallback
                0x0800bb1c       0x14 stm32f4xx_hal_tim_ex.o
                0x0800bb1c                HAL_TIMEx_CommutCallback
 .text.HAL_TIMEx_BreakCallback
                0x0800bb30       0x14 stm32f4xx_hal_tim_ex.o
                0x0800bb30                HAL_TIMEx_BreakCallback
 .text.LL_TIM_SetPrescaler
                0x0800bb44       0x1c stm32f4xx_ll_tim.o
 .text.LL_TIM_SetAutoReload
                0x0800bb60       0x1c stm32f4xx_ll_tim.o
 .text.LL_TIM_SetRepetitionCounter
                0x0800bb7c       0x1c stm32f4xx_ll_tim.o
 .text.LL_TIM_OC_SetCompareCH1
                0x0800bb98       0x1c stm32f4xx_ll_tim.o
 .text.LL_TIM_OC_SetCompareCH2
                0x0800bbb4       0x1c stm32f4xx_ll_tim.o
 .text.LL_TIM_OC_SetCompareCH3
                0x0800bbd0       0x1c stm32f4xx_ll_tim.o
 .text.LL_TIM_OC_SetCompareCH4
                0x0800bbec       0x1c stm32f4xx_ll_tim.o
 .text.LL_TIM_GenerateEvent_UPDATE
                0x0800bc08       0x20 stm32f4xx_ll_tim.o
 .text.LL_TIM_Init
                0x0800bc28      0x134 stm32f4xx_ll_tim.o
                0x0800bc28                LL_TIM_Init
 .text.LL_TIM_OC_Init
                0x0800bd5c       0x82 stm32f4xx_ll_tim.o
                0x0800bd5c                LL_TIM_OC_Init
 .text.LL_TIM_BDTR_Init
                0x0800bdde       0x92 stm32f4xx_ll_tim.o
                0x0800bdde                LL_TIM_BDTR_Init
 .text.OC1Config
                0x0800be70       0xd8 stm32f4xx_ll_tim.o
 .text.OC2Config
                0x0800bf48       0xe0 stm32f4xx_ll_tim.o
 .text.OC3Config
                0x0800c028       0xe0 stm32f4xx_ll_tim.o
 .text.OC4Config
                0x0800c108       0xb0 stm32f4xx_ll_tim.o
 .text.LL_USART_IsEnabled
                0x0800c1b8       0x28 stm32f4xx_ll_usart.o
 .text.LL_USART_SetStopBitsLength
                0x0800c1e0       0x26 stm32f4xx_ll_usart.o
 .text.LL_USART_SetHWFlowCtrl
                0x0800c206       0x26 stm32f4xx_ll_usart.o
 .text.LL_USART_SetBaudRate
                0x0800c22c      0x320 stm32f4xx_ll_usart.o
 .text.LL_USART_Init
                0x0800c54c      0x100 stm32f4xx_ll_usart.o
                0x0800c54c                LL_USART_Init
 .text.SystemInit
                0x0800c64c       0x24 system_stm32f4xx.o
                0x0800c64c                SystemInit
 .text.Reset_Handler
                0x0800c670       0x50 startup_stm32f407vetx.o
                0x0800c670                Reset_Handler
 .text.Default_Handler
                0x0800c6c0        0x2 startup_stm32f407vetx.o
                0x0800c6c0                RTC_Alarm_IRQHandler
                0x0800c6c0                HASH_RNG_IRQHandler
                0x0800c6c0                EXTI2_IRQHandler
                0x0800c6c0                TIM8_CC_IRQHandler
                0x0800c6c0                TIM1_CC_IRQHandler
                0x0800c6c0                DMA2_Stream5_IRQHandler
                0x0800c6c0                DMA1_Stream5_IRQHandler
                0x0800c6c0                PVD_IRQHandler
                0x0800c6c0                SDIO_IRQHandler
                0x0800c6c0                TAMP_STAMP_IRQHandler
                0x0800c6c0                CAN2_RX1_IRQHandler
                0x0800c6c0                EXTI3_IRQHandler
                0x0800c6c0                TIM8_TRG_COM_TIM14_IRQHandler
                0x0800c6c0                TIM1_UP_TIM10_IRQHandler
                0x0800c6c0                TIM8_UP_TIM13_IRQHandler
                0x0800c6c0                I2C3_ER_IRQHandler
                0x0800c6c0                EXTI0_IRQHandler
                0x0800c6c0                I2C2_EV_IRQHandler
                0x0800c6c0                DMA1_Stream2_IRQHandler
                0x0800c6c0                CAN1_RX0_IRQHandler
                0x0800c6c0                FPU_IRQHandler
                0x0800c6c0                OTG_HS_WKUP_IRQHandler
                0x0800c6c0                CAN2_SCE_IRQHandler
                0x0800c6c0                SPI1_IRQHandler
                0x0800c6c0                TIM6_DAC_IRQHandler
                0x0800c6c0                TIM1_BRK_TIM9_IRQHandler
                0x0800c6c0                DCMI_IRQHandler
                0x0800c6c0                CAN2_RX0_IRQHandler
                0x0800c6c0                DMA2_Stream3_IRQHandler
                0x0800c6c0                USART6_IRQHandler
                0x0800c6c0                USART3_IRQHandler
                0x0800c6c0                CAN1_RX1_IRQHandler
                0x0800c6c0                UART5_IRQHandler
                0x0800c6c0                TIM4_IRQHandler
                0x0800c6c0                I2C1_EV_IRQHandler
                0x0800c6c0                DMA1_Stream6_IRQHandler
                0x0800c6c0                DMA1_Stream1_IRQHandler
                0x0800c6c0                UART4_IRQHandler
                0x0800c6c0                TIM3_IRQHandler
                0x0800c6c0                RCC_IRQHandler
                0x0800c6c0                TIM8_BRK_TIM12_IRQHandler
                0x0800c6c0                Default_Handler
                0x0800c6c0                EXTI15_10_IRQHandler
                0x0800c6c0                DMA1_Stream7_IRQHandler
                0x0800c6c0                TIM7_IRQHandler
                0x0800c6c0                CAN2_TX_IRQHandler
                0x0800c6c0                TIM5_IRQHandler
                0x0800c6c0                DMA2_Stream7_IRQHandler
                0x0800c6c0                I2C3_EV_IRQHandler
                0x0800c6c0                EXTI9_5_IRQHandler
                0x0800c6c0                RTC_WKUP_IRQHandler
                0x0800c6c0                ETH_WKUP_IRQHandler
                0x0800c6c0                SPI2_IRQHandler
                0x0800c6c0                OTG_HS_EP1_IN_IRQHandler
                0x0800c6c0                DMA1_Stream0_IRQHandler
                0x0800c6c0                CAN1_TX_IRQHandler
                0x0800c6c0                EXTI4_IRQHandler
                0x0800c6c0                FSMC_IRQHandler
                0x0800c6c0                ETH_IRQHandler
                0x0800c6c0                OTG_HS_EP1_OUT_IRQHandler
                0x0800c6c0                WWDG_IRQHandler
                0x0800c6c0                OTG_FS_WKUP_IRQHandler
                0x0800c6c0                TIM1_TRG_COM_TIM11_IRQHandler
                0x0800c6c0                OTG_HS_IRQHandler
                0x0800c6c0                EXTI1_IRQHandler
                0x0800c6c0                USART2_IRQHandler
                0x0800c6c0                I2C2_ER_IRQHandler
                0x0800c6c0                DMA2_Stream1_IRQHandler
                0x0800c6c0                CAN1_SCE_IRQHandler
                0x0800c6c0                FLASH_IRQHandler
                0x0800c6c0                DMA2_Stream4_IRQHandler
                0x0800c6c0                OTG_FS_IRQHandler
                0x0800c6c0                SPI3_IRQHandler
                0x0800c6c0                DMA1_Stream4_IRQHandler
                0x0800c6c0                I2C1_ER_IRQHandler
                0x0800c6c0                DMA2_Stream6_IRQHandler
                0x0800c6c0                DMA1_Stream3_IRQHandler
 *fill*         0x0800c6c2        0x2 
 .text.fmod     0x0800c6c4       0x88 c:/progra~3/matlab/suppor~1/r2022b/3p778c~1.ins/gnuarm~1.ins/win/bin/../lib/gcc/arm-none-eabi/9.3.1/../../../../arm-none-eabi/lib/thumb/v7e-m+fp/hard\libm.a(lib_a-w_fmod.o)
                0x0800c6c4                fmod
 .text.__ieee754_fmod
                0x0800c74c      0x280 c:/progra~3/matlab/suppor~1/r2022b/3p778c~1.ins/gnuarm~1.ins/win/bin/../lib/gcc/arm-none-eabi/9.3.1/../../../../arm-none-eabi/lib/thumb/v7e-m+fp/hard\libm.a(lib_a-e_fmod.o)
                0x0800c74c                __ieee754_fmod
 .text.__errno  0x0800c9cc        0xc c:/progra~3/matlab/suppor~1/r2022b/3p778c~1.ins/gnuarm~1.ins/win/bin/../lib/gcc/arm-none-eabi/9.3.1/../../../../arm-none-eabi/lib/thumb/v7e-m+fp/hard\libg_nano.a(lib_a-errno.o)
                0x0800c9cc                __errno
 .text.__libc_init_array
                0x0800c9d8       0x48 c:/progra~3/matlab/suppor~1/r2022b/3p778c~1.ins/gnuarm~1.ins/win/bin/../lib/gcc/arm-none-eabi/9.3.1/../../../../arm-none-eabi/lib/thumb/v7e-m+fp/hard\libg_nano.a(lib_a-init.o)
                0x0800c9d8                __libc_init_array
 .text.memcpy   0x0800ca20       0x1c c:/progra~3/matlab/suppor~1/r2022b/3p778c~1.ins/gnuarm~1.ins/win/bin/../lib/gcc/arm-none-eabi/9.3.1/../../../../arm-none-eabi/lib/thumb/v7e-m+fp/hard\libg_nano.a(lib_a-memcpy-stub.o)
                0x0800ca20                memcpy
 .text.memset   0x0800ca3c       0x10 c:/progra~3/matlab/suppor~1/r2022b/3p778c~1.ins/gnuarm~1.ins/win/bin/../lib/gcc/arm-none-eabi/9.3.1/../../../../arm-none-eabi/lib/thumb/v7e-m+fp/hard\libg_nano.a(lib_a-memset.o)
                0x0800ca3c                memset
 *(.glue_7)
 .glue_7        0x0800ca4c        0x0 linker stubs
 *(.glue_7t)
 .glue_7t       0x0800ca4c        0x0 linker stubs
 *(.eh_frame)
 .eh_frame      0x0800ca4c        0x0 c:/progra~3/matlab/suppor~1/r2022b/3p778c~1.ins/gnuarm~1.ins/win/bin/../lib/gcc/arm-none-eabi/9.3.1/thumb/v7e-m+fp/hard/crtbegin.o
 *(.init)
 .init          0x0800ca4c        0x4 c:/progra~3/matlab/suppor~1/r2022b/3p778c~1.ins/gnuarm~1.ins/win/bin/../lib/gcc/arm-none-eabi/9.3.1/thumb/v7e-m+fp/hard/crti.o
                0x0800ca4c                _init
 .init          0x0800ca50        0x8 c:/progra~3/matlab/suppor~1/r2022b/3p778c~1.ins/gnuarm~1.ins/win/bin/../lib/gcc/arm-none-eabi/9.3.1/thumb/v7e-m+fp/hard/crtn.o
 *(.fini)
 .fini          0x0800ca58        0x4 c:/progra~3/matlab/suppor~1/r2022b/3p778c~1.ins/gnuarm~1.ins/win/bin/../lib/gcc/arm-none-eabi/9.3.1/thumb/v7e-m+fp/hard/crti.o
                0x0800ca58                _fini
 .fini          0x0800ca5c        0x8 c:/progra~3/matlab/suppor~1/r2022b/3p778c~1.ins/gnuarm~1.ins/win/bin/../lib/gcc/arm-none-eabi/9.3.1/thumb/v7e-m+fp/hard/crtn.o
                0x0800ca64                . = ALIGN (0x4)
                0x0800ca64                _etext = .

.vfp11_veneer   0x0800ca64        0x0
 .vfp11_veneer  0x0800ca64        0x0 linker stubs

.v4_bx          0x0800ca64        0x0
 .v4_bx         0x0800ca64        0x0 linker stubs

.iplt           0x0800ca64        0x0
 .iplt          0x0800ca64        0x0 c:/progra~3/matlab/suppor~1/r2022b/3p778c~1.ins/gnuarm~1.ins/win/bin/../lib/gcc/arm-none-eabi/9.3.1/thumb/v7e-m+fp/hard/crtbegin.o

.rodata         0x0800ca68     0x29c0
                0x0800ca68                . = ALIGN (0x4)
 *(.rodata)
 .rodata        0x0800ca68      0x2b9 xcp_ext_mode.o
 *fill*         0x0800cd21        0x3 
 .rodata        0x0800cd24      0x12e xcp_ext_common.o
 *fill*         0x0800ce52        0x2 
 .rodata        0x0800ce54       0x4c xcp_ext_classic_trigger.o
 .rodata        0x0800cea0      0x278 xcp.o
 .rodata        0x0800d118      0x3a9 xcp_standard.o
 *fill*         0x0800d4c1        0x3 
 .rodata        0x0800d4c4      0xfee xcp_daq.o
 *fill*         0x0800e4b2        0x2 
 .rodata        0x0800e4b4       0xdd xcp_calibration.o
 *fill*         0x0800e591        0x3 
 .rodata        0x0800e594      0x56e xcp_transport.o
 *fill*         0x0800eb02        0x2 
 .rodata        0x0800eb04       0xf5 xcp_mem_default.o
 *fill*         0x0800ebf9        0x3 
 .rodata        0x0800ebfc      0x228 xcp_drv_rtiostream.o
 .rodata        0x0800ee24      0x4aa xcp_frame_serial.o
 *(.rodata*)
 *fill*         0x0800f2ce        0x2 
 .rodata.MBD_Status_Transit_M
                0x0800f2d0        0x4 MBD_Status_Transit.o
                0x0800f2d0                MBD_Status_Transit_M
 .rodata.rtAlwaysEnabled.11569
                0x0800f2d4        0x1 MBD_Status_Transit.o
 *fill*         0x0800f2d5        0x3 
 .rodata.standardSupportedRxPacket
                0x0800f2d8       0x54 xcp_standard.o
 .rodata.daqSupportedRxPacket
                0x0800f32c       0x90 xcp_daq.o
 .rodata.calibrationSupportedRxPacket
                0x0800f3bc       0x18 xcp_calibration.o
 .rodata.STREAM_OFFSET_TAB
                0x0800f3d4        0x8 stm_usart.o
 .rodata.STREAM_OFFSET_TAB
                0x0800f3dc        0x8 adc.o
 .rodata.OFFSET_TAB_CCMRx
                0x0800f3e4        0x7 tim.o
 *fill*         0x0800f3eb        0x1 
 .rodata.SHIFT_TAB_OCxx
                0x0800f3ec        0x7 tim.o
 *fill*         0x0800f3f3        0x1 
 .rodata.STREAM_OFFSET_TAB
                0x0800f3f4        0x8 usart.o
 .rodata.AHBPrescTable
                0x0800f3fc       0x10 system_stm32f4xx.o
                0x0800f3fc                AHBPrescTable
 .rodata.APBPrescTable
                0x0800f40c        0x8 system_stm32f4xx.o
                0x0800f40c                APBPrescTable
 *fill*         0x0800f414        0x4 
 .rodata.Zero   0x0800f418       0x10 c:/progra~3/matlab/suppor~1/r2022b/3p778c~1.ins/gnuarm~1.ins/win/bin/../lib/gcc/arm-none-eabi/9.3.1/../../../../arm-none-eabi/lib/thumb/v7e-m+fp/hard\libm.a(lib_a-e_fmod.o)
                0x0800f428                . = ALIGN (0x4)

.ARM.extab      0x0800f428        0x0
                0x0800f428                . = ALIGN (0x4)
 *(.ARM.extab* .gnu.linkonce.armextab.*)
                0x0800f428                . = ALIGN (0x4)

.ARM            0x0800f428        0x8
                0x0800f428                . = ALIGN (0x4)
                0x0800f428                __exidx_start = .
 *(.ARM.exidx*)
 .ARM.exidx     0x0800f428        0x8 c:/progra~3/matlab/suppor~1/r2022b/3p778c~1.ins/gnuarm~1.ins/win/bin/../lib/gcc/arm-none-eabi/9.3.1/thumb/v7e-m+fp/hard\libgcc.a(_udivmoddi4.o)
                0x0800f430                __exidx_end = .
                0x0800f430                . = ALIGN (0x4)

.rel.dyn        0x0800f430        0x0
 .rel.iplt      0x0800f430        0x0 c:/progra~3/matlab/suppor~1/r2022b/3p778c~1.ins/gnuarm~1.ins/win/bin/../lib/gcc/arm-none-eabi/9.3.1/thumb/v7e-m+fp/hard/crtbegin.o

.preinit_array  0x0800f430        0x0
                0x0800f430                . = ALIGN (0x4)
                0x0800f430                PROVIDE (__preinit_array_start = .)
 *(.preinit_array*)
                0x0800f430                PROVIDE (__preinit_array_end = .)
                0x0800f430                . = ALIGN (0x4)

.init_array     0x0800f430        0x4
                0x0800f430                . = ALIGN (0x4)
                0x0800f430                PROVIDE (__init_array_start = .)
 *(SORT_BY_NAME(.init_array.*))
 *(.init_array*)
 .init_array    0x0800f430        0x4 c:/progra~3/matlab/suppor~1/r2022b/3p778c~1.ins/gnuarm~1.ins/win/bin/../lib/gcc/arm-none-eabi/9.3.1/thumb/v7e-m+fp/hard/crtbegin.o
                0x0800f434                PROVIDE (__init_array_end = .)
                0x0800f434                . = ALIGN (0x4)

.fini_array     0x0800f434        0x4
                0x0800f434                . = ALIGN (0x4)
                [!provide]                PROVIDE (__fini_array_start = .)
 *(SORT_BY_NAME(.fini_array.*))
 *(.fini_array*)
 .fini_array    0x0800f434        0x4 c:/progra~3/matlab/suppor~1/r2022b/3p778c~1.ins/gnuarm~1.ins/win/bin/../lib/gcc/arm-none-eabi/9.3.1/thumb/v7e-m+fp/hard/crtbegin.o
                [!provide]                PROVIDE (__fini_array_end = .)
                0x0800f438                . = ALIGN (0x4)
                0x0800f438                _sidata = LOADADDR (.data)

.data           0x20000000      0x100 load address 0x0800f438
                0x20000000                . = ALIGN (0x4)
                0x20000000                _sdata = .
 *(.data)
 *(.data*)
 .data.MBD_Status_Transit_P
                0x20000000        0x2 MBD_Status_Transit_data.o
                0x20000000                MBD_Status_Transit_P
 *fill*         0x20000002        0x6 
 .data.xcpExtmodeFinalSimulationTime
                0x20000008        0x8 xcp_ext_common.o
                0x20000008                xcpExtmodeFinalSimulationTime
 .data.xcpClassicTriggerDuration
                0x20000010        0x4 xcp_ext_classic_trigger.o
                0x20000010                xcpClassicTriggerDuration
 .data.xcpClassicTriggerArmRequest
                0x20000014        0x1 xcp_ext_classic_trigger.o
                0x20000014                xcpClassicTriggerArmRequest
 *fill*         0x20000015        0x3 
 .data.startStopDaqListId
                0x20000018        0x4 xcp_daq.o
 .data.xcpCurrentDaq
                0x2000001c        0x4 xcp_daq.o
 .data.xcpEventCustomMemoryManager
                0x20000020        0xc xcp_daq.o
 .data.xcpCtoReservedMemPoolId
                0x2000002c        0x4 xcp_transport.o
 .data.xcpMemMainBlockSizes
                0x20000030        0xc xcp_mem_default.o
 .data.xcpMemMainBlocksNumber
                0x2000003c        0xc xcp_mem_default.o
 .data.drvID    0x20000048        0x4 xcp_drv_rtiostream.o
 .data.xcpCtoReservedMemPoolId
                0x2000004c        0x4 xcp_frame_serial.o
 .data.uartObj  0x20000050       0x40 rtiostream_serial.o
                0x20000050                uartObj
 .data.uwTickFreq
                0x20000090        0x1 stm32f4xx_hal.o
                0x20000090                uwTickFreq
 *fill*         0x20000091        0x3 
 .data.SystemCoreClock
                0x20000094        0x4 system_stm32f4xx.o
                0x20000094                SystemCoreClock
 .data.__fdlib_version
                0x20000098        0x1 c:/progra~3/matlab/suppor~1/r2022b/3p778c~1.ins/gnuarm~1.ins/win/bin/../lib/gcc/arm-none-eabi/9.3.1/../../../../arm-none-eabi/lib/thumb/v7e-m+fp/hard\libm.a(lib_a-s_lib_ver.o)
                0x20000098                __fdlib_version
 *fill*         0x20000099        0x3 
 .data._impure_ptr
                0x2000009c        0x4 c:/progra~3/matlab/suppor~1/r2022b/3p778c~1.ins/gnuarm~1.ins/win/bin/../lib/gcc/arm-none-eabi/9.3.1/../../../../arm-none-eabi/lib/thumb/v7e-m+fp/hard\libg_nano.a(lib_a-impure.o)
                0x2000009c                _impure_ptr
 .data.impure_data
                0x200000a0       0x60 c:/progra~3/matlab/suppor~1/r2022b/3p778c~1.ins/gnuarm~1.ins/win/bin/../lib/gcc/arm-none-eabi/9.3.1/../../../../arm-none-eabi/lib/thumb/v7e-m+fp/hard\libg_nano.a(lib_a-impure.o)
 *(.RamFunc)
 *(.RamFunc*)
                0x20000100                . = ALIGN (0x4)
                0x20000100                _edata = .
                0x0800f538                _siccmram = LOADADDR (.ccmram)

.igot.plt       0x20000100        0x0 load address 0x0800f538
 .igot.plt      0x20000100        0x0 c:/progra~3/matlab/suppor~1/r2022b/3p778c~1.ins/gnuarm~1.ins/win/bin/../lib/gcc/arm-none-eabi/9.3.1/thumb/v7e-m+fp/hard/crtbegin.o

.ccmram         0x10000000        0x0 load address 0x0800f538
                0x10000000                . = ALIGN (0x4)
                0x10000000                _sccmram = .
 *(.ccmram)
 *(.ccmram*)
                0x10000000                . = ALIGN (0x4)
                0x10000000                _eccmram = .
                0x10000000                . = ALIGN (0x4)

.bss            0x20000100      0xef4
                0x20000100                _sbss = .
                0x20000100                __bss_start__ = _sbss
 *(.bss)
 .bss           0x20000100       0x1c c:/progra~3/matlab/suppor~1/r2022b/3p778c~1.ins/gnuarm~1.ins/win/bin/../lib/gcc/arm-none-eabi/9.3.1/thumb/v7e-m+fp/hard/crtbegin.o
 *(.bss*)
 .bss.xcpCustomTriggerFunction
                0x2000011c        0x8 xcp_ext_mode.o
 *fill*         0x20000124        0x4 
 .bss.MBD_Status_Transit_M_
                0x20000128       0x48 MBD_Status_Transit.o
 .bss.rt_ExtModeInfo.11570
                0x20000170       0x14 MBD_Status_Transit.o
 .bss.systemRan.11571
                0x20000184        0x8 MBD_Status_Transit.o
 .bss.IsrOverrun
                0x2000018c        0x4 ert_main.o
                0x2000018c                IsrOverrun
 .bss.OverrunFlag
                0x20000190        0x1 ert_main.o
 .bss.xcpModelStartRequest
                0x20000191        0x1 xcp_ext_common.o
                0x20000191                xcpModelStartRequest
 .bss.xcpModelStopRequest
                0x20000192        0x1 xcp_ext_common.o
                0x20000192                xcpModelStopRequest
 .bss.xcpModelStatus
                0x20000193        0x1 xcp_ext_common.o
                0x20000193                xcpModelStatus
 .bss.xcpModelChecksum0
                0x20000194        0x4 xcp_ext_common.o
                0x20000194                xcpModelChecksum0
 .bss.xcpModelChecksum1
                0x20000198        0x4 xcp_ext_common.o
                0x20000198                xcpModelChecksum1
 .bss.xcpModelChecksum2
                0x2000019c        0x4 xcp_ext_common.o
                0x2000019c                xcpModelChecksum2
 .bss.xcpModelChecksum3
                0x200001a0        0x4 xcp_ext_common.o
                0x200001a0                xcpModelChecksum3
 .bss.xcpModelIntegerCode
                0x200001a4        0x4 xcp_ext_common.o
                0x200001a4                xcpModelIntegerCode
 .bss.xcpExtmodeSimulationComplete
                0x200001a8        0x1 xcp_ext_common.o
                0x200001a8                xcpExtmodeSimulationComplete
 *fill*         0x200001a9        0x7 
 .bss.xcpDummyDoubleVariable
                0x200001b0        0x8 xcp_ext_common.o
                0x200001b0                xcpDummyDoubleVariable
 .bss.xcpCurrentSimulationTimeInMs
                0x200001b8        0x8 xcp_ext_common.o
                0x200001b8                xcpCurrentSimulationTimeInMs
 .bss.xcpBaseRateSimulationTime
                0x200001c0        0x8 xcp_ext_common.o
 .bss.xcpClassicTriggerEventId
                0x200001c8        0x2 xcp_ext_classic_trigger.o
                0x200001c8                xcpClassicTriggerEventId
 *fill*         0x200001ca        0x2 
 .bss.xcpClassicTriggerSignalAddress
                0x200001cc        0x4 xcp_ext_classic_trigger.o
                0x200001cc                xcpClassicTriggerSignalAddress
 .bss.xcpClassicTriggerSignalAddressExtension
                0x200001d0        0x1 xcp_ext_classic_trigger.o
                0x200001d0                xcpClassicTriggerSignalAddressExtension
 *fill*         0x200001d1        0x7 
 .bss.xcpClassicTriggerLevel
                0x200001d8        0x8 xcp_ext_classic_trigger.o
                0x200001d8                xcpClassicTriggerLevel
 .bss.xcpClassicTriggerHoldOff
                0x200001e0        0x4 xcp_ext_classic_trigger.o
                0x200001e0                xcpClassicTriggerHoldOff
 .bss.xcpClassicTriggerDelay
                0x200001e4        0x4 xcp_ext_classic_trigger.o
                0x200001e4                xcpClassicTriggerDelay
 .bss.xcpClassicTriggerDirection
                0x200001e8        0x1 xcp_ext_classic_trigger.o
                0x200001e8                xcpClassicTriggerDirection
 .bss.xcpClassicTriggerCancelRequest
                0x200001e9        0x1 xcp_ext_classic_trigger.o
                0x200001e9                xcpClassicTriggerCancelRequest
 .bss.xcpClassicTriggerSource
                0x200001ea        0x1 xcp_ext_classic_trigger.o
                0x200001ea                xcpClassicTriggerSource
 .bss.xcpClassicTriggerMode
                0x200001eb        0x1 xcp_ext_classic_trigger.o
                0x200001eb                xcpClassicTriggerMode
 .bss.xcpClassicTriggerStatus
                0x200001ec        0x1 xcp_ext_classic_trigger.o
                0x200001ec                xcpClassicTriggerStatus
 *fill*         0x200001ed        0x3 
 .bss.xcpOldSignalValue
                0x200001f0        0x8 xcp_ext_classic_trigger.o
 .bss.xcpOldSignalValueAvailable
                0x200001f8        0x1 xcp_ext_classic_trigger.o
 .bss.xcpOldClassicTriggerSource
                0x200001f9        0x1 xcp_ext_classic_trigger.o
 .bss.xcpTriggerEnabled
                0x200001fa        0x1 xcp_ext_classic_trigger.o
 .bss.xcpSignalTriggerFired
                0x200001fb        0x1 xcp_ext_classic_trigger.o
 .bss.xcpTriggerCount
                0x200001fc        0x4 xcp_ext_classic_trigger.o
 .bss.xcpForcedTriggerEnabled
                0x20000200        0x1 xcp_ext_classic_trigger.o
 .bss.xcpForceTriggerEnableRequest
                0x20000201        0x1 xcp_ext_classic_trigger.o
 .bss.initialized
                0x20000202        0x1 xcp.o
 .bss.xcpStatus
                0x20000203        0x1 xcp.o
 .bss.xcpSessionStatus
                0x20000204        0x1 xcp.o
 .bss.xcpResourceProtectionStatus
                0x20000205        0x1 xcp.o
 .bss.xcpSessionConfigurationId
                0x20000206        0x2 xcp.o
 .bss.groupPacketLookup
                0x20000208       0x10 xcp.o
 .bss.xcpMta    0x20000218        0x8 xcp_standard.o
 .bss.xcpUploadSize
                0x20000220        0x1 xcp_standard.o
 *fill*         0x20000221        0x3 
 .bss.packetLookup
                0x20000224        0x4 xcp_standard.o
 .bss.xcpDynamicDaqLists
                0x20000228        0x8 xcp_daq.o
 .bss.xcpRunningEventCounter
                0x20000230        0x4 xcp_daq.o
 .bss.daqLock   0x20000234        0x4 xcp_daq.o
 .bss.packetLookup
                0x20000238        0x4 xcp_daq.o
 .bss.packetLookup
                0x2000023c        0x4 xcp_calibration.o
 .bss.txFifo    0x20000240       0x10 xcp_transport.o
 .bss.txLock    0x20000250        0x4 xcp_transport.o
 .bss.rxFifo    0x20000254        0x8 xcp_transport.o
 .bss.rxLock    0x2000025c        0x4 xcp_transport.o
 .bss.initialized
                0x20000260        0x1 xcp_transport.o
 *fill*         0x20000261        0x3 
 .bss.xcpMemPoolDescriptors
                0x20000264       0xc0 xcp_mem_default.o
 .bss.xcpMemCustomPoolDescriptors
                0x20000324        0x8 xcp_mem_default.o
 .bss.xcpMemMainChunk
                0x2000032c      0x347 xcp_mem_default.o
 *fill*         0x20000673        0x1 
 .bss.xcpMemReservedPoolsChunk
                0x20000674      0x481 xcp_mem_default.o
 *fill*         0x20000af5        0x3 
 .bss.xcpMemReservedPoolsChunkUsedBytes
                0x20000af8        0x4 xcp_mem_default.o
 .bss.xcpMemLock
                0x20000afc        0x4 xcp_mem_default.o
 .bss.forceBlocking
                0x20000b00        0x1 xcp_drv_rtiostream.o
 *fill*         0x20000b01        0x1 
 .bss.txCounter
                0x20000b02        0x2 xcp_frame_serial.o
 .bss.rxCounter
                0x20000b04        0x2 xcp_frame_serial.o
 *fill*         0x20000b06        0x2 
 .bss.firstRxCounterReceived
                0x20000b08        0x4 xcp_frame_serial.o
 .bss.initialized
                0x20000b0c        0x1 xcp_frame_serial.o
 *fill*         0x20000b0d        0x3 
 .bss.timestampInitialized
                0x20000b10        0x4 platform_timer.o
 .bss.timestampStartTime
                0x20000b14        0x4 platform_timer.o
 .bss.currentTime.11557
                0x20000b18        0x4 platform_timer.o
 *(COMMON)
 COMMON         0x20000b1c       0x18 stm_adc_ll.o
                0x20000b1c                mw_adc1
 COMMON         0x20000b34       0x18 MBD_Status_Transit.o
                0x20000b34                MBD_Status_Transit_DW
                0x20000b44                MBD_Status_Transit_B
                0x20000b48                MBD_Status_Transit_Y
 COMMON         0x20000b4c        0x2 ert_main.o
                0x20000b4c                runModel
                0x20000b4d                stopRequested
 *fill*         0x20000b4e        0x2 
 COMMON         0x20000b50        0x8 SysTickScheduler.o
                0x20000b50                schdl_counter_max
                0x20000b54                schdl_counter
 COMMON         0x20000b58        0x4 m3m4m4f_multitasking.o
                0x20000b58                taskToSchedule
 COMMON         0x20000b5c        0xc rtiostream_serial.o
                0x20000b5c                UARTRxBuffer
                0x20000b60                mw_ext_h
                0x20000b64                UARTTxBuffer
 COMMON         0x20000b68      0x440 stm_usart.o
                0x20000b68                USART1ReceiveBuffer
                0x20000f68                mw_usart1
 COMMON         0x20000fa8       0x48 stm32f4xx_hal_timebase_tim.o
                0x20000fa8                htim2
 COMMON         0x20000ff0        0x4 stm32f4xx_hal.o
                0x20000ff0                uwTick
                0x20000ff4                . = ALIGN (0x4)
                0x20000ff4                _ebss = .
                0x20000ff4                __bss_end__ = _ebss

._user_heap_stack
                0x20000ff4      0x604
                0x20000ff8                . = ALIGN (0x8)
 *fill*         0x20000ff4        0x4 
                [!provide]                PROVIDE (end = .)
                0x20000ff8                PROVIDE (_end = .)
                0x200011f8                . = (. + _Min_Heap_Size)
 *fill*         0x20000ff8      0x200 
                0x200015f8                . = (. + _Min_Stack_Size)
 *fill*         0x200011f8      0x400 
                0x200015f8                . = ALIGN (0x8)

/DISCARD/
 libc.a(*)
 libm.a(*)
 libgcc.a(*)

.ARM.attributes
                0x00000000       0x30
 *(.ARM.attributes)
 .ARM.attributes
                0x00000000       0x1e c:/progra~3/matlab/suppor~1/r2022b/3p778c~1.ins/gnuarm~1.ins/win/bin/../lib/gcc/arm-none-eabi/9.3.1/thumb/v7e-m+fp/hard/crti.o
 .ARM.attributes
                0x0000001e       0x34 c:/progra~3/matlab/suppor~1/r2022b/3p778c~1.ins/gnuarm~1.ins/win/bin/../lib/gcc/arm-none-eabi/9.3.1/thumb/v7e-m+fp/hard/crtbegin.o
 .ARM.attributes
                0x00000052       0x34 stm_adc_ll.o
 .ARM.attributes
                0x00000086       0x34 xcp_ext_mode.o
 .ARM.attributes
                0x000000ba       0x34 MBD_Status_Transit.o
 .ARM.attributes
                0x000000ee       0x39 MBD_Status_Transit_data.o
 .ARM.attributes
                0x00000127       0x34 ert_main.o
 .ARM.attributes
                0x0000015b       0x34 xcp_ext_common.o
 .ARM.attributes
                0x0000018f       0x34 xcp_ext_classic_trigger.o
 .ARM.attributes
                0x000001c3       0x34 xcp.o
 .ARM.attributes
                0x000001f7       0x34 xcp_standard.o
 .ARM.attributes
                0x0000022b       0x34 xcp_daq.o
 .ARM.attributes
                0x0000025f       0x34 xcp_calibration.o
 .ARM.attributes
                0x00000293       0x34 xcp_fifo.o
 .ARM.attributes
                0x000002c7       0x34 xcp_transport.o
 .ARM.attributes
                0x000002fb       0x34 xcp_mem_default.o
 .ARM.attributes
                0x0000032f       0x34 xcp_drv_rtiostream.o
 .ARM.attributes
                0x00000363       0x34 xcp_utils.o
 .ARM.attributes
                0x00000397       0x34 xcp_frame_serial.o
 .ARM.attributes
                0x000003cb       0x34 xcp_ext_param_default_serial.o
 .ARM.attributes
                0x000003ff       0x34 overrideHALDelay.o
 .ARM.attributes
                0x00000433       0x34 platform_timer.o
 .ARM.attributes
                0x00000467       0x34 SysTickScheduler.o
 .ARM.attributes
                0x0000049b       0x34 m3m4m4f_multitasking.o
 .ARM.attributes
                0x000004cf       0x34 rtiostream_serial.o
 .ARM.attributes
                0x00000503       0x34 stm_usart.o
 .ARM.attributes
                0x00000537       0x34 sys_arch.o
 .ARM.attributes
                0x0000056b       0x34 main.o
 .ARM.attributes
                0x0000059f       0x34 gpio.o
 .ARM.attributes
                0x000005d3       0x34 adc.o
 .ARM.attributes
                0x00000607       0x34 dma.o
 .ARM.attributes
                0x0000063b       0x34 tim.o
 .ARM.attributes
                0x0000066f       0x34 usart.o
 .ARM.attributes
                0x000006a3       0x34 stm32f4xx_it.o
 .ARM.attributes
                0x000006d7       0x34 stm32f4xx_hal_msp.o
 .ARM.attributes
                0x0000070b       0x34 stm32f4xx_hal_timebase_tim.o
 .ARM.attributes
                0x0000073f       0x34 stm32f4xx_ll_gpio.o
 .ARM.attributes
                0x00000773       0x34 stm32f4xx_ll_adc.o
 .ARM.attributes
                0x000007a7       0x34 stm32f4xx_ll_rcc.o
 .ARM.attributes
                0x000007db       0x34 stm32f4xx_ll_utils.o
 .ARM.attributes
                0x0000080f       0x34 stm32f4xx_hal_rcc.o
 .ARM.attributes
                0x00000843       0x34 stm32f4xx_hal_cortex.o
 .ARM.attributes
                0x00000877       0x34 stm32f4xx_hal.o
 .ARM.attributes
                0x000008ab       0x34 stm32f4xx_hal_tim.o
 .ARM.attributes
                0x000008df       0x34 stm32f4xx_hal_tim_ex.o
 .ARM.attributes
                0x00000913       0x34 stm32f4xx_ll_tim.o
 .ARM.attributes
                0x00000947       0x34 stm32f4xx_ll_usart.o
 .ARM.attributes
                0x0000097b       0x34 system_stm32f4xx.o
 .ARM.attributes
                0x000009af       0x21 startup_stm32f407vetx.o
 .ARM.attributes
                0x000009d0       0x34 c:/progra~3/matlab/suppor~1/r2022b/3p778c~1.ins/gnuarm~1.ins/win/bin/../lib/gcc/arm-none-eabi/9.3.1/../../../../arm-none-eabi/lib/thumb/v7e-m+fp/hard\libm.a(lib_a-w_fmod.o)
 .ARM.attributes
                0x00000a04       0x34 c:/progra~3/matlab/suppor~1/r2022b/3p778c~1.ins/gnuarm~1.ins/win/bin/../lib/gcc/arm-none-eabi/9.3.1/../../../../arm-none-eabi/lib/thumb/v7e-m+fp/hard\libm.a(lib_a-e_fmod.o)
 .ARM.attributes
                0x00000a38       0x32 c:/progra~3/matlab/suppor~1/r2022b/3p778c~1.ins/gnuarm~1.ins/win/bin/../lib/gcc/arm-none-eabi/9.3.1/../../../../arm-none-eabi/lib/thumb/v7e-m+fp/hard\libm.a(lib_a-s_lib_ver.o)
 .ARM.attributes
                0x00000a6a       0x1e c:/progra~3/matlab/suppor~1/r2022b/3p778c~1.ins/gnuarm~1.ins/win/bin/../lib/gcc/arm-none-eabi/9.3.1/thumb/v7e-m+fp/hard\libgcc.a(_arm_addsubdf3.o)
 .ARM.attributes
                0x00000a88       0x1e c:/progra~3/matlab/suppor~1/r2022b/3p778c~1.ins/gnuarm~1.ins/win/bin/../lib/gcc/arm-none-eabi/9.3.1/thumb/v7e-m+fp/hard\libgcc.a(_arm_muldivdf3.o)
 .ARM.attributes
                0x00000aa6       0x1e c:/progra~3/matlab/suppor~1/r2022b/3p778c~1.ins/gnuarm~1.ins/win/bin/../lib/gcc/arm-none-eabi/9.3.1/thumb/v7e-m+fp/hard\libgcc.a(_arm_cmpdf2.o)
 .ARM.attributes
                0x00000ac4       0x1e c:/progra~3/matlab/suppor~1/r2022b/3p778c~1.ins/gnuarm~1.ins/win/bin/../lib/gcc/arm-none-eabi/9.3.1/thumb/v7e-m+fp/hard\libgcc.a(_arm_unorddf2.o)
 .ARM.attributes
                0x00000ae2       0x1e c:/progra~3/matlab/suppor~1/r2022b/3p778c~1.ins/gnuarm~1.ins/win/bin/../lib/gcc/arm-none-eabi/9.3.1/thumb/v7e-m+fp/hard\libgcc.a(_arm_fixunsdfsi.o)
 .ARM.attributes
                0x00000b00       0x1e c:/progra~3/matlab/suppor~1/r2022b/3p778c~1.ins/gnuarm~1.ins/win/bin/../lib/gcc/arm-none-eabi/9.3.1/thumb/v7e-m+fp/hard\libgcc.a(_aeabi_uldivmod.o)
 .ARM.attributes
                0x00000b1e       0x34 c:/progra~3/matlab/suppor~1/r2022b/3p778c~1.ins/gnuarm~1.ins/win/bin/../lib/gcc/arm-none-eabi/9.3.1/thumb/v7e-m+fp/hard\libgcc.a(_udivmoddi4.o)
 .ARM.attributes
                0x00000b52       0x1e c:/progra~3/matlab/suppor~1/r2022b/3p778c~1.ins/gnuarm~1.ins/win/bin/../lib/gcc/arm-none-eabi/9.3.1/thumb/v7e-m+fp/hard\libgcc.a(_dvmd_tls.o)
 .ARM.attributes
                0x00000b70       0x34 c:/progra~3/matlab/suppor~1/r2022b/3p778c~1.ins/gnuarm~1.ins/win/bin/../lib/gcc/arm-none-eabi/9.3.1/../../../../arm-none-eabi/lib/thumb/v7e-m+fp/hard\libg_nano.a(lib_a-errno.o)
 .ARM.attributes
                0x00000ba4       0x32 c:/progra~3/matlab/suppor~1/r2022b/3p778c~1.ins/gnuarm~1.ins/win/bin/../lib/gcc/arm-none-eabi/9.3.1/../../../../arm-none-eabi/lib/thumb/v7e-m+fp/hard\libg_nano.a(lib_a-impure.o)
 .ARM.attributes
                0x00000bd6       0x34 c:/progra~3/matlab/suppor~1/r2022b/3p778c~1.ins/gnuarm~1.ins/win/bin/../lib/gcc/arm-none-eabi/9.3.1/../../../../arm-none-eabi/lib/thumb/v7e-m+fp/hard\libg_nano.a(lib_a-init.o)
 .ARM.attributes
                0x00000c0a       0x34 c:/progra~3/matlab/suppor~1/r2022b/3p778c~1.ins/gnuarm~1.ins/win/bin/../lib/gcc/arm-none-eabi/9.3.1/../../../../arm-none-eabi/lib/thumb/v7e-m+fp/hard\libg_nano.a(lib_a-memcpy-stub.o)
 .ARM.attributes
                0x00000c3e       0x34 c:/progra~3/matlab/suppor~1/r2022b/3p778c~1.ins/gnuarm~1.ins/win/bin/../lib/gcc/arm-none-eabi/9.3.1/../../../../arm-none-eabi/lib/thumb/v7e-m+fp/hard\libg_nano.a(lib_a-memset.o)
 .ARM.attributes
                0x00000c72       0x1e c:/progra~3/matlab/suppor~1/r2022b/3p778c~1.ins/gnuarm~1.ins/win/bin/../lib/gcc/arm-none-eabi/9.3.1/thumb/v7e-m+fp/hard/crtn.o
OUTPUT(../MBD_Status_Transit.elf elf32-littlearm)
LOAD linker stubs
LOAD c:/progra~3/matlab/suppor~1/r2022b/3p778c~1.ins/gnuarm~1.ins/win/bin/../lib/gcc/arm-none-eabi/9.3.1/../../../../arm-none-eabi/lib/thumb/v7e-m+fp/hard\libc.a
LOAD c:/progra~3/matlab/suppor~1/r2022b/3p778c~1.ins/gnuarm~1.ins/win/bin/../lib/gcc/arm-none-eabi/9.3.1/../../../../arm-none-eabi/lib/thumb/v7e-m+fp/hard\libm.a
LOAD c:/progra~3/matlab/suppor~1/r2022b/3p778c~1.ins/gnuarm~1.ins/win/bin/../lib/gcc/arm-none-eabi/9.3.1/thumb/v7e-m+fp/hard\libgcc.a

.debug_info     0x00000000    0x27e61
 .debug_info    0x00000000     0x178b stm_adc_ll.o
 .debug_info    0x0000178b     0x12c6 xcp_ext_mode.o
 .debug_info    0x00002a51      0x95a MBD_Status_Transit.o
 .debug_info    0x000033ab      0x65f MBD_Status_Transit_data.o
 .debug_info    0x00003a0a     0x11da ert_main.o
 .debug_info    0x00004be4     0x1009 xcp_ext_common.o
 .debug_info    0x00005bed     0x1082 xcp_ext_classic_trigger.o
 .debug_info    0x00006c6f     0x1aed xcp.o
 .debug_info    0x0000875c     0x173b xcp_standard.o
 .debug_info    0x00009e97     0x2844 xcp_daq.o
 .debug_info    0x0000c6db     0x1011 xcp_calibration.o
 .debug_info    0x0000d6ec      0xc6d xcp_fifo.o
 .debug_info    0x0000e359     0x1179 xcp_transport.o
 .debug_info    0x0000f4d2     0x10fe xcp_mem_default.o
 .debug_info    0x000105d0      0xe96 xcp_drv_rtiostream.o
 .debug_info    0x00011466       0xe5 xcp_utils.o
 .debug_info    0x0001154b     0x10a1 xcp_frame_serial.o
 .debug_info    0x000125ec      0xb87 xcp_ext_param_default_serial.o
 .debug_info    0x00013173      0x252 overrideHALDelay.o
 .debug_info    0x000133c5      0x860 platform_timer.o
 .debug_info    0x00013c25      0x8dc SysTickScheduler.o
 .debug_info    0x00014501      0x235 m3m4m4f_multitasking.o
 .debug_info    0x00014736      0x67d rtiostream_serial.o
 .debug_info    0x00014db3     0x28c9 stm_usart.o
 .debug_info    0x0001767c      0x2e4 sys_arch.o
 .debug_info    0x00017960      0xc39 main.o
 .debug_info    0x00018599      0x56f gpio.o
 .debug_info    0x00018b08     0x136f adc.o
 .debug_info    0x00019e77      0xa23 dma.o
 .debug_info    0x0001a89a      0x984 tim.o
 .debug_info    0x0001b21e      0xa5d usart.o
 .debug_info    0x0001bc7b      0x8b4 stm32f4xx_it.o
 .debug_info    0x0001c52f      0x411 stm32f4xx_hal_msp.o
 .debug_info    0x0001c940      0xc68 stm32f4xx_hal_timebase_tim.o
 .debug_info    0x0001d5a8      0xa9e stm32f4xx_ll_gpio.o
 .debug_info    0x0001e046      0x9df stm32f4xx_ll_adc.o
 .debug_info    0x0001ea25      0x86b stm32f4xx_ll_rcc.o
 .debug_info    0x0001f290      0x9e8 stm32f4xx_ll_utils.o
 .debug_info    0x0001fc78      0x992 stm32f4xx_hal_rcc.o
 .debug_info    0x0002060a      0xed3 stm32f4xx_hal_cortex.o
 .debug_info    0x000214dd      0x9ae stm32f4xx_hal.o
 .debug_info    0x00021e8b     0x2c1e stm32f4xx_hal_tim.o
 .debug_info    0x00024aa9     0x159e stm32f4xx_hal_tim_ex.o
 .debug_info    0x00026047     0x105a stm32f4xx_ll_tim.o
 .debug_info    0x000270a1      0x820 stm32f4xx_ll_usart.o
 .debug_info    0x000278c1      0x5a0 system_stm32f4xx.o

.debug_abbrev   0x00000000     0x66a6
 .debug_abbrev  0x00000000      0x37f stm_adc_ll.o
 .debug_abbrev  0x0000037f      0x2c5 xcp_ext_mode.o
 .debug_abbrev  0x00000644      0x177 MBD_Status_Transit.o
 .debug_abbrev  0x000007bb      0x123 MBD_Status_Transit_data.o
 .debug_abbrev  0x000008de      0x2c6 ert_main.o
 .debug_abbrev  0x00000ba4      0x303 xcp_ext_common.o
 .debug_abbrev  0x00000ea7      0x29a xcp_ext_classic_trigger.o
 .debug_abbrev  0x00001141      0x407 xcp.o
 .debug_abbrev  0x00001548      0x378 xcp_standard.o
 .debug_abbrev  0x000018c0      0x412 xcp_daq.o
 .debug_abbrev  0x00001cd2      0x2e1 xcp_calibration.o
 .debug_abbrev  0x00001fb3      0x26a xcp_fifo.o
 .debug_abbrev  0x0000221d      0x338 xcp_transport.o
 .debug_abbrev  0x00002555      0x2e5 xcp_mem_default.o
 .debug_abbrev  0x0000283a      0x248 xcp_drv_rtiostream.o
 .debug_abbrev  0x00002a82       0x9a xcp_utils.o
 .debug_abbrev  0x00002b1c      0x321 xcp_frame_serial.o
 .debug_abbrev  0x00002e3d      0x216 xcp_ext_param_default_serial.o
 .debug_abbrev  0x00003053       0xd7 overrideHALDelay.o
 .debug_abbrev  0x0000312a      0x1f4 platform_timer.o
 .debug_abbrev  0x0000331e      0x21d SysTickScheduler.o
 .debug_abbrev  0x0000353b       0xf7 m3m4m4f_multitasking.o